=== Simulation batch start: Tue Apr  7 17:44:09 +08 2026 ===
[1/4] B500 continuation (0.43ns → 0.50ns)...
//mumax 3.11.1 [linux_amd64 go1.24.0(gc) CUDA-12.8]
//commit hash: 549d2a52
//CPU info: Intel(R) Core(TM) i7-14650HX, Cores: 12, MHz: 2419.210
//GPU info: NVIDIA GeForce RTX 5070 Ti Laptop GPU(12226MB), CUDA Driver 12.8, cc=12.0, using cc=120 PTX
//OS  info: Ubuntu 24.04.4 LTS, Hostname: wjl-5070ti-laptop
//Timestamp: 2026-04-07 17:44:10
//(c) Arne Vansteenkiste, Dynamat LAB, Ghent University, Belgium
//This is free software without any warranty. See license.txt
//********************************************************************//
//  If you use mumax in any work or publication,                      //
//  we kindly ask you to cite the references in references.bib        //
//********************************************************************//
//output directory: /mnt/d/Research/Hopfion/20260105_frustrated_fm/spin_wave_dynamics/amplitude_sweep/point_source/ps_srcX_vibX_1100GHz_B500_continue.out/
//starting GUI at http://127.0.0.1:35367
CellSize := 0.5e-9
SetGridSize(100, 100, 100)
SetCellSize(CellSize, CellSize, CellSize)
DefRegion(1, XRange(22.5e-9, 25e-9))
DefRegion(2, XRange(-25e-9, -22.5e-9))
DefRegion(3, YRange(22.5e-9, 25e-9))
DefRegion(4, YRange(-25e-9, -22.5e-9))
DefRegion(5, ZRange(22.5e-9, 25e-9))
DefRegion(6, ZRange(-25e-9, -22.5e-9))
DefRegionCell(7, 30, 50, 50)
EnableDemag = false
MaxErr = 1e-4
Ms := 1.5e5
Msat = Ms
A_base := 5e-12
Aex = A_base
Dbulk = 0
Dind = 0
Ku1 = 1e4
anisU = vector(0, 0, 1)
alpha = 0.001
alpha.setRegion(1, 100)
alpha.setRegion(2, 100)
alpha.setRegion(3, 100)
alpha.setRegion(4, 100)
alpha.setRegion(5, 100)
alpha.setRegion(6, 100)
A_J4 := A_base * (-0.082)
Coeff_J4 := A_J4 * 2.0 / (Ms * CellSize * CellSize)
sum_J4 := Add(Shifted(m, 2, 0, 0), Shifted(m, -2, 0, 0))
sum_J4 = Add(sum_J4, Shifted(m, 0, 2, 0))
sum_J4 = Add(sum_J4, Shifted(m, 0, -2, 0))
sum_J4 = Add(sum_J4, Shifted(m, 0, 0, 2))
sum_J4 = Add(sum_J4, Shifted(m, 0, 0, -2))
AddFieldTerm(Mul(Const(Coeff_J4), sum_J4))
A_J2 := A_base * (-0.164)
Coeff_J2 := A_J2 * 2.0 / (Ms * CellSize * CellSize)
sum_J2 := Add(Shifted(m, 1, 1, 0), Shifted(m, 1, -1, 0))
sum_J2 = Add(sum_J2, Shifted(m, -1, 1, 0))
sum_J2 = Add(sum_J2, Shifted(m, -1, -1, 0))
sum_J2 = Add(sum_J2, Shifted(m, 0, 1, 1))
sum_J2 = Add(sum_J2, Shifted(m, 0, 1, -1))
sum_J2 = Add(sum_J2, Shifted(m, 0, -1, 1))
sum_J2 = Add(sum_J2, Shifted(m, 0, -1, -1))
sum_J2 = Add(sum_J2, Shifted(m, 1, 0, 1))
sum_J2 = Add(sum_J2, Shifted(m, 1, 0, -1))
sum_J2 = Add(sum_J2, Shifted(m, -1, 0, 1))
sum_J2 = Add(sum_J2, Shifted(m, -1, 0, -1))
AddFieldTerm(Mul(Const(Coeff_J2), sum_J2))
m.LoadFile("/mnt/d/Research/Hopfion/20260105_frustrated_fm/spin_wave_dynamics/amplitude_sweep/point_source/ps_srcX_vibX_1100GHz_B500.out/m000043.ovf")
f_sw := 1100e9 * 2 * pi
B_amp := 500.0
B_ext.setRegion(7, Vector(B_amp*sin(f_sw*t), 0, 0))
autosave(m, 1e-11)
tableautosave(1e-12)
TableAdd(E_Total)
run(7e-11)
//********************************************************************//
//Please cite the following references, relevant for your simulation. //
//See bibtex file in output folder for justification.                 //
//********************************************************************//
//   * Vansteenkiste et al., AIP Adv. 4, 107133 (2014).
  Merging continuation frames into original .out...
    Copied m000001.ovf → m000044.ovf
    Copied m000002.ovf → m000045.ovf
    Copied m000003.ovf → m000046.ovf
    Copied m000004.ovf → m000047.ovf
    Copied m000005.ovf → m000048.ovf
    Copied m000006.ovf → m000049.ovf
    Copied m000007.ovf → m000050.ovf
  Table data appended.
  B500 merge complete. Total frames: 51
[1/4] B500 DONE at Tue Apr  7 18:22:33 +08 2026
[2/4] B700 (0.5ns, full run)...
//mumax 3.11.1 [linux_amd64 go1.24.0(gc) CUDA-12.8]
//commit hash: 549d2a52
//CPU info: Intel(R) Core(TM) i7-14650HX, Cores: 12, MHz: 2419.210
//GPU info: NVIDIA GeForce RTX 5070 Ti Laptop GPU(12226MB), CUDA Driver 12.8, cc=12.0, using cc=120 PTX
//OS  info: Ubuntu 24.04.4 LTS, Hostname: wjl-5070ti-laptop
//Timestamp: 2026-04-07 18:22:34
//(c) Arne Vansteenkiste, Dynamat LAB, Ghent University, Belgium
//This is free software without any warranty. See license.txt
//********************************************************************//
//  If you use mumax in any work or publication,                      //
//  we kindly ask you to cite the references in references.bib        //
//********************************************************************//
//output directory: /mnt/d/Research/Hopfion/20260105_frustrated_fm/spin_wave_dynamics/amplitude_sweep/point_source/ps_srcX_vibX_1100GHz_B700.out/
//starting GUI at http://127.0.0.1:35367
CellSize := 0.5e-9
SetGridSize(100, 100, 100)
SetCellSize(CellSize, CellSize, CellSize)
DefRegion(1, XRange(22.5e-9, 25e-9))
DefRegion(2, XRange(-25e-9, -22.5e-9))
DefRegion(3, YRange(22.5e-9, 25e-9))
DefRegion(4, YRange(-25e-9, -22.5e-9))
DefRegion(5, ZRange(22.5e-9, 25e-9))
DefRegion(6, ZRange(-25e-9, -22.5e-9))
DefRegionCell(7, 30, 50, 50)
EnableDemag = false
MaxErr = 1e-4
Ms := 1.5e5
Msat = Ms
A_base := 5e-12
Aex = A_base
Dbulk = 0
Dind = 0
Ku1 = 1e4
anisU = vector(0, 0, 1)
alpha = 0.001
alpha.setRegion(1, 100)
alpha.setRegion(2, 100)
alpha.setRegion(3, 100)
alpha.setRegion(4, 100)
alpha.setRegion(5, 100)
alpha.setRegion(6, 100)
A_J4 := A_base * (-0.082)
Coeff_J4 := A_J4 * 2.0 / (Ms * CellSize * CellSize)
sum_J4 := Add(Shifted(m, 2, 0, 0), Shifted(m, -2, 0, 0))
sum_J4 = Add(sum_J4, Shifted(m, 0, 2, 0))
sum_J4 = Add(sum_J4, Shifted(m, 0, -2, 0))
sum_J4 = Add(sum_J4, Shifted(m, 0, 0, 2))
sum_J4 = Add(sum_J4, Shifted(m, 0, 0, -2))
AddFieldTerm(Mul(Const(Coeff_J4), sum_J4))
A_J2 := A_base * (-0.164)
Coeff_J2 := A_J2 * 2.0 / (Ms * CellSize * CellSize)
sum_J2 := Add(Shifted(m, 1, 1, 0), Shifted(m, 1, -1, 0))
sum_J2 = Add(sum_J2, Shifted(m, -1, 1, 0))
sum_J2 = Add(sum_J2, Shifted(m, -1, -1, 0))
sum_J2 = Add(sum_J2, Shifted(m, 0, 1, 1))
sum_J2 = Add(sum_J2, Shifted(m, 0, 1, -1))
sum_J2 = Add(sum_J2, Shifted(m, 0, -1, 1))
sum_J2 = Add(sum_J2, Shifted(m, 0, -1, -1))
sum_J2 = Add(sum_J2, Shifted(m, 1, 0, 1))
sum_J2 = Add(sum_J2, Shifted(m, 1, 0, -1))
sum_J2 = Add(sum_J2, Shifted(m, -1, 0, 1))
sum_J2 = Add(sum_J2, Shifted(m, -1, 0, -1))
AddFieldTerm(Mul(Const(Coeff_J2), sum_J2))
m.LoadFile("/mnt/d/Research/Hopfion/20260105_frustrated_fm/centered_stability_test/stability_Ku10k.out/m000020.ovf")
f_sw := 1100e9 * 2 * pi
B_amp := 700.0
B_ext.setRegion(7, Vector(B_amp*sin(f_sw*t), 0, 0))
autosave(m, 1e-11)
tableautosave(1e-12)
TableAdd(E_Total)
run(0.5e-9)
//********************************************************************//
//Please cite the following references, relevant for your simulation. //
//See bibtex file in output folder for justification.                 //
//********************************************************************//
//   * Vansteenkiste et al., AIP Adv. 4, 107133 (2014).
[2/4] B700 DONE at Tue Apr  7 22:23:23 +08 2026
[3/4] B1000 (0.5ns, full run)...
//mumax 3.11.1 [linux_amd64 go1.24.0(gc) CUDA-12.8]
//commit hash: 549d2a52
//CPU info: Intel(R) Core(TM) i7-14650HX, Cores: 12, MHz: 2419.210
//GPU info: NVIDIA GeForce RTX 5070 Ti Laptop GPU(12226MB), CUDA Driver 12.8, cc=12.0, using cc=120 PTX
//OS  info: Ubuntu 24.04.4 LTS, Hostname: wjl-5070ti-laptop
//Timestamp: 2026-04-07 22:23:23
//(c) Arne Vansteenkiste, Dynamat LAB, Ghent University, Belgium
//This is free software without any warranty. See license.txt
//********************************************************************//
//  If you use mumax in any work or publication,                      //
//  we kindly ask you to cite the references in references.bib        //
//********************************************************************//
//output directory: /mnt/d/Research/Hopfion/20260105_frustrated_fm/spin_wave_dynamics/amplitude_sweep/point_source/ps_srcX_vibX_1100GHz_B1000.out/
//starting GUI at http://127.0.0.1:35367
CellSize := 0.5e-9
SetGridSize(100, 100, 100)
SetCellSize(CellSize, CellSize, CellSize)
DefRegion(1, XRange(22.5e-9, 25e-9))
DefRegion(2, XRange(-25e-9, -22.5e-9))
DefRegion(3, YRange(22.5e-9, 25e-9))
DefRegion(4, YRange(-25e-9, -22.5e-9))
DefRegion(5, ZRange(22.5e-9, 25e-9))
DefRegion(6, ZRange(-25e-9, -22.5e-9))
DefRegionCell(7, 30, 50, 50)
EnableDemag = false
MaxErr = 1e-4
Ms := 1.5e5
Msat = Ms
A_base := 5e-12
Aex = A_base
Dbulk = 0
Dind = 0
Ku1 = 1e4
anisU = vector(0, 0, 1)
alpha = 0.001
alpha.setRegion(1, 100)
alpha.setRegion(2, 100)
alpha.setRegion(3, 100)
alpha.setRegion(4, 100)
alpha.setRegion(5, 100)
alpha.setRegion(6, 100)
A_J4 := A_base * (-0.082)
Coeff_J4 := A_J4 * 2.0 / (Ms * CellSize * CellSize)
sum_J4 := Add(Shifted(m, 2, 0, 0), Shifted(m, -2, 0, 0))
sum_J4 = Add(sum_J4, Shifted(m, 0, 2, 0))
sum_J4 = Add(sum_J4, Shifted(m, 0, -2, 0))
sum_J4 = Add(sum_J4, Shifted(m, 0, 0, 2))
sum_J4 = Add(sum_J4, Shifted(m, 0, 0, -2))
AddFieldTerm(Mul(Const(Coeff_J4), sum_J4))
A_J2 := A_base * (-0.164)
Coeff_J2 := A_J2 * 2.0 / (Ms * CellSize * CellSize)
sum_J2 := Add(Shifted(m, 1, 1, 0), Shifted(m, 1, -1, 0))
sum_J2 = Add(sum_J2, Shifted(m, -1, 1, 0))
sum_J2 = Add(sum_J2, Shifted(m, -1, -1, 0))
sum_J2 = Add(sum_J2, Shifted(m, 0, 1, 1))
sum_J2 = Add(sum_J2, Shifted(m, 0, 1, -1))
sum_J2 = Add(sum_J2, Shifted(m, 0, -1, 1))
sum_J2 = Add(sum_J2, Shifted(m, 0, -1, -1))
sum_J2 = Add(sum_J2, Shifted(m, 1, 0, 1))
sum_J2 = Add(sum_J2, Shifted(m, 1, 0, -1))
sum_J2 = Add(sum_J2, Shifted(m, -1, 0, 1))
sum_J2 = Add(sum_J2, Shifted(m, -1, 0, -1))
AddFieldTerm(Mul(Const(Coeff_J2), sum_J2))
m.LoadFile("/mnt/d/Research/Hopfion/20260105_frustrated_fm/centered_stability_test/stability_Ku10k.out/m000020.ovf")
f_sw := 1100e9 * 2 * pi
B_amp := 1000.0
B_ext.setRegion(7, Vector(B_amp*sin(f_sw*t), 0, 0))
autosave(m, 1e-11)
tableautosave(1e-12)
TableAdd(E_Total)
run(0.5e-9)
//********************************************************************//
//Please cite the following references, relevant for your simulation. //
//See bibtex file in output folder for justification.                 //
//********************************************************************//
//   * Vansteenkiste et al., AIP Adv. 4, 107133 (2014).
[3/4] B1000 DONE at Wed Apr  8 01:34:01 +08 2026
[4/4] B2000 (0.5ns, full run)...
//mumax 3.11.1 [linux_amd64 go1.24.0(gc) CUDA-12.8]
//commit hash: 549d2a52
//CPU info: Intel(R) Core(TM) i7-14650HX, Cores: 12, MHz: 2419.210
//GPU info: NVIDIA GeForce RTX 5070 Ti Laptop GPU(12226MB), CUDA Driver 12.8, cc=12.0, using cc=120 PTX
//OS  info: Ubuntu 24.04.4 LTS, Hostname: wjl-5070ti-laptop
//Timestamp: 2026-04-08 01:34:01
//(c) Arne Vansteenkiste, Dynamat LAB, Ghent University, Belgium
//This is free software without any warranty. See license.txt
//********************************************************************//
//  If you use mumax in any work or publication,                      //
//  we kindly ask you to cite the references in references.bib        //
//********************************************************************//
//output directory: /mnt/d/Research/Hopfion/20260105_frustrated_fm/spin_wave_dynamics/amplitude_sweep/point_source/ps_srcX_vibX_1100GHz_B2000.out/
//starting GUI at http://127.0.0.1:35367
CellSize := 0.5e-9
SetGridSize(100, 100, 100)
SetCellSize(CellSize, CellSize, CellSize)
DefRegion(1, XRange(22.5e-9, 25e-9))
DefRegion(2, XRange(-25e-9, -22.5e-9))
DefRegion(3, YRange(22.5e-9, 25e-9))
DefRegion(4, YRange(-25e-9, -22.5e-9))
DefRegion(5, ZRange(22.5e-9, 25e-9))
DefRegion(6, ZRange(-25e-9, -22.5e-9))
DefRegionCell(7, 30, 50, 50)
EnableDemag = false
MaxErr = 1e-4
Ms := 1.5e5
Msat = Ms
A_base := 5e-12
Aex = A_base
Dbulk = 0
Dind = 0
Ku1 = 1e4
anisU = vector(0, 0, 1)
alpha = 0.001
alpha.setRegion(1, 100)
alpha.setRegion(2, 100)
alpha.setRegion(3, 100)
alpha.setRegion(4, 100)
alpha.setRegion(5, 100)
alpha.setRegion(6, 100)
A_J4 := A_base * (-0.082)
Coeff_J4 := A_J4 * 2.0 / (Ms * CellSize * CellSize)
sum_J4 := Add(Shifted(m, 2, 0, 0), Shifted(m, -2, 0, 0))
sum_J4 = Add(sum_J4, Shifted(m, 0, 2, 0))
sum_J4 = Add(sum_J4, Shifted(m, 0, -2, 0))
sum_J4 = Add(sum_J4, Shifted(m, 0, 0, 2))
sum_J4 = Add(sum_J4, Shifted(m, 0, 0, -2))
AddFieldTerm(Mul(Const(Coeff_J4), sum_J4))
A_J2 := A_base * (-0.164)
Coeff_J2 := A_J2 * 2.0 / (Ms * CellSize * CellSize)
sum_J2 := Add(Shifted(m, 1, 1, 0), Shifted(m, 1, -1, 0))
sum_J2 = Add(sum_J2, Shifted(m, -1, 1, 0))
sum_J2 = Add(sum_J2, Shifted(m, -1, -1, 0))
sum_J2 = Add(sum_J2, Shifted(m, 0, 1, 1))
sum_J2 = Add(sum_J2, Shifted(m, 0, 1, -1))
sum_J2 = Add(sum_J2, Shifted(m, 0, -1, 1))
sum_J2 = Add(sum_J2, Shifted(m, 0, -1, -1))
sum_J2 = Add(sum_J2, Shifted(m, 1, 0, 1))
sum_J2 = Add(sum_J2, Shifted(m, 1, 0, -1))
sum_J2 = Add(sum_J2, Shifted(m, -1, 0, 1))
sum_J2 = Add(sum_J2, Shifted(m, -1, 0, -1))
AddFieldTerm(Mul(Const(Coeff_J2), sum_J2))
m.LoadFile("/mnt/d/Research/Hopfion/20260105_frustrated_fm/centered_stability_test/stability_Ku10k.out/m000020.ovf")
f_sw := 1100e9 * 2 * pi
B_amp := 2000.0
B_ext.setRegion(7, Vector(B_amp*sin(f_sw*t), 0, 0))
autosave(m, 1e-11)
tableautosave(1e-12)
TableAdd(E_Total)
run(0.5e-9)
//********************************************************************//
//Please cite the following references, relevant for your simulation. //
//See bibtex file in output folder for justification.                 //
//********************************************************************//
//   * Vansteenkiste et al., AIP Adv. 4, 107133 (2014).
[4/4] B2000 DONE at Wed Apr  8 04:50:13 +08 2026
=== All amplitude_sweep sims complete: Wed Apr  8 04:50:13 +08 2026 ===
