\BOOKMARK [0][-]{chapter.1}{\376\377\137\025\212\000}{}% 1
\BOOKMARK [1][-]{section.1.1}{\376\377\220\011\230\230\200\314\146\157\116\016\141\017\116\111}{chapter.1}% 2
\BOOKMARK [1][-]{section.1.2}{\376\377\126\375\121\205\131\026\170\024\172\166\122\250\140\001}{chapter.1}% 3
\BOOKMARK [1][-]{section.1.3}{\376\377\147\054\145\207\166\204\170\024\172\166\121\205\133\271\116\016\172\340\202\202\133\211\143\222}{chapter.1}% 4
\BOOKMARK [0][-]{chapter.2}{\376\377\164\006\213\272\127\372\170\100}{}% 5
\BOOKMARK [1][-]{section.2.1}{\376\377\137\256\170\301\133\146\152\041\127\213}{chapter.2}% 6
\BOOKMARK [2][-]{subsection.2.1.1}{\376\377\217\336\176\355\116\313\215\050\217\321\117\074}{section.2.1}% 7
\BOOKMARK [2][-]{subsection.2.1.2}{\376\377\116\244\143\142\166\370\116\222\117\134\165\050}{section.2.1}% 8
\BOOKMARK [2][-]{subsection.2.1.3}{\376\377\000D\000z\000y\000a\000l\000o\000s\000h\000i\000n\000s\000k\000i\000i\000-\000M\000o\000r\000i\000y\000a\000\040\166\370\116\222\117\134\165\050}{section.2.1}% 9
\BOOKMARK [2][-]{subsection.2.1.4}{\376\377\170\301\146\166\124\004\124\021\137\002\140\047}{section.2.1}% 10
\BOOKMARK [2][-]{subsection.2.1.5}{\376\377\220\000\170\301\127\072}{section.2.1}% 11
\BOOKMARK [1][-]{section.2.2}{\376\377\000L\000a\000n\000d\000a\000u\000-\000L\000i\000f\000s\000h\000i\000t\000z\000-\000G\000i\000l\000b\000e\000r\000t\000\040\145\271\172\013}{chapter.2}% 12
\BOOKMARK [2][-]{subsection.2.2.1}{\376\377\201\352\145\313\217\154\171\373\122\233\167\351}{section.2.2}% 13
\BOOKMARK [2][-]{subsection.2.2.2}{\376\377\201\352\145\313\154\342\116\016\170\301\143\057\133\120}{section.2.2}% 14
\BOOKMARK [1][-]{section.2.3}{\376\377\170\301\140\047\227\015\146\156\131\053\133\120\166\204\142\323\142\121\140\047\215\050}{chapter.2}% 15
\BOOKMARK [2][-]{subsection.2.3.1}{\376\377\000H\000o\000p\000f\000\040\146\040\134\004\116\016\000\040\000H\000o\000p\000f\000\040\143\007\145\160}{section.2.3}% 16
\BOOKMARK [2][-]{subsection.2.3.2}{\376\377\227\015\146\156\131\053\133\120\166\204\162\151\164\006\176\323\147\204}{section.2.3}% 17
\BOOKMARK [1][-]{section.2.4}{\376\377\000M\000u\000m\000a\000x\0003\000\040\116\377\167\037\136\163\123\360}{chapter.2}% 18
\BOOKMARK [0][-]{chapter.3}{\376\377\116\373\141\017\147\204\127\213\000\040\227\015\146\156\131\053\133\120\000\040\166\204\164\006\213\272\152\041\127\213\116\016\172\013\136\217\123\026\147\204\136\372}{}% 19
\BOOKMARK [1][-]{section.3.1}{\376\377\227\015\146\156\131\053\133\120\000\040\164\006\213\272\152\041\127\213\126\336\230\176}{chapter.3}% 20
\BOOKMARK [2][-]{subsection.3.1.1}{\376\377\170\301\123\026\127\072\166\204\145\313\217\154\167\351\226\065\210\150\171\072}{section.3.1}% 21
\BOOKMARK [2][-]{subsection.3.1.2}{\376\377\163\257\227\142\127\120\150\007\116\013\166\204\123\302\145\160\123\026}{section.3.1}% 22
\BOOKMARK [1][-]{section.3.2}{\376\377\171\273\145\143\123\026\165\037\142\020\201\032\147\054\116\016\123\315\224\301\170\301\142\323\134\125}{chapter.3}% 23
\BOOKMARK [2][-]{subsection.3.2.1}{\376\377\172\013\136\217\123\026\171\273\145\143\116\016\177\121\150\074\147\204\136\372}{section.3.2}% 24
\BOOKMARK [2][-]{subsection.3.2.2}{\376\377\123\315\224\301\170\301\200\314\146\157}{section.3.2}% 25
\BOOKMARK [1][-]{section.3.3}{\376\377\227\015\146\156\131\053\133\120\000\040\147\204\127\213\166\204\123\357\211\306\123\026}{chapter.3}% 26
\BOOKMARK [0][-]{chapter.4}{\376\377\227\015\146\156\131\053\133\120\000\040\172\063\133\232\140\047\170\024\172\166}{}% 27
\BOOKMARK [1][-]{section.4.1}{\376\377\137\033\214\153\162\171\140\047\116\016\117\115\177\156\172\063\133\232\140\047}{chapter.4}% 28
\BOOKMARK [2][-]{subsection.4.1.1}{\376\377\152\041\127\213\213\276\177\156}{section.4.1}% 29
\BOOKMARK [2][-]{subsection.4.1.2}{\376\377\157\002\171\373\172\063\133\232\140\047\122\006\147\220}{section.4.1}% 30
\BOOKMARK [2][-]{subsection.4.1.3}{\376\377\134\105\116\055\172\063\140\001\232\214\213\301}{section.4.1}% 31
\BOOKMARK [1][-]{section.4.2}{\376\377\134\072\133\370\157\024\123\026\116\016\116\064\165\114\131\061\172\063}{chapter.4}% 32
\BOOKMARK [2][-]{subsection.4.2.1}{\376\377\124\004\124\021\137\002\140\047\133\371\172\063\133\232\140\047\166\204\137\161\124\315}{section.4.2}% 33
\BOOKMARK [2][-]{subsection.4.2.2}{\376\377\172\063\140\001\134\072\133\370}{section.4.2}% 34
\BOOKMARK [0][-]{chapter.5}{\376\377\227\015\146\156\131\053\133\120\000\040\122\250\122\233\133\146\214\003\143\247}{}% 35
\BOOKMARK [1][-]{section.5.1}{\376\377\116\377\167\037\152\041\127\213\116\016\201\352\145\313\154\342\157\300\122\261\156\220}{chapter.5}% 36
\BOOKMARK [2][-]{subsection.5.1.1}{\376\377\152\041\127\213\213\276\177\156\116\016\157\300\122\261\145\271\150\110}{section.5.1}% 37
\BOOKMARK [2][-]{subsection.5.1.2}{\376\377\136\163\227\142\156\220\116\016\160\271\156\220\166\204\133\371\153\324}{section.5.1}% 38
\BOOKMARK [1][-]{section.5.2}{\376\377\201\352\145\313\154\342\232\161\122\250\140\047\215\050}{chapter.5}% 39
\BOOKMARK [2][-]{subsection.5.2.1}{\376\377\145\271\124\021\220\011\142\351\140\047}{section.5.2}% 40
\BOOKMARK [2][-]{subsection.5.2.2}{\376\377\227\142\121\205\117\040\144\255\000\040\000s\000r\000c\000X\000\040\166\204\230\221\163\207\124\315\136\224}{section.5.2}% 41
\BOOKMARK [2][-]{subsection.5.2.3}{\376\377\217\164\124\021\117\040\144\255\000\040\000s\000r\000c\000Z\000\040\166\204\230\221\163\207\124\315\136\224}{section.5.2}% 42
\BOOKMARK [2][-]{subsection.5.2.4}{\376\377\232\161\122\250\136\105\136\246\124\315\136\224}{section.5.2}% 43
\BOOKMARK [1][-]{section.5.3}{\376\377\201\352\145\313\154\342\232\161\122\250\136\224\165\050}{chapter.5}% 44
\BOOKMARK [0][-]{chapter.6}{\376\377\171\136\176\317\137\142\140\001\213\241\173\227\122\035\153\145\143\242\175\042}{}% 45
\BOOKMARK [1][-]{section.6.1}{\376\377\227\015\146\156\131\053\133\120\000\040\122\250\122\233\133\146\162\171\137\201\116\016\171\136\176\317\121\103\122\237\200\375\166\204\174\173\153\324}{chapter.6}% 46
\BOOKMARK [1][-]{section.6.2}{\376\377\151\202\137\365\126\150\116\366\213\276\213\241}{chapter.6}% 47
\BOOKMARK [0][-]{chapter.7}{\376\377\140\073\176\323\116\016\134\125\147\033}{}% 48
\BOOKMARK [1][-]{section.7.1}{\376\377\140\073\176\323}{chapter.7}% 49
\BOOKMARK [1][-]{section.7.2}{\376\377\134\125\147\033}{chapter.7}% 50
\BOOKMARK [0][-]{chapter*.28}{\376\377\201\364\214\042}{}% 51
\BOOKMARK [0][-]{chapter*.29}{\376\377\123\302\200\003\145\207\163\056}{}% 52
