This is XeTeX, Version 3.141592653-2.6-0.999998 (TeX Live 2026) (preloaded format=xelatex 2026.3.18)  28 MAY 2026 11:54
entering extended mode
 restricted \write18 enabled.
 %&-line parsing enabled.
**main
(./main.tex
LaTeX2e <2025-11-01>
L3 programming layer <2026-01-19>
(./hduthesis.cls
Document Class: hduthesis 2025-03-23 v1.1.1 LaTeX Template Bundle for Hangzhou 
Dianzi University

(d:/Program Files (x86)/TeX Live/texlive/2026/texmf-dist/tex/latex/ctex/ctexrep
.cls
(d:/Program Files (x86)/TeX Live/texlive/2026/texmf-dist/tex/latex/ctex/config/
ctexbackend.cfg
File: ctexbackend.cfg 2022/07/14 v2.5.10 Backend configuration file (CTEX)
)
(d:/Program Files (x86)/TeX Live/texlive/2026/texmf-dist/tex/latex/l3kernel/exp
l3.sty
Package: expl3 2026-01-19 L3 programming layer (loader) 

(d:/Program Files (x86)/TeX Live/texlive/2026/texmf-dist/tex/latex/l3backend/l3
backend-xetex.def
File: l3backend-xetex.def 2025-10-09 L3 backend support: XeTeX
\g__graphics_track_int=\count271
\g__pdfannot_backend_int=\count272
\g__pdfannot_backend_link_int=\count273
))
Document Class: ctexrep 2022/07/14 v2.5.10 Chinese adapter for class report (CT
EX)

(d:/Program Files (x86)/TeX Live/texlive/2026/texmf-dist/tex/latex/ctex/ctexhoo
k.sty
Package: ctexhook 2022/07/14 v2.5.10 Document and package hooks (CTEX)
)
(d:/Program Files (x86)/TeX Live/texlive/2026/texmf-dist/tex/latex/ctex/ctexpat
ch.sty
Package: ctexpatch 2022/07/14 v2.5.10 Patching commands (CTEX)
)
(d:/Program Files (x86)/TeX Live/texlive/2026/texmf-dist/tex/latex/base/fix-cm.
sty
Package: fix-cm 2020/11/24 v1.1t fixes to LaTeX

(d:/Program Files (x86)/TeX Live/texlive/2026/texmf-dist/tex/latex/base/ts1enc.
def
File: ts1enc.def 2001/06/05 v3.0e (jk/car/fm) Standard LaTeX file
LaTeX Font Info:    Redeclaring font encoding TS1 on input line 47.
LaTeX Encoding Info:    Redeclaring text command \capitalcedilla (encoding TS1)
 on input line 49.
LaTeX Encoding Info:    Redeclaring text command \capitalogonek (encoding TS1) 
on input line 52.
LaTeX Encoding Info:    Redeclaring text command \capitalgrave (encoding TS1) o
n input line 55.
LaTeX Encoding Info:    Redeclaring text command \capitalacute (encoding TS1) o
n input line 56.
LaTeX Encoding Info:    Redeclaring text command \capitalcircumflex (encoding T
S1) on input line 57.
LaTeX Encoding Info:    Redeclaring text command \capitaltilde (encoding TS1) o
n input line 58.
LaTeX Encoding Info:    Redeclaring text command \capitaldieresis (encoding TS1
) on input line 59.
LaTeX Encoding Info:    Redeclaring text command \capitalhungarumlaut (encoding
 TS1) on input line 60.
LaTeX Encoding Info:    Redeclaring text command \capitalring (encoding TS1) on
 input line 61.
LaTeX Encoding Info:    Redeclaring text command \capitalcaron (encoding TS1) o
n input line 62.
LaTeX Encoding Info:    Redeclaring text command \capitalbreve (encoding TS1) o
n input line 63.
LaTeX Encoding Info:    Redeclaring text command \capitalmacron (encoding TS1) 
on input line 64.
LaTeX Encoding Info:    Redeclaring text command \capitaldotaccent (encoding TS
1) on input line 65.
LaTeX Encoding Info:    Redeclaring text command \t (encoding TS1) on input lin
e 66.
LaTeX Encoding Info:    Redeclaring text command \capitaltie (encoding TS1) on 
input line 67.
LaTeX Encoding Info:    Redeclaring text command \newtie (encoding TS1) on inpu
t line 68.
LaTeX Encoding Info:    Redeclaring text command \capitalnewtie (encoding TS1) 
on input line 69.
LaTeX Encoding Info:    Redeclaring text symbol \textcapitalcompwordmark (encod
ing TS1) on input line 70.
LaTeX Encoding Info:    Redeclaring text symbol \textascendercompwordmark (enco
ding TS1) on input line 71.
LaTeX Encoding Info:    Redeclaring text symbol \textquotestraightbase (encodin
g TS1) on input line 72.
LaTeX Encoding Info:    Redeclaring text symbol \textquotestraightdblbase (enco
ding TS1) on input line 73.
LaTeX Encoding Info:    Redeclaring text symbol \texttwelveudash (encoding TS1)
 on input line 74.
LaTeX Encoding Info:    Redeclaring text symbol \textthreequartersemdash (encod
ing TS1) on input line 75.
LaTeX Encoding Info:    Redeclaring text symbol \textleftarrow (encoding TS1) o
n input line 76.
LaTeX Encoding Info:    Redeclaring text symbol \textrightarrow (encoding TS1) 
on input line 77.
LaTeX Encoding Info:    Redeclaring text symbol \textblank (encoding TS1) on in
put line 78.
LaTeX Encoding Info:    Redeclaring text symbol \textdollar (encoding TS1) on i
nput line 79.
LaTeX Encoding Info:    Redeclaring text symbol \textquotesingle (encoding TS1)
 on input line 80.
LaTeX Encoding Info:    Redeclaring text command \textasteriskcentered (encodin
g TS1) on input line 81.
LaTeX Encoding Info:    Redeclaring text symbol \textdblhyphen (encoding TS1) o
n input line 92.
LaTeX Encoding Info:    Redeclaring text symbol \textfractionsolidus (encoding 
TS1) on input line 93.
LaTeX Encoding Info:    Redeclaring text symbol \textzerooldstyle (encoding TS1
) on input line 94.
LaTeX Encoding Info:    Redeclaring text symbol \textoneoldstyle (encoding TS1)
 on input line 95.
LaTeX Encoding Info:    Redeclaring text symbol \texttwooldstyle (encoding TS1)
 on input line 96.
LaTeX Encoding Info:    Redeclaring text symbol \textthreeoldstyle (encoding TS
1) on input line 97.
LaTeX Encoding Info:    Redeclaring text symbol \textfouroldstyle (encoding TS1
) on input line 98.
LaTeX Encoding Info:    Redeclaring text symbol \textfiveoldstyle (encoding TS1
) on input line 99.
LaTeX Encoding Info:    Redeclaring text symbol \textsixoldstyle (encoding TS1)
 on input line 100.
LaTeX Encoding Info:    Redeclaring text symbol \textsevenoldstyle (encoding TS
1) on input line 101.
LaTeX Encoding Info:    Redeclaring text symbol \texteightoldstyle (encoding TS
1) on input line 102.
LaTeX Encoding Info:    Redeclaring text symbol \textnineoldstyle (encoding TS1
) on input line 103.
LaTeX Encoding Info:    Redeclaring text symbol \textlangle (encoding TS1) on i
nput line 104.
LaTeX Encoding Info:    Redeclaring text symbol \textminus (encoding TS1) on in
put line 105.
LaTeX Encoding Info:    Redeclaring text symbol \textrangle (encoding TS1) on i
nput line 106.
LaTeX Encoding Info:    Redeclaring text symbol \textmho (encoding TS1) on inpu
t line 107.
LaTeX Encoding Info:    Redeclaring text symbol \textbigcircle (encoding TS1) o
n input line 108.
LaTeX Encoding Info:    Redeclaring text command \textcircled (encoding TS1) on
 input line 109.
LaTeX Encoding Info:    Redeclaring text symbol \textohm (encoding TS1) on inpu
t line 115.
LaTeX Encoding Info:    Redeclaring text symbol \textlbrackdbl (encoding TS1) o
n input line 116.
LaTeX Encoding Info:    Redeclaring text symbol \textrbrackdbl (encoding TS1) o
n input line 117.
LaTeX Encoding Info:    Redeclaring text symbol \textuparrow (encoding TS1) on 
input line 118.
LaTeX Encoding Info:    Redeclaring text symbol \textdownarrow (encoding TS1) o
n input line 119.
LaTeX Encoding Info:    Redeclaring text symbol \textasciigrave (encoding TS1) 
on input line 120.
LaTeX Encoding Info:    Redeclaring text symbol \textborn (encoding TS1) on inp
ut line 121.
LaTeX Encoding Info:    Redeclaring text symbol \textdivorced (encoding TS1) on
 input line 122.
LaTeX Encoding Info:    Redeclaring text symbol \textdied (encoding TS1) on inp
ut line 123.
LaTeX Encoding Info:    Redeclaring text symbol \textleaf (encoding TS1) on inp
ut line 124.
LaTeX Encoding Info:    Redeclaring text symbol \textmarried (encoding TS1) on 
input line 125.
LaTeX Encoding Info:    Redeclaring text symbol \textmusicalnote (encoding TS1)
 on input line 126.
LaTeX Encoding Info:    Redeclaring text symbol \texttildelow (encoding TS1) on
 input line 127.
LaTeX Encoding Info:    Redeclaring text symbol \textdblhyphenchar (encoding TS
1) on input line 128.
LaTeX Encoding Info:    Redeclaring text symbol \textasciibreve (encoding TS1) 
on input line 129.
LaTeX Encoding Info:    Redeclaring text symbol \textasciicaron (encoding TS1) 
on input line 130.
LaTeX Encoding Info:    Redeclaring text symbol \textacutedbl (encoding TS1) on
 input line 131.
LaTeX Encoding Info:    Redeclaring text symbol \textgravedbl (encoding TS1) on
 input line 132.
LaTeX Encoding Info:    Redeclaring text symbol \textdagger (encoding TS1) on i
nput line 133.
LaTeX Encoding Info:    Redeclaring text symbol \textdaggerdbl (encoding TS1) o
n input line 134.
LaTeX Encoding Info:    Redeclaring text symbol \textbardbl (encoding TS1) on i
nput line 135.
LaTeX Encoding Info:    Redeclaring text symbol \textperthousand (encoding TS1)
 on input line 136.
LaTeX Encoding Info:    Redeclaring text symbol \textbullet (encoding TS1) on i
nput line 137.
LaTeX Encoding Info:    Redeclaring text symbol \textcelsius (encoding TS1) on 
input line 138.
LaTeX Encoding Info:    Redeclaring text symbol \textdollaroldstyle (encoding T
S1) on input line 139.
LaTeX Encoding Info:    Redeclaring text symbol \textcentoldstyle (encoding TS1
) on input line 140.
LaTeX Encoding Info:    Redeclaring text symbol \textflorin (encoding TS1) on i
nput line 141.
LaTeX Encoding Info:    Redeclaring text symbol \textcolonmonetary (encoding TS
1) on input line 142.
LaTeX Encoding Info:    Redeclaring text symbol \textwon (encoding TS1) on inpu
t line 143.
LaTeX Encoding Info:    Redeclaring text symbol \textnaira (encoding TS1) on in
put line 144.
LaTeX Encoding Info:    Redeclaring text symbol \textguarani (encoding TS1) on 
input line 145.
LaTeX Encoding Info:    Redeclaring text symbol \textpeso (encoding TS1) on inp
ut line 146.
LaTeX Encoding Info:    Redeclaring text symbol \textlira (encoding TS1) on inp
ut line 147.
LaTeX Encoding Info:    Redeclaring text symbol \textrecipe (encoding TS1) on i
nput line 148.
LaTeX Encoding Info:    Redeclaring text symbol \textinterrobang (encoding TS1)
 on input line 149.
LaTeX Encoding Info:    Redeclaring text symbol \textinterrobangdown (encoding 
TS1) on input line 150.
LaTeX Encoding Info:    Redeclaring text symbol \textdong (encoding TS1) on inp
ut line 151.
LaTeX Encoding Info:    Redeclaring text symbol \texttrademark (encoding TS1) o
n input line 152.
LaTeX Encoding Info:    Redeclaring text symbol \textpertenthousand (encoding T
S1) on input line 153.
LaTeX Encoding Info:    Redeclaring text symbol \textpilcrow (encoding TS1) on 
input line 154.
LaTeX Encoding Info:    Redeclaring text symbol \textbaht (encoding TS1) on inp
ut line 155.
LaTeX Encoding Info:    Redeclaring text symbol \textnumero (encoding TS1) on i
nput line 156.
LaTeX Encoding Info:    Redeclaring text symbol \textdiscount (encoding TS1) on
 input line 157.
LaTeX Encoding Info:    Redeclaring text symbol \textestimated (encoding TS1) o
n input line 158.
LaTeX Encoding Info:    Redeclaring text symbol \textopenbullet (encoding TS1) 
on input line 159.
LaTeX Encoding Info:    Redeclaring text symbol \textservicemark (encoding TS1)
 on input line 160.
LaTeX Encoding Info:    Redeclaring text symbol \textlquill (encoding TS1) on i
nput line 161.
LaTeX Encoding Info:    Redeclaring text symbol \textrquill (encoding TS1) on i
nput line 162.
LaTeX Encoding Info:    Redeclaring text symbol \textcent (encoding TS1) on inp
ut line 163.
LaTeX Encoding Info:    Redeclaring text symbol \textsterling (encoding TS1) on
 input line 164.
LaTeX Encoding Info:    Redeclaring text symbol \textcurrency (encoding TS1) on
 input line 165.
LaTeX Encoding Info:    Redeclaring text symbol \textyen (encoding TS1) on inpu
t line 166.
LaTeX Encoding Info:    Redeclaring text symbol \textbrokenbar (encoding TS1) o
n input line 167.
LaTeX Encoding Info:    Redeclaring text symbol \textsection (encoding TS1) on 
input line 168.
LaTeX Encoding Info:    Redeclaring text symbol \textasciidieresis (encoding TS
1) on input line 169.
LaTeX Encoding Info:    Redeclaring text symbol \textcopyright (encoding TS1) o
n input line 170.
LaTeX Encoding Info:    Redeclaring text symbol \textordfeminine (encoding TS1)
 on input line 171.
LaTeX Encoding Info:    Redeclaring text symbol \textcopyleft (encoding TS1) on
 input line 172.
LaTeX Encoding Info:    Redeclaring text symbol \textlnot (encoding TS1) on inp
ut line 173.
LaTeX Encoding Info:    Redeclaring text symbol \textcircledP (encoding TS1) on
 input line 174.
LaTeX Encoding Info:    Redeclaring text symbol \textregistered (encoding TS1) 
on input line 175.
LaTeX Encoding Info:    Redeclaring text symbol \textasciimacron (encoding TS1)
 on input line 176.
LaTeX Encoding Info:    Redeclaring text symbol \textdegree (encoding TS1) on i
nput line 177.
LaTeX Encoding Info:    Redeclaring text symbol \textpm (encoding TS1) on input
 line 178.
LaTeX Encoding Info:    Redeclaring text symbol \texttwosuperior (encoding TS1)
 on input line 179.
LaTeX Encoding Info:    Redeclaring text symbol \textthreesuperior (encoding TS
1) on input line 180.
LaTeX Encoding Info:    Redeclaring text symbol \textasciiacute (encoding TS1) 
on input line 181.
LaTeX Encoding Info:    Redeclaring text symbol \textmu (encoding TS1) on input
 line 182.
LaTeX Encoding Info:    Redeclaring text symbol \textparagraph (encoding TS1) o
n input line 183.
LaTeX Encoding Info:    Redeclaring text symbol \textperiodcentered (encoding T
S1) on input line 184.
LaTeX Encoding Info:    Redeclaring text symbol \textreferencemark (encoding TS
1) on input line 185.
LaTeX Encoding Info:    Redeclaring text symbol \textonesuperior (encoding TS1)
 on input line 186.
LaTeX Encoding Info:    Redeclaring text symbol \textordmasculine (encoding TS1
) on input line 187.
LaTeX Encoding Info:    Redeclaring text symbol \textsurd (encoding TS1) on inp
ut line 188.
LaTeX Encoding Info:    Redeclaring text symbol \textonequarter (encoding TS1) 
on input line 189.
LaTeX Encoding Info:    Redeclaring text symbol \textonehalf (encoding TS1) on 
input line 190.
LaTeX Encoding Info:    Redeclaring text symbol \textthreequarters (encoding TS
1) on input line 191.
LaTeX Encoding Info:    Redeclaring text symbol \texteuro (encoding TS1) on inp
ut line 192.
LaTeX Encoding Info:    Redeclaring text symbol \texttimes (encoding TS1) on in
put line 193.
LaTeX Encoding Info:    Redeclaring text symbol \textdiv (encoding TS1) on inpu
t line 194.
))
\l__ctex_tmp_int=\count274
\l__ctex_tmp_box=\box53
\l__ctex_tmp_dim=\dimen148
\g__ctex_section_depth_int=\count275
\g__ctex_font_size_int=\count276

(d:/Program Files (x86)/TeX Live/texlive/2026/texmf-dist/tex/latex/ctex/config/
ctexopts.cfg
File: ctexopts.cfg 2022/07/14 v2.5.10 Option configuration file (CTEX)
)
(d:/Program Files (x86)/TeX Live/texlive/2026/texmf-dist/tex/latex/base/report.
cls
Document Class: report 2025/01/22 v1.4n Standard LaTeX document class

(d:/Program Files (x86)/TeX Live/texlive/2026/texmf-dist/tex/latex/base/size12.
clo
File: size12.clo 2025/01/22 v1.4n Standard LaTeX file (size option)
)
\c@part=\count277
\c@chapter=\count278
\c@section=\count279
\c@subsection=\count280
\c@subsubsection=\count281
\c@paragraph=\count282
\c@subparagraph=\count283
\c@figure=\count284
\c@table=\count285
\abovecaptionskip=\skip49
\belowcaptionskip=\skip50
\bibindent=\dimen149
)
(d:/Program Files (x86)/TeX Live/texlive/2026/texmf-dist/tex/latex/ctex/engine/
ctex-engine-xetex.def
File: ctex-engine-xetex.def 2022/07/14 v2.5.10 XeLaTeX adapter (CTEX)

(d:/Program Files (x86)/TeX Live/texlive/2026/texmf-dist/tex/xelatex/xecjk/xeCJ
K.sty
Package: xeCJK 2022/08/05 v3.9.1 Typesetting CJK scripts with XeLaTeX

(d:/Program Files (x86)/TeX Live/texlive/2026/texmf-dist/tex/latex/l3packages/x
template/xtemplate.sty
Package: xtemplate 2025-10-09 L3 Experimental prototype document functions
)
\l__xeCJK_tmp_int=\count286
\l__xeCJK_tmp_box=\box54
\l__xeCJK_tmp_dim=\dimen150
\l__xeCJK_tmp_skip=\skip51
\g__xeCJK_space_factor_int=\count287
\l__xeCJK_begin_int=\count288
\l__xeCJK_end_int=\count289
\c__xeCJK_CJK_class_int=\XeTeXcharclass1
\c__xeCJK_FullLeft_class_int=\XeTeXcharclass2
\c__xeCJK_FullRight_class_int=\XeTeXcharclass3
\c__xeCJK_HalfLeft_class_int=\XeTeXcharclass4
\c__xeCJK_HalfRight_class_int=\XeTeXcharclass5
\c__xeCJK_NormalSpace_class_int=\XeTeXcharclass6
\c__xeCJK_CM_class_int=\XeTeXcharclass7
\c__xeCJK_HangulJamo_class_int=\XeTeXcharclass8
\l__xeCJK_last_skip=\skip52
\c__xeCJK_none_node=\count290
\g__xeCJK_node_int=\count291
\c__xeCJK_CJK_node_dim=\dimen151
\c__xeCJK_CJK-space_node_dim=\dimen152
\c__xeCJK_default_node_dim=\dimen153
\c__xeCJK_CJK-widow_node_dim=\dimen154
\c__xeCJK_normalspace_node_dim=\dimen155
\c__xeCJK_default-space_node_skip=\skip53
\l__xeCJK_ccglue_skip=\skip54
\l__xeCJK_ecglue_skip=\skip55
\l__xeCJK_punct_kern_skip=\skip56
\l__xeCJK_indent_box=\box55
\l__xeCJK_last_penalty_int=\count292
\l__xeCJK_last_bound_dim=\dimen156
\l__xeCJK_last_kern_dim=\dimen157
\l__xeCJK_widow_penalty_int=\count293

LaTeX template Info: Declaring template type 'xeCJK/punctuation' taking 0
(template)           argument(s) on line 2396.

\l__xeCJK_fixed_punct_width_dim=\dimen158
\l__xeCJK_mixed_punct_width_dim=\dimen159
\l__xeCJK_middle_punct_width_dim=\dimen160
\l__xeCJK_fixed_margin_width_dim=\dimen161
\l__xeCJK_mixed_margin_width_dim=\dimen162
\l__xeCJK_middle_margin_width_dim=\dimen163
\l__xeCJK_bound_punct_width_dim=\dimen164
\l__xeCJK_bound_margin_width_dim=\dimen165
\l__xeCJK_margin_minimum_dim=\dimen166
\l__xeCJK_kerning_total_width_dim=\dimen167
\l__xeCJK_same_align_margin_dim=\dimen168
\l__xeCJK_different_align_margin_dim=\dimen169
\l__xeCJK_kerning_margin_width_dim=\dimen170
\l__xeCJK_kerning_margin_minimum_dim=\dimen171
\l__xeCJK_bound_dim=\dimen172
\l__xeCJK_reverse_bound_dim=\dimen173
\l__xeCJK_margin_dim=\dimen174
\l__xeCJK_minimum_bound_dim=\dimen175
\l__xeCJK_kerning_margin_dim=\dimen176
\g__xeCJK_family_int=\count294
\l__xeCJK_fam_int=\count295
\g__xeCJK_fam_allocation_int=\count296
\l__xeCJK_verb_case_int=\count297
\l__xeCJK_verb_exspace_skip=\skip57

(d:/Program Files (x86)/TeX Live/texlive/2026/texmf-dist/tex/latex/fontspec/fon
tspec.sty
(d:/Program Files (x86)/TeX Live/texlive/2026/texmf-dist/tex/latex/l3packages/x
parse/xparse.sty
Package: xparse 2025-10-09 L3 Experimental document command parser
)
Package: fontspec 2025/09/29 v2.9g Font selection for XeLaTeX and LuaLaTeX

(d:/Program Files (x86)/TeX Live/texlive/2026/texmf-dist/tex/latex/fontspec/fon
tspec-xetex.sty
Package: fontspec-xetex 2025/09/29 v2.9g Font selection for XeLaTeX and LuaLaTe
X
\l__fontspec_script_int=\count298
\l__fontspec_language_int=\count299
\l__fontspec_strnum_int=\count300
\l__fontspec_tmp_int=\count301
\l__fontspec_tmpa_int=\count302
\l__fontspec_tmpb_int=\count303
\l__fontspec_tmpc_int=\count304
\l__fontspec_em_int=\count305
\l__fontspec_emdef_int=\count306
\l__fontspec_strong_int=\count307
\l__fontspec_strongdef_int=\count308
\l__fontspec_tmpa_dim=\dimen177
\l__fontspec_tmpb_dim=\dimen178
\l__fontspec_tmpc_dim=\dimen179

(d:/Program Files (x86)/TeX Live/texlive/2026/texmf-dist/tex/latex/base/fontenc
.sty
Package: fontenc 2025/07/18 v2.1d Standard LaTeX package
)
(d:/Program Files (x86)/TeX Live/texlive/2026/texmf-dist/tex/latex/fontspec/fon
tspec.cfg)))
(d:/Program Files (x86)/TeX Live/texlive/2026/texmf-dist/tex/xelatex/xecjk/xeCJ
K.cfg
File: xeCJK.cfg 2022/08/05 v3.9.1 Configuration file for xeCJK package
))
\ccwd=\dimen180
\l__ctex_ccglue_skip=\skip58
)
\l__ctex_ziju_dim=\dimen181

(d:/Program Files (x86)/TeX Live/texlive/2026/texmf-dist/tex/latex/zhnumber/zhn
umber.sty
Package: zhnumber 2022/07/14 v3.0 Typesetting numbers with Chinese glyphs
\l__zhnum_scale_int=\count309
\l__zhnum_tmp_int=\count310

(d:/Program Files (x86)/TeX Live/texlive/2026/texmf-dist/tex/latex/zhnumber/zhn
umber-utf8.cfg
File: zhnumber-utf8.cfg 2022/07/14 v3.0 Chinese numerals with UTF8 encoding
))
\l__ctex_heading_skip=\skip59

(d:/Program Files (x86)/TeX Live/texlive/2026/texmf-dist/tex/latex/ctex/scheme/
ctex-scheme-chinese-report.def
File: ctex-scheme-chinese-report.def 2022/07/14 v2.5.10 Chinese scheme for repo
rt (CTEX)

(d:/Program Files (x86)/TeX Live/texlive/2026/texmf-dist/tex/latex/ctex/config/
ctex-name-utf8.cfg
File: ctex-name-utf8.cfg 2022/07/14 v2.5.10 Caption with encoding UTF-8 (CTEX)
))
(d:/Program Files (x86)/TeX Live/texlive/2026/texmf-dist/tex/latex/ctex/ctex-cs
4size.clo
File: ctex-cs4size.clo 2022/07/14 v2.5.10 cs4size option (CTEX)
)
(d:/Program Files (x86)/TeX Live/texlive/2026/texmf-dist/tex/latex/ctex/fontset
/ctex-fontset-windows.def
File: ctex-fontset-windows.def 2022/07/14 v2.5.10 Windows fonts definition (CTE
X)
))
(d:/Program Files (x86)/TeX Live/texlive/2026/texmf-dist/tex/latex/ctex/config/
ctex.cfg
File: ctex.cfg 2022/07/14 v2.5.10 Configuration file (CTEX)
)
(d:/Program Files (x86)/TeX Live/texlive/2026/texmf-dist/tex/latex/hyperref/hyp
erref.sty
Package: hyperref 2026-01-29 v7.01p Hypertext links for LaTeX

(d:/Program Files (x86)/TeX Live/texlive/2026/texmf-dist/tex/generic/iftex/ifte
x.sty
Package: iftex 2024/12/12 v1.0g TeX engine tests
)
(d:/Program Files (x86)/TeX Live/texlive/2026/texmf-dist/tex/latex/graphics/key
val.sty
Package: keyval 2022/05/29 v1.15 key=value parser (DPC)
\KV@toks@=\toks17
)
(d:/Program Files (x86)/TeX Live/texlive/2026/texmf-dist/tex/latex/kvsetkeys/kv
setkeys.sty
Package: kvsetkeys 2022-10-05 v1.19 Key value parser (HO)
)
(d:/Program Files (x86)/TeX Live/texlive/2026/texmf-dist/tex/generic/kvdefineke
ys/kvdefinekeys.sty
Package: kvdefinekeys 2019-12-19 v1.6 Define keys (HO)
)
(d:/Program Files (x86)/TeX Live/texlive/2026/texmf-dist/tex/generic/pdfescape/
pdfescape.sty
Package: pdfescape 2019/12/09 v1.15 Implements pdfTeX's escape features (HO)

(d:/Program Files (x86)/TeX Live/texlive/2026/texmf-dist/tex/generic/ltxcmds/lt
xcmds.sty
Package: ltxcmds 2023-12-04 v1.26 LaTeX kernel commands for general use (HO)
)
(d:/Program Files (x86)/TeX Live/texlive/2026/texmf-dist/tex/generic/pdftexcmds
/pdftexcmds.sty
Package: pdftexcmds 2020-06-27 v0.33 Utility functions of pdfTeX for LuaTeX (HO
)

(d:/Program Files (x86)/TeX Live/texlive/2026/texmf-dist/tex/generic/infwarerr/
infwarerr.sty
Package: infwarerr 2019/12/03 v1.5 Providing info/warning/error messages (HO)
)
Package pdftexcmds Info: \pdf@primitive is available.
Package pdftexcmds Info: \pdf@ifprimitive is available.
Package pdftexcmds Info: \pdfdraftmode not found.
))
(d:/Program Files (x86)/TeX Live/texlive/2026/texmf-dist/tex/latex/hycolor/hyco
lor.sty
Package: hycolor 2020-01-27 v1.10 Color options for hyperref/bookmark (HO)
)
(d:/Program Files (x86)/TeX Live/texlive/2026/texmf-dist/tex/latex/hyperref/nam
eref.sty
Package: nameref 2026-01-29 v2.58 Cross-referencing by name of section

(d:/Program Files (x86)/TeX Live/texlive/2026/texmf-dist/tex/latex/refcount/ref
count.sty
Package: refcount 2019/12/15 v3.6 Data extraction from label references (HO)
)
(d:/Program Files (x86)/TeX Live/texlive/2026/texmf-dist/tex/generic/gettitlest
ring/gettitlestring.sty
Package: gettitlestring 2019/12/15 v1.6 Cleanup title references (HO)

(d:/Program Files (x86)/TeX Live/texlive/2026/texmf-dist/tex/latex/kvoptions/kv
options.sty
Package: kvoptions 2022-06-15 v3.15 Key value format for package options (HO)
))
\c@section@level=\count311
)
(d:/Program Files (x86)/TeX Live/texlive/2026/texmf-dist/tex/latex/etoolbox/eto
olbox.sty
Package: etoolbox 2025/10/02 v2.5m e-TeX tools for LaTeX (JAW)
\etb@tempcnta=\count312
)
(d:/Program Files (x86)/TeX Live/texlive/2026/texmf-dist/tex/generic/stringenc/
stringenc.sty
Package: stringenc 2019/11/29 v1.12 Convert strings between diff. encodings (HO
)
)
\@linkdim=\dimen182
\Hy@linkcounter=\count313
\Hy@pagecounter=\count314

(d:/Program Files (x86)/TeX Live/texlive/2026/texmf-dist/tex/latex/hyperref/pd1
enc.def
File: pd1enc.def 2026-01-29 v7.01p Hyperref: PDFDocEncoding definition (HO)
)
(d:/Program Files (x86)/TeX Live/texlive/2026/texmf-dist/tex/generic/intcalc/in
tcalc.sty
Package: intcalc 2019/12/15 v1.3 Expandable calculations with integers (HO)
)
\Hy@SavedSpaceFactor=\count315

(d:/Program Files (x86)/TeX Live/texlive/2026/texmf-dist/tex/latex/hyperref/pue
nc.def
File: puenc.def 2026-01-29 v7.01p Hyperref: PDF Unicode definition (HO)
)
Package hyperref Info: Option `unicode' set `true' on input line 4072.
Package hyperref Info: Hyper figures OFF on input line 4201.
Package hyperref Info: Link nesting OFF on input line 4206.
Package hyperref Info: Hyper index ON on input line 4209.
Package hyperref Info: Plain pages OFF on input line 4216.
Package hyperref Info: Backreferencing OFF on input line 4221.
Package hyperref Info: Implicit mode ON; LaTeX internals redefined.
Package hyperref Info: Bookmarks ON on input line 4468.
\c@Hy@tempcnt=\count316

(d:/Program Files (x86)/TeX Live/texlive/2026/texmf-dist/tex/latex/url/url.sty
\Urlmuskip=\muskip17
Package: url 2013/09/16  ver 3.4  Verb mode for urls, etc.
)
LaTeX Info: Redefining \url on input line 4807.
\XeTeXLinkMargin=\dimen183

(d:/Program Files (x86)/TeX Live/texlive/2026/texmf-dist/tex/generic/bitset/bit
set.sty
Package: bitset 2019/12/09 v1.3 Handle bit-vector datatype (HO)

(d:/Program Files (x86)/TeX Live/texlive/2026/texmf-dist/tex/generic/bigintcalc
/bigintcalc.sty
Package: bigintcalc 2019/12/15 v1.5 Expandable calculations on big integers (HO
)
))
\Fld@menulength=\count317
\Field@Width=\dimen184
\Fld@charsize=\dimen185
Package hyperref Info: Hyper figures OFF on input line 6084.
Package hyperref Info: Link nesting OFF on input line 6089.
Package hyperref Info: Hyper index ON on input line 6092.
Package hyperref Info: backreferencing OFF on input line 6099.
Package hyperref Info: Link coloring OFF on input line 6104.
Package hyperref Info: Link coloring with OCG OFF on input line 6109.
Package hyperref Info: PDF/A mode OFF on input line 6114.
\Hy@abspage=\count318
\c@Item=\count319
\c@Hfootnote=\count320
)
Package hyperref Info: Driver (autodetected): hxetex.

(d:/Program Files (x86)/TeX Live/texlive/2026/texmf-dist/tex/latex/hyperref/hxe
tex.def
File: hxetex.def 2026-01-29 v7.01p Hyperref driver for XeTeX
\pdfm@box=\box56
\c@Hy@AnnotLevel=\count321
\HyField@AnnotCount=\count322
\Fld@listcount=\count323
\c@bookmark@seq@number=\count324

(d:/Program Files (x86)/TeX Live/texlive/2026/texmf-dist/tex/latex/rerunfileche
ck/rerunfilecheck.sty
Package: rerunfilecheck 2025-06-21 v1.11 Rerun checks for auxiliary files (HO)

(d:/Program Files (x86)/TeX Live/texlive/2026/texmf-dist/tex/generic/uniquecoun
ter/uniquecounter.sty
Package: uniquecounter 2019/12/15 v1.4 Provide unlimited unique counter (HO)
)
Package uniquecounter Info: New unique counter `rerunfilecheck' on input line 2
84.
)
\Hy@SectionHShift=\skip60
) (./hdu-typeset.code.tex
File: hdu-typeset.code.tex 2025-03-23 v1.1.1 hduThesiS Typeset Module

(d:/Program Files (x86)/TeX Live/texlive/2026/texmf-dist/tex/latex/circuitikz/c
ircuitikz.sty
Package: circuitikz 2026/02/04{} The CircuiTikz circuit drawing package version
 1.8.5

(d:/Program Files (x86)/TeX Live/texlive/2026/texmf-dist/tex/latex/pgf/frontend
layer/tikz.sty
(d:/Program Files (x86)/TeX Live/texlive/2026/texmf-dist/tex/latex/pgf/basiclay
er/pgf.sty
(d:/Program Files (x86)/TeX Live/texlive/2026/texmf-dist/tex/latex/pgf/utilitie
s/pgfrcs.sty
(d:/Program Files (x86)/TeX Live/texlive/2026/texmf-dist/tex/generic/pgf/utilit
ies/pgfutil-common.tex
\pgfutil@everybye=\toks18
\pgfutil@tempdima=\dimen186
\pgfutil@tempdimb=\dimen187
)
(d:/Program Files (x86)/TeX Live/texlive/2026/texmf-dist/tex/generic/pgf/utilit
ies/pgfutil-latex.def
\pgfutil@abb=\box57
)
(d:/Program Files (x86)/TeX Live/texlive/2026/texmf-dist/tex/generic/pgf/utilit
ies/pgfrcs.code.tex
(d:/Program Files (x86)/TeX Live/texlive/2026/texmf-dist/tex/generic/pgf/pgf.re
vision.tex)
Package: pgfrcs 2025-08-29 v3.1.11a (3.1.11a)
))
Package: pgf 2025-08-29 v3.1.11a (3.1.11a)

(d:/Program Files (x86)/TeX Live/texlive/2026/texmf-dist/tex/latex/pgf/basiclay
er/pgfcore.sty
(d:/Program Files (x86)/TeX Live/texlive/2026/texmf-dist/tex/latex/graphics/gra
phicx.sty
Package: graphicx 2024/12/31 v1.2e Enhanced LaTeX Graphics (DPC,SPQR)

(d:/Program Files (x86)/TeX Live/texlive/2026/texmf-dist/tex/latex/graphics/gra
phics.sty
Package: graphics 2024/08/06 v1.4g Standard LaTeX Graphics (DPC,SPQR)

(d:/Program Files (x86)/TeX Live/texlive/2026/texmf-dist/tex/latex/graphics/tri
g.sty
Package: trig 2023/12/02 v1.11 sin cos tan (DPC)
)
(d:/Program Files (x86)/TeX Live/texlive/2026/texmf-dist/tex/latex/graphics-cfg
/graphics.cfg
File: graphics.cfg 2016/06/04 v1.11 sample graphics configuration
)
Package graphics Info: Driver file: xetex.def on input line 106.

(d:/Program Files (x86)/TeX Live/texlive/2026/texmf-dist/tex/latex/graphics-def
/xetex.def
File: xetex.def 2025/11/01 v5.0p Graphics/color driver for xetex
))
\Gin@req@height=\dimen188
\Gin@req@width=\dimen189
)
(d:/Program Files (x86)/TeX Live/texlive/2026/texmf-dist/tex/latex/pgf/systemla
yer/pgfsys.sty
(d:/Program Files (x86)/TeX Live/texlive/2026/texmf-dist/tex/generic/pgf/system
layer/pgfsys.code.tex
Package: pgfsys 2025-08-29 v3.1.11a (3.1.11a)

(d:/Program Files (x86)/TeX Live/texlive/2026/texmf-dist/tex/generic/pgf/utilit
ies/pgfkeys.code.tex
\pgfkeys@pathtoks=\toks19
\pgfkeys@temptoks=\toks20

(d:/Program Files (x86)/TeX Live/texlive/2026/texmf-dist/tex/generic/pgf/utilit
ies/pgfkeyslibraryfiltered.code.tex
\pgfkeys@tmptoks=\toks21
))
\pgf@x=\dimen190
\pgf@y=\dimen191
\pgf@xa=\dimen192
\pgf@ya=\dimen193
\pgf@xb=\dimen194
\pgf@yb=\dimen195
\pgf@xc=\dimen196
\pgf@yc=\dimen197
\pgf@xd=\dimen198
\pgf@yd=\dimen199
\w@pgf@writea=\write3
\r@pgf@reada=\read2
\c@pgf@counta=\count325
\c@pgf@countb=\count326
\c@pgf@countc=\count327
\c@pgf@countd=\count328
\t@pgf@toka=\toks22
\t@pgf@tokb=\toks23
\t@pgf@tokc=\toks24
\pgf@sys@id@count=\count329

(d:/Program Files (x86)/TeX Live/texlive/2026/texmf-dist/tex/generic/pgf/system
layer/pgf.cfg
File: pgf.cfg 2025-08-29 v3.1.11a (3.1.11a)
)
Driver file for pgf: pgfsys-xetex.def

(d:/Program Files (x86)/TeX Live/texlive/2026/texmf-dist/tex/generic/pgf/system
layer/pgfsys-xetex.def
File: pgfsys-xetex.def 2025-08-29 v3.1.11a (3.1.11a)

(d:/Program Files (x86)/TeX Live/texlive/2026/texmf-dist/tex/generic/pgf/system
layer/pgfsys-dvipdfmx.def
File: pgfsys-dvipdfmx.def 2025-08-29 v3.1.11a (3.1.11a)

(d:/Program Files (x86)/TeX Live/texlive/2026/texmf-dist/tex/generic/pgf/system
layer/pgfsys-common-pdf.def
File: pgfsys-common-pdf.def 2025-08-29 v3.1.11a (3.1.11a)
)
\pgfsys@objnum=\count330
)))
(d:/Program Files (x86)/TeX Live/texlive/2026/texmf-dist/tex/generic/pgf/system
layer/pgfsyssoftpath.code.tex
File: pgfsyssoftpath.code.tex 2025-08-29 v3.1.11a (3.1.11a)
\pgfsyssoftpath@smallbuffer@items=\count331
\pgfsyssoftpath@bigbuffer@items=\count332
)
(d:/Program Files (x86)/TeX Live/texlive/2026/texmf-dist/tex/generic/pgf/system
layer/pgfsysprotocol.code.tex
File: pgfsysprotocol.code.tex 2025-08-29 v3.1.11a (3.1.11a)
))
(d:/Program Files (x86)/TeX Live/texlive/2026/texmf-dist/tex/latex/xcolor/xcolo
r.sty
Package: xcolor 2024/09/29 v3.02 LaTeX color extensions (UK)

(d:/Program Files (x86)/TeX Live/texlive/2026/texmf-dist/tex/latex/graphics-cfg
/color.cfg
File: color.cfg 2016/01/02 v1.6 sample color configuration
)
Package xcolor Info: Driver file: xetex.def on input line 274.

(d:/Program Files (x86)/TeX Live/texlive/2026/texmf-dist/tex/latex/graphics/mat
hcolor.ltx)
Package xcolor Info: Model `cmy' substituted by `cmy0' on input line 1349.
Package xcolor Info: Model `RGB' extended on input line 1365.
Package xcolor Info: Model `HTML' substituted by `rgb' on input line 1367.
Package xcolor Info: Model `Hsb' substituted by `hsb' on input line 1368.
Package xcolor Info: Model `tHsb' substituted by `hsb' on input line 1369.
Package xcolor Info: Model `HSB' substituted by `hsb' on input line 1370.
Package xcolor Info: Model `Gray' substituted by `gray' on input line 1371.
Package xcolor Info: Model `wave' substituted by `hsb' on input line 1372.
)
(d:/Program Files (x86)/TeX Live/texlive/2026/texmf-dist/tex/generic/pgf/basicl
ayer/pgfcore.code.tex
Package: pgfcore 2025-08-29 v3.1.11a (3.1.11a)

(d:/Program Files (x86)/TeX Live/texlive/2026/texmf-dist/tex/generic/pgf/math/p
gfmath.code.tex
(d:/Program Files (x86)/TeX Live/texlive/2026/texmf-dist/tex/generic/pgf/math/p
gfmathutil.code.tex)
(d:/Program Files (x86)/TeX Live/texlive/2026/texmf-dist/tex/generic/pgf/math/p
gfmathparser.code.tex
\pgfmath@dimen=\dimen256
\pgfmath@count=\count333
\pgfmath@box=\box58
\pgfmath@toks=\toks25
\pgfmath@stack@operand=\toks26
\pgfmath@stack@operation=\toks27
)
(d:/Program Files (x86)/TeX Live/texlive/2026/texmf-dist/tex/generic/pgf/math/p
gfmathfunctions.code.tex)
(d:/Program Files (x86)/TeX Live/texlive/2026/texmf-dist/tex/generic/pgf/math/p
gfmathfunctions.basic.code.tex)
(d:/Program Files (x86)/TeX Live/texlive/2026/texmf-dist/tex/generic/pgf/math/p
gfmathfunctions.trigonometric.code.tex)
(d:/Program Files (x86)/TeX Live/texlive/2026/texmf-dist/tex/generic/pgf/math/p
gfmathfunctions.random.code.tex)
(d:/Program Files (x86)/TeX Live/texlive/2026/texmf-dist/tex/generic/pgf/math/p
gfmathfunctions.comparison.code.tex)
(d:/Program Files (x86)/TeX Live/texlive/2026/texmf-dist/tex/generic/pgf/math/p
gfmathfunctions.base.code.tex)
(d:/Program Files (x86)/TeX Live/texlive/2026/texmf-dist/tex/generic/pgf/math/p
gfmathfunctions.round.code.tex)
(d:/Program Files (x86)/TeX Live/texlive/2026/texmf-dist/tex/generic/pgf/math/p
gfmathfunctions.misc.code.tex)
(d:/Program Files (x86)/TeX Live/texlive/2026/texmf-dist/tex/generic/pgf/math/p
gfmathfunctions.integerarithmetics.code.tex)
(d:/Program Files (x86)/TeX Live/texlive/2026/texmf-dist/tex/generic/pgf/math/p
gfmathcalc.code.tex)
(d:/Program Files (x86)/TeX Live/texlive/2026/texmf-dist/tex/generic/pgf/math/p
gfmathfloat.code.tex
\c@pgfmathroundto@lastzeros=\count334
))
(d:/Program Files (x86)/TeX Live/texlive/2026/texmf-dist/tex/generic/pgf/math/p
gfint.code.tex)
(d:/Program Files (x86)/TeX Live/texlive/2026/texmf-dist/tex/generic/pgf/basicl
ayer/pgfcorepoints.code.tex
File: pgfcorepoints.code.tex 2025-08-29 v3.1.11a (3.1.11a)
\pgf@picminx=\dimen257
\pgf@picmaxx=\dimen258
\pgf@picminy=\dimen259
\pgf@picmaxy=\dimen260
\pgf@pathminx=\dimen261
\pgf@pathmaxx=\dimen262
\pgf@pathminy=\dimen263
\pgf@pathmaxy=\dimen264
\pgf@xx=\dimen265
\pgf@xy=\dimen266
\pgf@yx=\dimen267
\pgf@yy=\dimen268
\pgf@zx=\dimen269
\pgf@zy=\dimen270
)
(d:/Program Files (x86)/TeX Live/texlive/2026/texmf-dist/tex/generic/pgf/basicl
ayer/pgfcorepathconstruct.code.tex
File: pgfcorepathconstruct.code.tex 2025-08-29 v3.1.11a (3.1.11a)
\pgf@path@lastx=\dimen271
\pgf@path@lasty=\dimen272
)
(d:/Program Files (x86)/TeX Live/texlive/2026/texmf-dist/tex/generic/pgf/basicl
ayer/pgfcorepathusage.code.tex
File: pgfcorepathusage.code.tex 2025-08-29 v3.1.11a (3.1.11a)
\pgf@shorten@end@additional=\dimen273
\pgf@shorten@start@additional=\dimen274
)
(d:/Program Files (x86)/TeX Live/texlive/2026/texmf-dist/tex/generic/pgf/basicl
ayer/pgfcorescopes.code.tex
File: pgfcorescopes.code.tex 2025-08-29 v3.1.11a (3.1.11a)
\pgfpic=\box59
\pgf@hbox=\box60
\pgf@layerbox@main=\box61
\pgf@picture@serial@count=\count335
)
(d:/Program Files (x86)/TeX Live/texlive/2026/texmf-dist/tex/generic/pgf/basicl
ayer/pgfcoregraphicstate.code.tex
File: pgfcoregraphicstate.code.tex 2025-08-29 v3.1.11a (3.1.11a)
\pgflinewidth=\dimen275
)
(d:/Program Files (x86)/TeX Live/texlive/2026/texmf-dist/tex/generic/pgf/basicl
ayer/pgfcoretransformations.code.tex
File: pgfcoretransformations.code.tex 2025-08-29 v3.1.11a (3.1.11a)
\pgf@pt@x=\dimen276
\pgf@pt@y=\dimen277
\pgf@pt@temp=\dimen278
)
(d:/Program Files (x86)/TeX Live/texlive/2026/texmf-dist/tex/generic/pgf/basicl
ayer/pgfcorequick.code.tex
File: pgfcorequick.code.tex 2025-08-29 v3.1.11a (3.1.11a)
)
(d:/Program Files (x86)/TeX Live/texlive/2026/texmf-dist/tex/generic/pgf/basicl
ayer/pgfcoreobjects.code.tex
File: pgfcoreobjects.code.tex 2025-08-29 v3.1.11a (3.1.11a)
)
(d:/Program Files (x86)/TeX Live/texlive/2026/texmf-dist/tex/generic/pgf/basicl
ayer/pgfcorepathprocessing.code.tex
File: pgfcorepathprocessing.code.tex 2025-08-29 v3.1.11a (3.1.11a)
)
(d:/Program Files (x86)/TeX Live/texlive/2026/texmf-dist/tex/generic/pgf/basicl
ayer/pgfcorearrows.code.tex
File: pgfcorearrows.code.tex 2025-08-29 v3.1.11a (3.1.11a)
\pgfarrowsep=\dimen279
)
(d:/Program Files (x86)/TeX Live/texlive/2026/texmf-dist/tex/generic/pgf/basicl
ayer/pgfcoreshade.code.tex
File: pgfcoreshade.code.tex 2025-08-29 v3.1.11a (3.1.11a)
\pgf@max=\dimen280
\pgf@sys@shading@range@num=\count336
\pgf@shadingcount=\count337
)
(d:/Program Files (x86)/TeX Live/texlive/2026/texmf-dist/tex/generic/pgf/basicl
ayer/pgfcoreimage.code.tex
File: pgfcoreimage.code.tex 2025-08-29 v3.1.11a (3.1.11a)
)
(d:/Program Files (x86)/TeX Live/texlive/2026/texmf-dist/tex/generic/pgf/basicl
ayer/pgfcoreexternal.code.tex
File: pgfcoreexternal.code.tex 2025-08-29 v3.1.11a (3.1.11a)
\pgfexternal@startupbox=\box62
)
(d:/Program Files (x86)/TeX Live/texlive/2026/texmf-dist/tex/generic/pgf/basicl
ayer/pgfcorelayers.code.tex
File: pgfcorelayers.code.tex 2025-08-29 v3.1.11a (3.1.11a)
)
(d:/Program Files (x86)/TeX Live/texlive/2026/texmf-dist/tex/generic/pgf/basicl
ayer/pgfcoretransparency.code.tex
File: pgfcoretransparency.code.tex 2025-08-29 v3.1.11a (3.1.11a)
)
(d:/Program Files (x86)/TeX Live/texlive/2026/texmf-dist/tex/generic/pgf/basicl
ayer/pgfcorepatterns.code.tex
File: pgfcorepatterns.code.tex 2025-08-29 v3.1.11a (3.1.11a)
)
(d:/Program Files (x86)/TeX Live/texlive/2026/texmf-dist/tex/generic/pgf/basicl
ayer/pgfcorerdf.code.tex
File: pgfcorerdf.code.tex 2025-08-29 v3.1.11a (3.1.11a)
)))
(d:/Program Files (x86)/TeX Live/texlive/2026/texmf-dist/tex/generic/pgf/module
s/pgfmoduleshapes.code.tex
File: pgfmoduleshapes.code.tex 2025-08-29 v3.1.11a (3.1.11a)
\pgfnodeparttextbox=\box63
)
(d:/Program Files (x86)/TeX Live/texlive/2026/texmf-dist/tex/generic/pgf/module
s/pgfmoduleplot.code.tex
File: pgfmoduleplot.code.tex 2025-08-29 v3.1.11a (3.1.11a)
)
(d:/Program Files (x86)/TeX Live/texlive/2026/texmf-dist/tex/latex/pgf/compatib
ility/pgfcomp-version-0-65.sty
Package: pgfcomp-version-0-65 2025-08-29 v3.1.11a (3.1.11a)
\pgf@nodesepstart=\dimen281
\pgf@nodesepend=\dimen282
)
(d:/Program Files (x86)/TeX Live/texlive/2026/texmf-dist/tex/latex/pgf/compatib
ility/pgfcomp-version-1-18.sty
Package: pgfcomp-version-1-18 2025-08-29 v3.1.11a (3.1.11a)
))
(d:/Program Files (x86)/TeX Live/texlive/2026/texmf-dist/tex/latex/pgf/utilitie
s/pgffor.sty
(d:/Program Files (x86)/TeX Live/texlive/2026/texmf-dist/tex/latex/pgf/utilitie
s/pgfkeys.sty
(d:/Program Files (x86)/TeX Live/texlive/2026/texmf-dist/tex/generic/pgf/utilit
ies/pgfkeys.code.tex))
(d:/Program Files (x86)/TeX Live/texlive/2026/texmf-dist/tex/latex/pgf/math/pgf
math.sty
(d:/Program Files (x86)/TeX Live/texlive/2026/texmf-dist/tex/generic/pgf/math/p
gfmath.code.tex))
(d:/Program Files (x86)/TeX Live/texlive/2026/texmf-dist/tex/generic/pgf/utilit
ies/pgffor.code.tex
Package: pgffor 2025-08-29 v3.1.11a (3.1.11a)
\pgffor@iter=\dimen283
\pgffor@skip=\dimen284
\pgffor@stack=\toks28
\pgffor@toks=\toks29
))
(d:/Program Files (x86)/TeX Live/texlive/2026/texmf-dist/tex/generic/pgf/fronte
ndlayer/tikz/tikz.code.tex
Package: tikz 2025-08-29 v3.1.11a (3.1.11a)

(d:/Program Files (x86)/TeX Live/texlive/2026/texmf-dist/tex/generic/pgf/librar
ies/pgflibraryplothandlers.code.tex
File: pgflibraryplothandlers.code.tex 2025-08-29 v3.1.11a (3.1.11a)
\pgf@plot@mark@count=\count338
\pgfplotmarksize=\dimen285
)
\tikz@lastx=\dimen286
\tikz@lasty=\dimen287
\tikz@lastxsaved=\dimen288
\tikz@lastysaved=\dimen289
\tikz@lastmovetox=\dimen290
\tikz@lastmovetoy=\dimen291
\tikzleveldistance=\dimen292
\tikzsiblingdistance=\dimen293
\tikz@figbox=\box64
\tikz@figbox@bg=\box65
\tikz@tempbox=\box66
\tikz@tempbox@bg=\box67
\tikztreelevel=\count339
\tikznumberofchildren=\count340
\tikznumberofcurrentchild=\count341
\tikz@fig@count=\count342

(d:/Program Files (x86)/TeX Live/texlive/2026/texmf-dist/tex/generic/pgf/module
s/pgfmodulematrix.code.tex
File: pgfmodulematrix.code.tex 2025-08-29 v3.1.11a (3.1.11a)
\pgfmatrixcurrentrow=\count343
\pgfmatrixcurrentcolumn=\count344
\pgf@matrix@numberofcolumns=\count345
)
\tikz@expandcount=\count346

(d:/Program Files (x86)/TeX Live/texlive/2026/texmf-dist/tex/generic/pgf/fronte
ndlayer/tikz/libraries/tikzlibrarytopaths.code.tex
File: tikzlibrarytopaths.code.tex 2025-08-29 v3.1.11a (3.1.11a)
)))
(d:/Program Files (x86)/TeX Live/texlive/2026/texmf-dist/tex/generic/pgf/fronte
ndlayer/tikz/libraries/tikzlibrarycalc.code.tex
File: tikzlibrarycalc.code.tex 2025-08-29 v3.1.11a (3.1.11a)
)
(d:/Program Files (x86)/TeX Live/texlive/2026/texmf-dist/tex/generic/pgf/librar
ies/pgflibraryarrows.meta.code.tex
File: pgflibraryarrows.meta.code.tex 2025-08-29 v3.1.11a (3.1.11a)
\pgfarrowinset=\dimen294
\pgfarrowlength=\dimen295
\pgfarrowwidth=\dimen296
\pgfarrowlinewidth=\dimen297
)
(d:/Program Files (x86)/TeX Live/texlive/2026/texmf-dist/tex/generic/pgf/fronte
ndlayer/tikz/libraries/tikzlibrarybending.code.tex
File: tikzlibrarybending.code.tex 2025-08-29 v3.1.11a (3.1.11a)

(d:/Program Files (x86)/TeX Live/texlive/2026/texmf-dist/tex/generic/pgf/module
s/pgfmodulebending.code.tex
File: pgfmodulebending.code.tex 2025-08-29 v3.1.11a (3.1.11a)

(d:/Program Files (x86)/TeX Live/texlive/2026/texmf-dist/tex/generic/pgf/module
s/pgfmodulenonlineartransformations.code.tex
File: pgfmodulenonlineartransformations.code.tex 2025-08-29 v3.1.11a (3.1.11a)
\pgftransformnonlinearflatness=\dimen298
)
(d:/Program Files (x86)/TeX Live/texlive/2026/texmf-dist/tex/generic/pgf/librar
ies/pgflibrarycurvilinear.code.tex
File: pgflibrarycurvilinear.code.tex 2025-08-29 v3.1.11a (3.1.11a)
\pgf@curvilinear@time@a=\dimen299
\pgf@curvilinear@length@a=\dimen300
\pgf@curvilinear@length@b=\dimen301
\pgf@curvilinear@length@c=\dimen302
\pgf@curvilinear@length@d=\dimen303
)
\pgf@arrows@the@rigidity=\dimen304
))
(d:/Program Files (x86)/TeX Live/texlive/2026/texmf-dist/tex/generic/pgf/fronte
ndlayer/tikz/libraries/tikzlibraryfpu.code.tex
(d:/Program Files (x86)/TeX Live/texlive/2026/texmf-dist/tex/generic/pgf/librar
ies/pgflibraryfpu.code.tex))
(d:/Program Files (x86)/TeX Live/texlive/2026/texmf-dist/tex/generic/circuitikz
/pgfcirc.defines.tex
\pgf@circ@count@a=\count347
\pgf@circ@count@b=\count348
\pgf@circ@count@c=\count349
\pgf@circ@res@up=\dimen305
\pgf@circ@res@down=\dimen306
\pgf@circ@res@zero=\dimen307
\pgf@circ@res@left=\dimen308
\pgf@circ@res@right=\dimen309
\pgf@circ@res@other=\dimen310
\pgf@circ@res@step=\dimen311
\pgf@circ@res@temp=\dimen312
\pgf@circ@Rlen=\dimen313
\pgf@circ@scaled@Rlen=\dimen314
\pgfstartlinewidth=\dimen315
)
(d:/Program Files (x86)/TeX Live/texlive/2026/texmf-dist/tex/generic/circuitikz
/pgfcircutils.tex
\ctikz@scratchbox=\box68
)
(d:/Program Files (x86)/TeX Live/texlive/2026/texmf-dist/tex/generic/circuitikz
/pgfcircpath.tex
\ctikz@vif@count=\count350
)
(d:/Program Files (x86)/TeX Live/texlive/2026/texmf-dist/tex/generic/circuitikz
/pgfcircshapes.tex)
(d:/Program Files (x86)/TeX Live/texlive/2026/texmf-dist/tex/generic/circuitikz
/pgfcircmonopoles.tex)
(d:/Program Files (x86)/TeX Live/texlive/2026/texmf-dist/tex/generic/circuitikz
/pgfcircbipoles.tex)
(d:/Program Files (x86)/TeX Live/texlive/2026/texmf-dist/tex/generic/circuitikz
/pgfcirctripoles.tex
\pgf@circ@res@count=\count351
)
(d:/Program Files (x86)/TeX Live/texlive/2026/texmf-dist/tex/generic/circuitikz
/pgfcircquadpoles.tex)
(d:/Program Files (x86)/TeX Live/texlive/2026/texmf-dist/tex/generic/circuitikz
/pgfcircmultipoles.tex)
(d:/Program Files (x86)/TeX Live/texlive/2026/texmf-dist/tex/generic/circuitikz
/pgfcirclabel.tex)
(d:/Program Files (x86)/TeX Live/texlive/2026/texmf-dist/tex/generic/circuitikz
/pgfcircvoltage.tex
\pgfcirc@labelshift=\dimen316
)
(d:/Program Files (x86)/TeX Live/texlive/2026/texmf-dist/tex/generic/circuitikz
/pgfcirccurrent.tex)
(d:/Program Files (x86)/TeX Live/texlive/2026/texmf-dist/tex/generic/circuitikz
/pgfcircflow.tex))
(d:/Program Files (x86)/TeX Live/texlive/2026/texmf-dist/tex/latex/pgfplots/pgf
plots.sty
(d:/Program Files (x86)/TeX Live/texlive/2026/texmf-dist/tex/generic/pgfplots/p
gfplots.revision.tex)
Package: pgfplots 2025/08/14 v1.18.2 Data Visualization (1.18.2)

(d:/Program Files (x86)/TeX Live/texlive/2026/texmf-dist/tex/generic/pgfplots/p
gfplots.code.tex
(d:/Program Files (x86)/TeX Live/texlive/2026/texmf-dist/tex/generic/pgfplots/p
gfplotscore.code.tex
\t@pgfplots@toka=\toks30
\t@pgfplots@tokb=\toks31
\t@pgfplots@tokc=\toks32
\pgfplots@tmpa=\dimen317
\c@pgfplots@coordindex=\count352
\c@pgfplots@scanlineindex=\count353

(d:/Program Files (x86)/TeX Live/texlive/2026/texmf-dist/tex/generic/pgfplots/s
ys/pgfplotssysgeneric.code.tex))
(d:/Program Files (x86)/TeX Live/texlive/2026/texmf-dist/tex/generic/pgfplots/l
ibs/pgfplotslibrary.code.tex)
(d:/Program Files (x86)/TeX Live/texlive/2026/texmf-dist/tex/generic/pgfplots/o
ldpgfcompatib/pgfplotsoldpgfsupp_loader.code.tex
(d:/Program Files (x86)/TeX Live/texlive/2026/texmf-dist/tex/generic/pgfplots/o
ldpgfcompatib/pgfplotsoldpgfsupp_pgfutil-common-lists.tex))
(d:/Program Files (x86)/TeX Live/texlive/2026/texmf-dist/tex/generic/pgfplots/u
til/pgfplotsutil.code.tex
(d:/Program Files (x86)/TeX Live/texlive/2026/texmf-dist/tex/generic/pgfplots/l
iststructure/pgfplotsliststructure.code.tex)
(d:/Program Files (x86)/TeX Live/texlive/2026/texmf-dist/tex/generic/pgfplots/l
iststructure/pgfplotsliststructureext.code.tex)
(d:/Program Files (x86)/TeX Live/texlive/2026/texmf-dist/tex/generic/pgfplots/l
iststructure/pgfplotsarray.code.tex
\c@pgfplotsarray@tmp=\count354
)
(d:/Program Files (x86)/TeX Live/texlive/2026/texmf-dist/tex/generic/pgfplots/l
iststructure/pgfplotsmatrix.code.tex)
(d:/Program Files (x86)/TeX Live/texlive/2026/texmf-dist/tex/generic/pgfplots/n
umtable/pgfplotstableshared.code.tex
\c@pgfplotstable@counta=\count355
\t@pgfplotstable@a=\toks33
)
(d:/Program Files (x86)/TeX Live/texlive/2026/texmf-dist/tex/generic/pgfplots/l
iststructure/pgfplotsdeque.code.tex)
(d:/Program Files (x86)/TeX Live/texlive/2026/texmf-dist/tex/generic/pgfplots/u
til/pgfplotsbinary.code.tex
(d:/Program Files (x86)/TeX Live/texlive/2026/texmf-dist/tex/generic/pgfplots/u
til/pgfplotsbinary.data.code.tex))
(d:/Program Files (x86)/TeX Live/texlive/2026/texmf-dist/tex/generic/pgfplots/u
til/pgfplotsutil.verb.code.tex)
(d:/Program Files (x86)/TeX Live/texlive/2026/texmf-dist/tex/generic/pgfplots/l
ibs/pgflibrarypgfplots.surfshading.code.tex
\c@pgfplotslibrarysurf@no=\count356

(d:/Program Files (x86)/TeX Live/texlive/2026/texmf-dist/tex/generic/pgfplots/s
ys/pgflibrarypgfplots.surfshading.pgfsys-xetex.def
(d:/Program Files (x86)/TeX Live/texlive/2026/texmf-dist/tex/generic/pgfplots/s
ys/pgflibrarypgfplots.surfshading.pgfsys-dvipdfmx.def
\c@pgfplotslibrarysurf@streamlen=\count357
))))
(d:/Program Files (x86)/TeX Live/texlive/2026/texmf-dist/tex/generic/pgfplots/u
til/pgfplotscolormap.code.tex
(d:/Program Files (x86)/TeX Live/texlive/2026/texmf-dist/tex/generic/pgfplots/u
til/pgfplotscolor.code.tex))
(d:/Program Files (x86)/TeX Live/texlive/2026/texmf-dist/tex/generic/pgfplots/p
gfplotsstackedplots.code.tex)
(d:/Program Files (x86)/TeX Live/texlive/2026/texmf-dist/tex/generic/pgfplots/p
gfplotsplothandlers.code.tex
(d:/Program Files (x86)/TeX Live/texlive/2026/texmf-dist/tex/generic/pgfplots/p
gfplotsmeshplothandler.code.tex
(d:/Program Files (x86)/TeX Live/texlive/2026/texmf-dist/tex/generic/pgfplots/p
gfplotsmeshplotimage.code.tex)))
(d:/Program Files (x86)/TeX Live/texlive/2026/texmf-dist/tex/generic/pgfplots/p
gfplots.scaling.code.tex)
(d:/Program Files (x86)/TeX Live/texlive/2026/texmf-dist/tex/generic/pgfplots/p
gfplotscoordprocessing.code.tex)
(d:/Program Files (x86)/TeX Live/texlive/2026/texmf-dist/tex/generic/pgfplots/p
gfplots.errorbars.code.tex)
(d:/Program Files (x86)/TeX Live/texlive/2026/texmf-dist/tex/generic/pgfplots/p
gfplots.markers.code.tex)
(d:/Program Files (x86)/TeX Live/texlive/2026/texmf-dist/tex/generic/pgfplots/p
gfplotsticks.code.tex)
(d:/Program Files (x86)/TeX Live/texlive/2026/texmf-dist/tex/generic/pgfplots/p
gfplots.paths.code.tex)
(d:/Program Files (x86)/TeX Live/texlive/2026/texmf-dist/tex/generic/pgf/fronte
ndlayer/tikz/libraries/tikzlibrarydecorations.code.tex
(d:/Program Files (x86)/TeX Live/texlive/2026/texmf-dist/tex/generic/pgf/module
s/pgfmoduledecorations.code.tex
\pgfdecoratedcompleteddistance=\dimen318
\pgfdecoratedremainingdistance=\dimen319
\pgfdecoratedinputsegmentcompleteddistance=\dimen320
\pgfdecoratedinputsegmentremainingdistance=\dimen321
\pgf@decorate@distancetomove=\dimen322
\pgf@decorate@repeatstate=\count358
\pgfdecorationsegmentamplitude=\dimen323
\pgfdecorationsegmentlength=\dimen324
)
\tikz@lib@dec@box=\box69
)
(d:/Program Files (x86)/TeX Live/texlive/2026/texmf-dist/tex/generic/pgf/fronte
ndlayer/tikz/libraries/tikzlibrarydecorations.pathmorphing.code.tex
(d:/Program Files (x86)/TeX Live/texlive/2026/texmf-dist/tex/generic/pgf/librar
ies/decorations/pgflibrarydecorations.pathmorphing.code.tex))
(d:/Program Files (x86)/TeX Live/texlive/2026/texmf-dist/tex/generic/pgf/fronte
ndlayer/tikz/libraries/tikzlibrarydecorations.pathreplacing.code.tex
(d:/Program Files (x86)/TeX Live/texlive/2026/texmf-dist/tex/generic/pgf/librar
ies/decorations/pgflibrarydecorations.pathreplacing.code.tex))
(d:/Program Files (x86)/TeX Live/texlive/2026/texmf-dist/tex/generic/pgfplots/l
ibs/tikzlibrarypgfplots.contourlua.code.tex)
\pgfplots@numplots=\count359
\pgfplots@xmin@reg=\dimen325
\pgfplots@xmax@reg=\dimen326
\pgfplots@ymin@reg=\dimen327
\pgfplots@ymax@reg=\dimen328
\pgfplots@zmin@reg=\dimen329
\pgfplots@zmax@reg=\dimen330
)
(d:/Program Files (x86)/TeX Live/texlive/2026/texmf-dist/tex/generic/pgf/fronte
ndlayer/tikz/libraries/tikzlibraryplotmarks.code.tex
File: tikzlibraryplotmarks.code.tex 2025-08-29 v3.1.11a (3.1.11a)

(d:/Program Files (x86)/TeX Live/texlive/2026/texmf-dist/tex/generic/pgf/librar
ies/pgflibraryplotmarks.code.tex
File: pgflibraryplotmarks.code.tex 2025-08-29 v3.1.11a (3.1.11a)
)))
(d:/Program Files (x86)/TeX Live/texlive/2026/texmf-dist/tex/latex/listings/lis
tings.sty
\lst@mode=\count360
\lst@gtempboxa=\box70
\lst@token=\toks34
\lst@length=\count361
\lst@currlwidth=\dimen331
\lst@column=\count362
\lst@pos=\count363
\lst@lostspace=\dimen332
\lst@width=\dimen333
\lst@newlines=\count364
\lst@lineno=\count365
\lst@maxwidth=\dimen334

(d:/Program Files (x86)/TeX Live/texlive/2026/texmf-dist/tex/latex/listings/lst
patch.sty
File: lstpatch.sty 2025/11/14 1.11b (Carsten Heinz)
)
(d:/Program Files (x86)/TeX Live/texlive/2026/texmf-dist/tex/latex/listings/lst
misc.sty
File: lstmisc.sty 2025/11/14 1.11b (Carsten Heinz)
\c@lstnumber=\count366
\lst@skipnumbers=\count367
\lst@framebox=\box71
)
(d:/Program Files (x86)/TeX Live/texlive/2026/texmf-dist/tex/latex/listings/lis
tings.cfg
File: listings.cfg 2025/11/14 1.11b listings configuration
))
Package: listings 2025/11/14 1.11b (Carsten Heinz)

(d:/Program Files (x86)/TeX Live/texlive/2026/texmf-dist/tex/xelatex/xecjk/xeCJ
K-listings.sty
Package: xeCJK-listings 2022/08/05 v3.9.1 xeCJK patch file for listings
\l__xeCJK_listings_max_char_int=\count368
\l__xeCJK_listings_flag_int=\count369
)
==> First Aid for listings.sty no longer applied!
    Expected:
        2024/09/23 1.10c (Carsten Heinz)
    but found:
        2025/11/14 1.11b (Carsten Heinz)
    so I'm assuming it got fixed.

(d:/Program Files (x86)/TeX Live/texlive/2026/texmf-dist/tex/generic/hologo/hol
ogo.sty
Package: hologo 2025-11-11 v1.16 A logo collection with bookmark support (HO)
)
(d:/Program Files (x86)/TeX Live/texlive/2026/texmf-dist/tex/latex/lipsum/lipsu
m.sty
(d:/Program Files (x86)/TeX Live/texlive/2026/texmf-dist/tex/latex/l3packages/l
3keys2e/l3keys2e.sty
Package: l3keys2e 2025-10-09 LaTeX2e option processing using LaTeX3 keys
)
Package: lipsum 2021-09-20 v2.7 150 paragraphs of Lorem Ipsum dummy text
\g__lipsum_par_int=\count370
\l__lipsum_a_int=\count371
\l__lipsum_b_int=\count372

(d:/Program Files (x86)/TeX Live/texlive/2026/texmf-dist/tex/latex/lipsum/lipsu
m.ltd.tex))
(d:/Program Files (x86)/TeX Live/texlive/2026/texmf-dist/tex/latex/zhlipsum/zhl
ipsum.sty
Package: zhlipsum 2020/04/10 v1.2.0 Chinese dummy text
\l__zhlipsum_begin_int=\count373
\l__zhlipsum_end_int=\count374
\l__zhlipsum_max_int=\count375

(d:/Program Files (x86)/TeX Live/texlive/2026/texmf-dist/tex/latex/zhlipsum/zhl
ipsum-utf8.def
File: zhlipsum-utf8.def 2020/04/10 v1.2.0 Chinese dummy text with UTF-8 encodin
g (for zhlipsum)
\g__zhlipsum_simp_int=\count376

Package zhlipsum Info: Chinese dummy text "simp" is created. It has 50
(zhlipsum)             paragraphs.

\g__zhlipsum_trad_int=\count377

Package zhlipsum Info: Chinese dummy text "trad" is created. It has 50
(zhlipsum)             paragraphs.

\g__zhlipsum_nanshanjing_int=\count378

Package zhlipsum Info: Chinese dummy text "nanshanjing" is created. It has 43
(zhlipsum)             paragraphs.

\g__zhlipsum_xiangyu_int=\count379

Package zhlipsum Info: Chinese dummy text "xiangyu" is created. It has 45
(zhlipsum)             paragraphs.

\g__zhlipsum_zhufu_int=\count380

Package zhlipsum Info: Chinese dummy text "zhufu" is created. It has 110
(zhlipsum)             paragraphs.

\g__zhlipsum_aspirin_int=\count381

Package zhlipsum Info: Chinese dummy text "aspirin" is created. It has 66
(zhlipsum)             paragraphs.

))
(d:/Program Files (x86)/TeX Live/texlive/2026/texmf-dist/tex/latex/booktabs/boo
ktabs.sty
Package: booktabs 2020/01/12 v1.61803398 Publication quality tables
\heavyrulewidth=\dimen335
\lightrulewidth=\dimen336
\cmidrulewidth=\dimen337
\belowrulesep=\dimen338
\belowbottomsep=\dimen339
\aboverulesep=\dimen340
\abovetopsep=\dimen341
\cmidrulesep=\dimen342
\cmidrulekern=\dimen343
\defaultaddspace=\dimen344
\@cmidla=\count382
\@cmidlb=\count383
\@aboverulesep=\dimen345
\@belowrulesep=\dimen346
\@thisruleclass=\count384
\@lastruleclass=\count385
\@thisrulewidth=\dimen347
)
(d:/Program Files (x86)/TeX Live/texlive/2026/texmf-dist/tex/latex/tools/multic
ol.sty
Package: multicol 2025/10/21 v2.0b multicolumn formatting (FMi)
\c@tracingmulticols=\count386
\mult@box=\box72
\multicol@leftmargin=\dimen348
\c@unbalance=\count387
\c@collectmore=\count388
\doublecol@number=\count389
\multicoltolerance=\count390
\multicolpretolerance=\count391
\full@width=\dimen349
\page@free=\dimen350
\premulticols=\dimen351
\postmulticols=\dimen352
\multicolsep=\skip61
\multicolbaselineskip=\skip62
\partial@page=\box73
\last@line=\box74
\mc@boxedresult=\box75
\maxbalancingoverflow=\dimen353
\mult@rightbox=\box76
\mult@grightbox=\box77
\mult@firstbox=\box78
\mult@gfirstbox=\box79
\@tempa=\box80
\@tempa=\box81
\@tempa=\box82
\@tempa=\box83
\@tempa=\box84
\@tempa=\box85
\@tempa=\box86
\@tempa=\box87
\@tempa=\box88
\@tempa=\box89
\@tempa=\box90
\@tempa=\box91
\@tempa=\box92
\@tempa=\box93
\@tempa=\box94
\@tempa=\box95
\@tempa=\box96
\@tempa=\box97
\@tempa=\box98
\@tempa=\box99
\@tempa=\box100
\@tempa=\box101
\@tempa=\box102
\@tempa=\box103
\@tempa=\box104
\@tempa=\box105
\@tempa=\box106
\@tempa=\box107
\@tempa=\box108
\@tempa=\box109
\@tempa=\box110
\@tempa=\box111
\@tempa=\box112
\@tempa=\box113
\@tempa=\box114
\@tempa=\box115
\c@minrows=\count392
\c@columnbadness=\count393
\c@finalcolumnbadness=\count394
\last@try=\dimen354
\multicolovershoot=\dimen355
\multicolundershoot=\dimen356
\mult@nat@firstbox=\box116
\colbreak@box=\box117
\mc@col@check@num=\count395
\g__mc_curr_col_int=\count396
)
(d:/Program Files (x86)/TeX Live/texlive/2026/texmf-dist/tex/latex/mathtools/ma
thtools.sty
Package: mathtools 2024/10/04 v1.31 mathematical typesetting tools

(d:/Program Files (x86)/TeX Live/texlive/2026/texmf-dist/tex/latex/tools/calc.s
ty
Package: calc 2025/03/01 v4.3b Infix arithmetic (KKT,FJ)
\calc@Acount=\count397
\calc@Bcount=\count398
\calc@Adimen=\dimen357
\calc@Bdimen=\dimen358
\calc@Askip=\skip63
\calc@Bskip=\skip64
LaTeX Info: Redefining \setlength on input line 86.
LaTeX Info: Redefining \addtolength on input line 87.
\calc@Ccount=\count399
\calc@Cskip=\skip65
)
(d:/Program Files (x86)/TeX Live/texlive/2026/texmf-dist/tex/latex/mathtools/mh
setup.sty
Package: mhsetup 2021/03/18 v1.4 programming setup (MH)
)
(d:/Program Files (x86)/TeX Live/texlive/2026/texmf-dist/tex/latex/amsmath/amsm
ath.sty
Package: amsmath 2025/07/09 v2.17z AMS math features
\@mathmargin=\skip66

For additional information on amsmath, use the `?' option.

(d:/Program Files (x86)/TeX Live/texlive/2026/texmf-dist/tex/latex/amsmath/amst
ext.sty
Package: amstext 2024/11/17 v2.01 AMS text

(d:/Program Files (x86)/TeX Live/texlive/2026/texmf-dist/tex/latex/amsmath/amsg
en.sty
File: amsgen.sty 1999/11/30 v2.0 generic functions
\@emptytoks=\toks35
\ex@=\dimen359
))
(d:/Program Files (x86)/TeX Live/texlive/2026/texmf-dist/tex/latex/amsmath/amsb
sy.sty
Package: amsbsy 1999/11/29 v1.2d Bold Symbols
\pmbraise@=\dimen360
)
(d:/Program Files (x86)/TeX Live/texlive/2026/texmf-dist/tex/latex/amsmath/amso
pn.sty
Package: amsopn 2022/04/08 v2.04 operator names
)
\inf@bad=\count400
LaTeX Info: Redefining \frac on input line 233.
\uproot@=\count401
\leftroot@=\count402
LaTeX Info: Redefining \overline on input line 398.
LaTeX Info: Redefining \colon on input line 409.
\classnum@=\count403
\DOTSCASE@=\count404
LaTeX Info: Redefining \ldots on input line 495.
LaTeX Info: Redefining \dots on input line 498.
LaTeX Info: Redefining \cdots on input line 619.
\Mathstrutbox@=\box118
\strutbox@=\box119
LaTeX Info: Redefining \big on input line 721.
LaTeX Info: Redefining \Big on input line 722.
LaTeX Info: Redefining \bigg on input line 723.
LaTeX Info: Redefining \Bigg on input line 724.
\big@size=\dimen361
LaTeX Font Info:    Redeclaring font encoding OML on input line 742.
LaTeX Font Info:    Redeclaring font encoding OMS on input line 743.
\macc@depth=\count405
LaTeX Info: Redefining \bmod on input line 904.
LaTeX Info: Redefining \pmod on input line 909.
LaTeX Info: Redefining \smash on input line 939.
LaTeX Info: Redefining \relbar on input line 969.
LaTeX Info: Redefining \Relbar on input line 970.
\c@MaxMatrixCols=\count406
\dotsspace@=\muskip18
\c@parentequation=\count407
\dspbrk@lvl=\count408
\tag@help=\toks36
\row@=\count409
\column@=\count410
\maxfields@=\count411
\andhelp@=\toks37
\eqnshift@=\dimen362
\alignsep@=\dimen363
\tagshift@=\dimen364
\tagwidth@=\dimen365
\totwidth@=\dimen366
\lineht@=\dimen367
\@envbody=\toks38
\multlinegap=\skip67
\multlinetaggap=\skip68
\mathdisplay@stack=\toks39
LaTeX Info: Redefining \[ on input line 2950.
LaTeX Info: Redefining \] on input line 2951.
)
\g_MT_multlinerow_int=\count412
\l_MT_multwidth_dim=\dimen368
\origjot=\skip69
\l_MT_shortvdotswithinadjustabove_dim=\dimen369
\l_MT_shortvdotswithinadjustbelow_dim=\dimen370
\l_MT_above_intertext_sep=\dimen371
\l_MT_below_intertext_sep=\dimen372
\l_MT_above_shortintertext_sep=\dimen373
\l_MT_below_shortintertext_sep=\dimen374
\xmathstrut@box=\box120
\xmathstrut@dim=\dimen375
)
(d:/Program Files (x86)/TeX Live/texlive/2026/texmf-dist/tex/latex/amsfonts/ams
symb.sty
Package: amssymb 2013/01/14 v3.01 AMS font symbols

(d:/Program Files (x86)/TeX Live/texlive/2026/texmf-dist/tex/latex/amsfonts/ams
fonts.sty
Package: amsfonts 2013/01/14 v3.01 Basic AMSFonts support
\symAMSa=\mathgroup4
\symAMSb=\mathgroup5
LaTeX Font Info:    Redeclaring math symbol \hbar on input line 98.
LaTeX Font Info:    Overwriting math alphabet `\mathfrak' in version `bold'
(Font)                  U/euf/m/n --> U/euf/b/n on input line 106.
))
(d:/Program Files (x86)/TeX Live/texlive/2026/texmf-dist/tex/latex/cancel/cance
l.sty
Package: cancel 2013/04/12 v2.2 Cancel math terms
)
(d:/Program Files (x86)/TeX Live/texlive/2026/texmf-dist/tex/latex/fixdif/fixdi
f.sty
Package: fixdif 2023/03/20 Interface for defining differential operators.
)
(d:/Program Files (x86)/TeX Live/texlive/2026/texmf-dist/tex/latex/derivative/d
erivative.sty
Package: derivative 2024/02/08 v1.4 Nice and easy derivatives and differentials
 for LaTeX
\l__deriv_gcd_counter_int=\count413
\l__deriv_vmo_int=\count414
\l__deriv_var_count_int=\count415
\l__deriv_tmpa_int=\count416
\l__deriv_tmpb_int=\count417
\l__deriv_seq_pos_int=\count418
\l__deriv_sort_max_int=\count419
)
(d:/Program Files (x86)/TeX Live/texlive/2026/texmf-dist/tex/latex/siunitx/siun
itx.sty
Package: siunitx 2025-07-09 v3.4.14 A comprehensive (SI) units package
\l__siunitx_number_uncert_offset_int=\count420
\l__siunitx_number_exponent_fixed_int=\count421
\l__siunitx_number_min_decimal_int=\count422
\l__siunitx_number_min_integer_int=\count423
\l__siunitx_number_round_precision_int=\count424
\l__siunitx_number_lower_threshold_int=\count425
\l__siunitx_number_upper_threshold_int=\count426
\l__siunitx_number_group_first_int=\count427
\l__siunitx_number_group_size_int=\count428
\l__siunitx_number_group_minimum_int=\count429
\l__siunitx_angle_tmp_dim=\dimen376
\l__siunitx_angle_marker_box=\box121
\l__siunitx_angle_unit_box=\box122
\l__siunitx_compound_count_int=\count430

(d:/Program Files (x86)/TeX Live/texlive/2026/texmf-dist/tex/latex/translations
/translations.sty
Package: translations 2022/02/05 v1.12 internationalization of LaTeX2e packages
 (CN)
)
\l__siunitx_table_tmp_box=\box123
\l__siunitx_table_tmp_dim=\dimen377
\l__siunitx_table_column_width_dim=\dimen378
\l__siunitx_table_integer_box=\box124
\l__siunitx_table_decimal_box=\box125
\l__siunitx_table_uncert_box=\box126
\l__siunitx_table_before_box=\box127
\l__siunitx_table_after_box=\box128
\l__siunitx_table_before_dim=\dimen379
\l__siunitx_table_carry_dim=\dimen380
\l__siunitx_unit_tmp_int=\count431
\l__siunitx_unit_position_int=\count432
\l__siunitx_unit_total_int=\count433

(d:/Program Files (x86)/TeX Live/texlive/2026/texmf-dist/tex/latex/tools/array.
sty
Package: array 2025/09/25 v2.6n Tabular extension package (FMi)
\col@sep=\dimen381
\ar@mcellbox=\box129
\extrarowheight=\dimen382
\NC@list=\toks40
\extratabsurround=\skip70
\backup@length=\skip71
\ar@cellbox=\box130
))
(d:/Program Files (x86)/TeX Live/texlive/2026/texmf-dist/tex/latex/physics2/phy
sics2.sty
Package: physics2 2024/01/10 v1.0.1 Tools for typesetting math for physics.
\phy@tempcnta=\count434
\phy@tempdima=\dimen383
\phy@tempdimb=\dimen384
\phy@tempskipa=\skip72
\phy@tempmuskipa=\muskip19
\phy@tempboxa=\box131
\phy@toksa=\toks41
\l__phy_tmpa_int=\count435
\l__phy_tmpb_int=\count436
)
(d:/Program Files (x86)/TeX Live/texlive/2026/texmf-dist/tex/latex/tools/bm.sty
Package: bm 2025/10/21 v1.2g Bold Symbol Support (DPC/FMi)
\symboldoperators=\mathgroup6
\symboldletters=\mathgroup7
\symboldsymbols=\mathgroup8
Package bm Info: No bold for \OMX/cmex/m/n, using \pmb.
Package bm Info: No bold for \U/msa/m/n, using \pmb.
Package bm Info: No bold for \U/msb/m/n, using \pmb.
LaTeX Font Info:    Redeclaring math alphabet \mathbf on input line 149.
)
(d:/Program Files (x86)/TeX Live/texlive/2026/texmf-dist/tex/latex/physics2/phy
-ab.sty
File: phy-ab.sty 2023/10/24 `ab' (autobraces) module of physics2
)
(d:/Program Files (x86)/TeX Live/texlive/2026/texmf-dist/tex/latex/physics2/phy
-braket.sty
File: phy-braket.sty 2023/10/24 `braket' module of physics2
)
(d:/Program Files (x86)/TeX Live/texlive/2026/texmf-dist/tex/latex/physics2/phy
-op.legacy.sty
File: phy-op.legacy.sty 2023/10/24 `op.legacy' module of physics2
)
(d:/Program Files (x86)/TeX Live/texlive/2026/texmf-dist/tex/latex/physics2/phy
-qtext.legacy.sty
File: phy-qtext.legacy.sty 2023/10/24 `qtext.legacy' module of physics2.sty
LaTeX Info: Redefining \qunless on input line 51.
)
(d:/Program Files (x86)/TeX Live/texlive/2026/texmf-dist/tex/latex/unicode-math
/unicode-math.sty
Package: unicode-math 2023/08/13 v0.8r Unicode maths in XeLaTeX and LuaLaTeX

(d:/Program Files (x86)/TeX Live/texlive/2026/texmf-dist/tex/latex/unicode-math
/unicode-math-xetex.sty
Package: unicode-math-xetex 2023/08/13 v0.8r Unicode maths in XeLaTeX and LuaLa
TeX
\g__um_fam_int=\count437
\g__um_fonts_used_int=\count438
\l__um_primecount_int=\count439
\g__um_primekern_muskip=\muskip20

(d:/Program Files (x86)/TeX Live/texlive/2026/texmf-dist/tex/latex/unicode-math
/unicode-math-table.tex)))
LaTeX Font Info:    Overwriting math alphabet `\mathrm' in version `normal'
(Font)                  OT1/cmr/m/n --> TU/TimesNewRoman(1)/m/n on input line 8
2.
LaTeX Font Info:    Overwriting math alphabet `\mathit' in version `normal'
(Font)                  OT1/cmr/m/it --> TU/TimesNewRoman(1)/m/it on input line
 82.
LaTeX Font Info:    Overwriting math alphabet `\mathbf' in version `normal'
(Font)                  OT1/cmr/bx/n --> TU/TimesNewRoman(1)/b/n on input line 
82.
LaTeX Font Info:    Overwriting math alphabet `\mathsf' in version `normal'
(Font)                  OT1/cmss/m/n --> TU/texgyreheros(1)/m/n on input line 8
2.
LaTeX Font Info:    Overwriting math alphabet `\mathsf' in version `bold'
(Font)                  OT1/cmss/bx/n --> TU/texgyreheros(1)/b/n on input line 
82.
LaTeX Font Info:    Encoding `OT1' has changed to `TU' for symbol font
(Font)              `operators' in the math version `normal' on input line 82.
LaTeX Font Info:    Overwriting symbol font `operators' in version `normal'
(Font)                  OT1/cmr/m/n --> TU/STIXTwoMath(1)/m/n on input line 82.

LaTeX Font Info:    Encoding `OT1' has changed to `TU' for symbol font
(Font)              `operators' in the math version `bold' on input line 82.
LaTeX Font Info:    Overwriting symbol font `operators' in version `bold'
(Font)                  OT1/cmr/bx/n --> TU/STIXTwoMath(1)/b/n on input line 82
.
LaTeX Font Info:    Encoding `OMS' has changed to `TU' for symbol font
(Font)              `symbols' in the math version `normal' on input line 82.
LaTeX Font Info:    Overwriting symbol font `symbols' in version `normal'
(Font)                  OMS/cmsy/m/n --> TU/STIXTwoMath(2)/m/n on input line 82
.
LaTeX Font Info:    Encoding `OMS' has changed to `TU' for symbol font
(Font)              `symbols' in the math version `bold' on input line 82.
LaTeX Font Info:    Overwriting symbol font `symbols' in version `bold'
(Font)                  OMS/cmsy/b/n --> TU/STIXTwoMath(2)/b/n on input line 82
.
LaTeX Font Info:    Encoding `OMX' has changed to `TU' for symbol font
(Font)              `largesymbols' in the math version `normal' on input line 8
2.
LaTeX Font Info:    Overwriting symbol font `largesymbols' in version `normal'
(Font)                  OMX/cmex/m/n --> TU/STIXTwoMath(3)/m/n on input line 82
.
LaTeX Font Info:    Encoding `OMX' has changed to `TU' for symbol font
(Font)              `largesymbols' in the math version `bold' on input line 82.

LaTeX Font Info:    Overwriting symbol font `largesymbols' in version `bold'
(Font)                  OMX/cmex/m/n --> TU/STIXTwoMath(3)/b/n on input line 82
.
) (./hdu-layout.code.tex
File: hdu-layout.code.tex 2025-03-23 v1.1.1 hduThesiS Layout Module

(d:/Program Files (x86)/TeX Live/texlive/2026/texmf-dist/tex/latex/geometry/geo
metry.sty
Package: geometry 2026/03/07 v6.0 Page Geometry

(d:/Program Files (x86)/TeX Live/texlive/2026/texmf-dist/tex/generic/iftex/ifvt
ex.sty
Package: ifvtex 2019/10/25 v1.7 ifvtex legacy package. Use iftex instead.
)
\Gm@cnth=\count440
\Gm@cntv=\count441
\c@Gm@tempcnt=\count442
\Gm@bindingoffset=\dimen385
\Gm@wd@mp=\dimen386
\Gm@odd@mp=\dimen387
\Gm@even@mp=\dimen388
\Gm@layoutwidth=\dimen389
\Gm@layoutheight=\dimen390
\Gm@layouthoffset=\dimen391
\Gm@layoutvoffset=\dimen392
\Gm@dimlist=\toks42
)
(d:/Program Files (x86)/TeX Live/texlive/2026/texmf-dist/tex/latex/setspace/set
space.sty
Package: setspace 2022/12/04 v6.7b set line spacing
)
(d:/Program Files (x86)/TeX Live/texlive/2026/texmf-dist/tex/latex/fancyhdr/fan
cyhdr.sty
Package: fancyhdr 2025/02/07 v5.2 Extensive control of page headers and footers

\f@nch@headwidth=\skip73
\f@nch@offset@elh=\skip74
\f@nch@offset@erh=\skip75
\f@nch@offset@olh=\skip76
\f@nch@offset@orh=\skip77
\f@nch@offset@elf=\skip78
\f@nch@offset@erf=\skip79
\f@nch@offset@olf=\skip80
\f@nch@offset@orf=\skip81
\f@nch@height=\skip82
\f@nch@footalignment=\skip83
\f@nch@widthL=\skip84
\f@nch@widthC=\skip85
\f@nch@widthR=\skip86
\@temptokenb=\toks43
)
(d:/Program Files (x86)/TeX Live/texlive/2026/texmf-dist/tex/latex/enumitem/enu
mitem.sty
Package: enumitem 2025/02/06 v3.11 Customized lists
\labelindent=\skip87
\enit@outerparindent=\dimen393
\enit@toks=\toks44
\enit@inbox=\box132
\enit@count@id=\count443
\enitdp@description=\count444
)
(d:/Program Files (x86)/TeX Live/texlive/2026/texmf-dist/tex/latex/cleveref/cle
veref.sty
Package: cleveref 2018/03/27 v0.21.4 Intelligent cross-referencing
Package cleveref Info: `hyperref' support loaded on input line 2370.
LaTeX Info: Redefining \cref on input line 2370.
LaTeX Info: Redefining \Cref on input line 2370.
LaTeX Info: Redefining \crefrange on input line 2370.
LaTeX Info: Redefining \Crefrange on input line 2370.
LaTeX Info: Redefining \cpageref on input line 2370.
LaTeX Info: Redefining \Cpageref on input line 2370.
LaTeX Info: Redefining \cpagerefrange on input line 2370.
LaTeX Info: Redefining \Cpagerefrange on input line 2370.
LaTeX Info: Redefining \labelcref on input line 2370.
LaTeX Info: Redefining \labelcpageref on input line 2370.
Package cleveref Info: `listings' support loaded on input line 3131.
)
==> First Aid for cleveref.sty applied!

(d:/Program Files (x86)/TeX Live/texlive/2026/texmf-dist/tex/latex/caption/capt
ion.sty
Package: caption 2023/08/05 v3.6o Customizing captions (AR)

(d:/Program Files (x86)/TeX Live/texlive/2026/texmf-dist/tex/latex/caption/capt
ion3.sty
Package: caption3 2023/07/31 v2.4d caption3 kernel (AR)
\caption@tempdima=\dimen394
\captionmargin=\dimen395
\caption@leftmargin=\dimen396
\caption@rightmargin=\dimen397
\caption@width=\dimen398
\caption@indent=\dimen399
\caption@parindent=\dimen400
\caption@hangindent=\dimen401
Package caption Info: Standard document class detected.
)
\c@caption@flags=\count445
\c@continuedfloat=\count446
Package caption Info: hyperref package is loaded.
Package caption Info: listings package is loaded.
)))
(d:/Program Files (x86)/TeX Live/texlive/2026/texmf-dist/tex/latex/float/float.
sty
Package: float 2001/11/08 v1.3d Float enhancements (AL)
\c@float@type=\count447
\float@exts=\toks45
\float@box=\box133
\@float@everytoks=\toks46
\@floatcapt=\box134
)
(d:/Program Files (x86)/TeX Live/texlive/2026/texmf-dist/tex/latex/caption/subc
aption.sty
Package: subcaption 2023/07/28 v1.6b Sub-captions (AR)
Package caption Info: New subtype `subfigure' on input line 238.
\c@subfigure=\count448
Package caption Info: New subtype `subtable' on input line 238.
\c@subtable=\count449
)
(d:/Program Files (x86)/TeX Live/texlive/2026/texmf-dist/tex/latex/gbt7714/gbt7
714.sty
Package: gbt7714 2026/01/15 v2.1.9 GB/T 7714 BibTeX Style

(d:/Program Files (x86)/TeX Live/texlive/2026/texmf-dist/tex/latex/natbib/natbi
b.sty
Package: natbib 2010/09/13 8.31b (PWD, AO)
\bibhang=\skip88
\bibsep=\skip89
LaTeX Info: Redefining \cite on input line 694.
\c@NAT@ctr=\count450
)) (./hdu-bc.config.code.tex
File: hdu-bc.config.code.tex 2025-03-23 v1.1.1 hduThesiS Bc.config Module
\l__hdu_grade_int=\count451

(d:/Program Files (x86)/TeX Live/texlive/2026/texmf-dist/tex/latex/tocloft/tocl
oft.sty
Package: tocloft 2017/08/31 v2.3i parameterised ToC, etc., typesetting
Package tocloft Info: The document has chapter divisions on input line 51.
\cftparskip=\skip90
\cftbeforetoctitleskip=\skip91
\cftaftertoctitleskip=\skip92
\cftbeforepartskip=\skip93
\cftpartnumwidth=\skip94
\cftpartindent=\skip95
\cftbeforechapskip=\skip96
\cftchapindent=\skip97
\cftchapnumwidth=\skip98
\cftbeforesecskip=\skip99
\cftsecindent=\skip100
\cftsecnumwidth=\skip101
\cftbeforesubsecskip=\skip102
\cftsubsecindent=\skip103
\cftsubsecnumwidth=\skip104
\cftbeforesubsubsecskip=\skip105
\cftsubsubsecindent=\skip106
\cftsubsubsecnumwidth=\skip107
\cftbeforeparaskip=\skip108
\cftparaindent=\skip109
\cftparanumwidth=\skip110
\cftbeforesubparaskip=\skip111
\cftsubparaindent=\skip112
\cftsubparanumwidth=\skip113
\cftbeforeloftitleskip=\skip114
\cftafterloftitleskip=\skip115
\cftbeforefigskip=\skip116
\cftfigindent=\skip117
\cftfignumwidth=\skip118
\c@lofdepth=\count452
\c@lotdepth=\count453
\cftbeforelottitleskip=\skip119
\cftafterlottitleskip=\skip120
\cftbeforetabskip=\skip121
\cfttabindent=\skip122
\cfttabnumwidth=\skip123
))
Package translations Info: No language package found. I am going to use `englis
h' as default language. on input line 42.
 (./main.aux)
\openout1 = `main.aux'.

LaTeX Font Info:    Checking defaults for OML/cmm/m/it on input line 42.
LaTeX Font Info:    ... okay on input line 42.
LaTeX Font Info:    Checking defaults for OMS/cmsy/m/n on input line 42.
LaTeX Font Info:    ... okay on input line 42.
LaTeX Font Info:    Checking defaults for OT1/cmr/m/n on input line 42.
LaTeX Font Info:    ... okay on input line 42.
LaTeX Font Info:    Checking defaults for T1/cmr/m/n on input line 42.
LaTeX Font Info:    ... okay on input line 42.
LaTeX Font Info:    Checking defaults for TS1/cmr/m/n on input line 42.
LaTeX Font Info:    ... okay on input line 42.
LaTeX Font Info:    Checking defaults for TU/lmr/m/n on input line 42.
LaTeX Font Info:    ... okay on input line 42.
LaTeX Font Info:    Checking defaults for OMX/cmex/m/n on input line 42.
LaTeX Font Info:    ... okay on input line 42.
LaTeX Font Info:    Checking defaults for U/cmr/m/n on input line 42.
LaTeX Font Info:    ... okay on input line 42.
LaTeX Font Info:    Checking defaults for PD1/pdf/m/n on input line 42.
LaTeX Font Info:    ... okay on input line 42.
LaTeX Font Info:    Checking defaults for PU/pdf/m/n on input line 42.
LaTeX Font Info:    ... okay on input line 42.
Package hyperref Info: Link coloring OFF on input line 42.
 (./main.out) (./main.out)
\@outlinefile=\write4
\openout4 = `main.out'.


Package pgfplots notification 'compat/show suggested version=true': document ha
s been generated with the most recent feature set (\pgfplotsset{compat=1.18}).

\c@lstlisting=\count454
LaTeX Info: Redefining \d on input line 42.
LaTeX Info: Redefining \partial on input line 42.

(d:/Program Files (x86)/TeX Live/texlive/2026/texmf-dist/tex/latex/translations
/translations-basic-dictionary-english.trsl
File: translations-basic-dictionary-english.trsl (english translation file `tra
nslations-basic-dictionary')
)
Package translations Info: loading dictionary `translations-basic-dictionary' f
or `english'. on input line 42.
LaTeX Info: Redefining \Re on input line 42.
LaTeX Info: Redefining \Im on input line 42.
LaTeX Font Info:    Overwriting math alphabet `\mathtt' in version `normal'
(Font)                  OT1/cmtt/m/n --> TU/lmtt/m/n on input line 42.
LaTeX Font Info:    Overwriting math alphabet `\mathtt' in version `bold'
(Font)                  OT1/cmtt/m/n --> TU/lmtt/b/n on input line 42.

*geometry* driver: auto-detecting
*geometry* detected driver: xetex
*geometry* verbose mode - [ preamble ] result:
* driver: xetex
* paper: <default>
* layout: <same size as paper>
* layoutoffset:(h,v)=(0.0pt,0.0pt)
* bindingoffset: 28.45274pt
* modes: 
* h-part:(L,W,R)=(85.35826pt, 426.79137pt, 56.9055pt)
* v-part:(T,H,B)=(85.35826pt, 702.78308pt, 56.9055pt)
* \paperwidth=597.50787pt
* \paperheight=845.04684pt
* \textwidth=426.79137pt
* \textheight=702.78308pt
* \oddsidemargin=41.54102pt
* \evensidemargin=13.08827pt
* \topmargin=-16.13809pt
* \headheight=15.0pt
* \headsep=14.22636pt
* \topskip=12.0pt
* \footskip=28.45274pt
* \marginparwidth=35.0pt
* \marginparsep=10.0pt
* \columnsep=10.0pt
* \skip\footins=10.8pt plus 4.0pt minus 2.0pt
* \hoffset=0.0pt
* \voffset=0.0pt
* \mag=1000
* \@twocolumnfalse
* \@twosidefalse
* \@mparswitchfalse
* \@reversemarginfalse
* (1in=72.27pt=25.4mm, 1cm=28.453pt)

Package caption Info: Begin \AtBeginDocument code.
Package caption Info: float package is loaded.
Package caption Info: End \AtBeginDocument code.
*geometry* verbose mode - [ newgeometry ] result:
* driver: xetex
* paper: <default>
* layout: <same size as paper>
* layoutoffset:(h,v)=(0.0pt,0.0pt)
* modes: 
* h-part:(L,W,R)=(85.35826pt, 426.79135pt, 85.35826pt)
* v-part:(T,H,B)=(85.35826pt, 674.33032pt, 85.35826pt)
* \paperwidth=597.50787pt
* \paperheight=845.04684pt
* \textwidth=426.79135pt
* \textheight=674.33032pt
* \oddsidemargin=13.08827pt
* \evensidemargin=13.08827pt
* \topmargin=-16.13809pt
* \headheight=15.0pt
* \headsep=14.22636pt
* \topskip=12.0pt
* \footskip=28.45274pt
* \marginparwidth=35.0pt
* \marginparsep=10.0pt
* \columnsep=10.0pt
* \skip\footins=10.8pt plus 4.0pt minus 2.0pt
* \hoffset=0.0pt
* \voffset=0.0pt
* \mag=1000
* \@twocolumnfalse
* \@twosidefalse
* \@mparswitchfalse
* \@reversemarginfalse
* (1in=72.27pt=25.4mm, 1cm=28.453pt)

File: hdu-title.pdf Graphic file (type pdf)
<use hdu-title.pdf>
LaTeX Font Info:    Font shape `TU/STIXTwoMath(2)/m/n' will be
(Font)              scaled to size 12.04628pt on input line 44.
LaTeX Font Info:    Font shape `TU/STIXTwoMath(2)/m/n' will be
(Font)              scaled to size 8.4324pt on input line 44.
LaTeX Font Info:    Font shape `TU/STIXTwoMath(2)/m/n' will be
(Font)              scaled to size 6.62546pt on input line 44.
LaTeX Font Info:    Font shape `TU/STIXTwoMath(3)/m/n' will be
(Font)              scaled to size 12.0437pt on input line 44.
LaTeX Font Info:    Font shape `TU/STIXTwoMath(3)/m/n' will be
(Font)              scaled to size 8.43059pt on input line 44.
LaTeX Font Info:    Font shape `TU/STIXTwoMath(3)/m/n' will be
(Font)              scaled to size 6.62404pt on input line 44.
LaTeX Font Info:    Trying to load font information for U+msa on input line 44.


(d:/Program Files (x86)/TeX Live/texlive/2026/texmf-dist/tex/latex/amsfonts/ums
a.fd
File: umsa.fd 2013/01/14 v3.01 AMS symbols A
)
LaTeX Font Info:    Trying to load font information for U+msb on input line 44.


(d:/Program Files (x86)/TeX Live/texlive/2026/texmf-dist/tex/latex/amsfonts/ums
b.fd
File: umsb.fd 2013/01/14 v3.01 AMS symbols B
) [1


]
*geometry* verbose mode - [ newgeometry ] result:
* driver: xetex
* paper: <default>
* layout: <same size as paper>
* layoutoffset:(h,v)=(0.0pt,0.0pt)
* modes: 
* h-part:(L,W,R)=(85.35826pt, 426.79135pt, 85.35826pt)
* v-part:(T,H,B)=(85.35826pt, 674.33032pt, 85.35826pt)
* \paperwidth=597.50787pt
* \paperheight=845.04684pt
* \textwidth=426.79135pt
* \textheight=674.33032pt
* \oddsidemargin=13.08827pt
* \evensidemargin=13.08827pt
* \topmargin=-16.13809pt
* \headheight=15.0pt
* \headsep=14.22636pt
* \topskip=12.0pt
* \footskip=28.45274pt
* \marginparwidth=35.0pt
* \marginparsep=10.0pt
* \columnsep=10.0pt
* \skip\footins=10.8pt plus 4.0pt minus 2.0pt
* \hoffset=0.0pt
* \voffset=0.0pt
* \mag=1000
* \@twocolumnfalse
* \@twosidefalse
* \@mparswitchfalse
* \@reversemarginfalse
* (1in=72.27pt=25.4mm, 1cm=28.453pt)

LaTeX Font Info:    Font shape `TU/texgyreheros(0)/m/n' will be
(Font)              scaled to size 10.84042pt on input line 48.
LaTeX Font Info:    Font shape `TU/texgyreheros(0)/m/n' will be
(Font)              scaled to size 16.26062pt on input line 48.
LaTeX Font Info:    Font shape `TU/texgyreheros(0)/b/n' will be
(Font)              scaled to size 16.26062pt on input line 48.
LaTeX Font Info:    Font shape `TU/texgyreheros(0)/b/n' will be
(Font)              scaled to size 12.59991pt on input line 48.
 [1


] [1


]
Overfull \hbox (1.09201pt too wide) in paragraph at lines 70--71
[]\TU/TimesNewRoman(0)/m/n/12.045 This study examines amplitude-dependent drivi
ng, frequency-dependent driving, and
 []

[2


]
LaTeX Font Info:    Font shape `TU/texgyreheros(0)/m/n' will be
(Font)              scaled to size 14.45389pt on input line 85.
 (./main.toc
LaTeX Font Info:    Font shape `TU/STIXTwoMath(2)/m/n' will be
(Font)              scaled to size 12.00128pt on input line 1.
LaTeX Font Info:    Font shape `TU/STIXTwoMath(2)/m/n' will be
(Font)              scaled to size 8.00085pt on input line 1.
LaTeX Font Info:    Font shape `TU/STIXTwoMath(2)/m/n' will be
(Font)              scaled to size 6.00064pt on input line 1.
LaTeX Font Info:    Font shape `TU/STIXTwoMath(3)/m/n' will be
(Font)              scaled to size 11.99872pt on input line 1.
LaTeX Font Info:    Font shape `TU/STIXTwoMath(3)/m/n' will be
(Font)              scaled to size 7.99915pt on input line 1.
LaTeX Font Info:    Font shape `TU/STIXTwoMath(3)/m/n' will be
(Font)              scaled to size 5.99936pt on input line 1.
 [3


])
\tf@toc=\write5
\openout5 = `main.toc'.

 [4] (./chapters/ch01-intro.tex
1
File: figures/fig1-1_skyrmion_vs_hopfion.png Graphic file (type bmp)
<figures/fig1-1_skyrmion_vs_hopfion.png>
File: figures/fig1-2_skyrmion_to_hopfion.png Graphic file (type bmp)
<figures/fig1-2_skyrmion_to_hopfion.png>
LaTeX Font Info:    Calculating math sizes for size <10.5> on input line 26.
LaTeX Font Info:    Font shape `TU/STIXTwoMath(2)/m/n' will be
(Font)              scaled to size 10.50111pt on input line 26.
LaTeX Font Info:    Font shape `TU/STIXTwoMath(2)/m/n' will be
(Font)              scaled to size 7.35074pt on input line 26.
LaTeX Font Info:    Font shape `TU/STIXTwoMath(2)/m/n' will be
(Font)              scaled to size 5.25055pt on input line 26.
LaTeX Font Info:    Font shape `TU/STIXTwoMath(3)/m/n' will be
(Font)              scaled to size 10.49887pt on input line 26.
LaTeX Font Info:    Font shape `TU/STIXTwoMath(3)/m/n' will be
(Font)              scaled to size 7.34917pt on input line 26.
LaTeX Font Info:    Font shape `TU/STIXTwoMath(3)/m/n' will be
(Font)              scaled to size 5.24944pt on input line 26.
[1


] [2]) (./chapters/ch02-theory.tex [3]
2
[4

] [5] [6]
File: figures/fig2-1_hopfion_preimage_view.png Graphic file (type bmp)
<figures/fig2-1_hopfion_preimage_view.png>
 [7]) (./chapters/ch03-construction.tex [8]
3
[9

] [10]
File: figures/fig3-1_hopfion_vis_combined.png Graphic file (type bmp)
<figures/fig3-1_hopfion_vis_combined.png>
) (./chapters/ch04-stability.tex [11] [12]
4
[13

]
File: figures/fig3-4_drift_trajectory_10ns.png Graphic file (type bmp)
<figures/fig3-4_drift_trajectory_10ns.png>
 [14]
File: figures/fig3-8_centered_z_drift.png Graphic file (type bmp)
<figures/fig3-8_centered_z_drift.png>
 [15]
File: figures/fig3-9_centered_Qh_evolution.png Graphic file (type bmp)
<figures/fig3-9_centered_Qh_evolution.png>
 [16]
File: figures/fig3-7_anisotropy_summary.png Graphic file (type bmp)
<figures/fig3-7_anisotropy_summary.png>
 [17] [18]
File: figures/fig3-6_anisotropy_Rr_vs_time.png Graphic file (type bmp)
<figures/fig3-6_anisotropy_Rr_vs_time.png>
 [19

]
File: figures/fig3-3_size_convergence.png Graphic file (type bmp)
<figures/fig3-3_size_convergence.png>
) (./chapters/ch05-dynamics.tex [20]
5

Overfull \hbox (3.39195pt too wide) in paragraph at lines 14--15
[]\TU/FandolSong(0)/m/n/12.045 激 励 源 设 定 为 厚 度 $[][][] []$ 的 薄 片 层，|  施 加 正 弦 振
 荡 外 磁 场 $[][] [] [][] [][][][][][][] []$；|
 []

[21

]
File: figures/fig4-12_point_source_freq_response.png Graphic file (type bmp)
<figures/fig4-12_point_source_freq_response.png>
 [22]
Overfull \hbox (9.02701pt too wide) in paragraph at lines 54--55
\TU/FandolSong(0)/m/n/12.045 的 净 位 移 $[][][][]$ 作 为 判 据，|  驱 动 组 合 被 清 晰 地 分 为 
有 效 与 无 效 两 类。|  一 方 面，| \TU/TimesNewRoman(0)/m/n/12.045 srcX_vibX\TU/FandolSon
g(0)/m/n/12.045 、|
 []

[23]
File: figures/fig4-1_direction_selectivity.png Graphic file (type bmp)
<figures/fig4-1_direction_selectivity.png>
 [24]
Overfull \hbox (11.50424pt too wide) in paragraph at lines 80--81
[]\TU/FandolSong(0)/m/n/12.045 需 要 指 出 的 是，|  三 个 有 效 组 合 在 运 动 方 向 上 展 现 出 系 统
 性 的 分 化 特 征。| \TU/TimesNewRoman(0)/m/n/12.045 srcX_vibX
 []

File: figures/fig4-3_srcX_displacement.png Graphic file (type bmp)
<figures/fig4-3_srcX_displacement.png>
[25]
Overfull \hbox (9.54808pt too wide) in paragraph at lines 95--96
[]\TU/FandolSong(0)/m/n/12.045 仿 真 数 据 呈 现 出 频 率 选 择 性 特 征。|  低 频 区 $[][][] [] 
[] [][][] []$ 与 高 频 区 $[][][][] []$
 []

[26]
File: figures/fig4-5_srcZ_trajectory.png Graphic file (type bmp)
<figures/fig4-5_srcZ_trajectory.png>
 [27]
Overfull \hbox (23.72379pt too wide) in paragraph at lines 114--115
[]\TU/FandolSong(0)/m/n/12.045 在 组 合 为 \TU/TimesNewRoman(0)/m/n/12.045 srcX_vib
X\TU/FandolSong(0)/m/n/12.045 、|  频 率 固 定 在 $[] [] [][][] []$ 的 条 件 下，|  本 文 对 
$[][] [] [][][][] [] [] [][][] []$
 []

File: figures/fig4-8_amplitude_trajectory.png Graphic file (type bmp)
<figures/fig4-8_amplitude_trajectory.png>
[28]
File: figures/fig4-10_multisource_baseline.png Graphic file (type bmp)
<figures/fig4-10_multisource_baseline.png>
 [29]
Overfull \hbox (6.82466pt too wide) in paragraph at lines 139--140
[]\TU/FandolSong(0)/m/n/12.045 为 对 频 率 切 换 方 案 进 行 直 接 验 证，|  本 文 设 计 了 两 阶 段 的
 分 时 序 仿 真 实 验。| \TU/TimesNewRoman(0)/m/n/12.045 Phase 1
 []

File: figures/fig4-11_freq_switch_z_control.png Graphic file (type bmp)
<figures/fig4-11_freq_switch_z_control.png>
) (./chapters/ch06-neuromorphic.tex [30] [31]
6
File: figures/fig6-1_lif_analogy.png Graphic file (type bmp)
<figures/fig6-1_lif_analogy.png>
[32

]
File: figures/fig6-2_device_concept.png Graphic file (type bmp)
<figures/fig6-2_device_concept.png>
 [33]) (./chapters/ch07-conclusion.tex [34]
7
[35

]) (./chapters/acknowledgements.tex [36]) (./main.bbl [37

] [38

] [39])
[40] (./main.aux)
 ***********
LaTeX2e <2025-11-01>
L3 programming layer <2020/04/10>
 ***********
Package rerunfilecheck Info: File `main.out' has not changed.
(rerunfilecheck)             Checksum: AB09E694C3F780550D88F7610C63CAE5;6446.
 )
(\end occurred when \iftrue on line 85 was incomplete)
(\end occurred when \iftrue on line 85 was incomplete)
(\end occurred when \iftrue on line 85 was incomplete)
(\end occurred when \iftrue on line 85 was incomplete)
(\end occurred when \iftrue on line 85 was incomplete)
(\end occurred when \iftrue on line 85 was incomplete) 
Here is how much of TeX's memory you used:
 74210 strings out of 468168
 1952108 string characters out of 5423097
 2901487 words of memory out of 5000000
 101942 multiletter control sequences out of 15000+600000
 647846 words of font info for 240 fonts, out of 8000000 for 9000
 1348 hyphenation exceptions out of 8191
 141i,13n,149p,3253b,1116s stack positions out of 10000i,1000n,20000p,200000b,200000s

Output written on main.pdf (46 pages).
