==============================================
PART 2 Started: 2026-05-14 23:59:53
mumax3 : /home/wujiale/go/bin/mumax3
LD     : /home/wujiale/.local/cuda-12.8/lib64:
DIR    : /mnt/d/Research/Hopfion/20260105_frustrated_fm/spin_wave_dynamics/amplitude_sweep/plane_wave
==============================================
--- [2026-05-14 23:59:53] starting sw_B3p0T.mx3 ---
//mumax 3.11.1 [linux_amd64 go1.24.0(gc) CUDA-12.8]
//commit hash: 549d2a52
//CPU info: Intel(R) Core(TM) i7-14650HX, Cores: 12, MHz: 2419.210
//GPU info: NVIDIA GeForce RTX 5070 Ti Laptop GPU(12226MB), CUDA Driver 12.8, cc=12.0, using cc=120 PTX
//OS  info: Ubuntu 24.04.4 LTS, Hostname: wjl-5070ti-laptop
//Timestamp: 2026-05-14 23:59:55
//(c) Arne Vansteenkiste, Dynamat LAB, Ghent University, Belgium
//This is free software without any warranty. See license.txt
//********************************************************************//
//  If you use mumax in any work or publication,                      //
//  we kindly ask you to cite the references in references.bib        //
//********************************************************************//
//output directory: sw_B3p0T.out/
//starting GUI at http://127.0.0.1:35367
CellSize := 0.5e-9
SetGridSize(100, 100, 100)
SetCellSize(CellSize, CellSize, CellSize)
DefRegion(1, XRange(22.5e-9, 25e-9))
DefRegion(2, XRange(-25e-9, -22.5e-9))
DefRegion(3, YRange(22.5e-9, 25e-9))
DefRegion(4, YRange(-25e-9, -22.5e-9))
DefRegion(5, ZRange(22.5e-9, 25e-9))
DefRegion(6, ZRange(-25e-9, -22.5e-9))
DefRegion(7, XRange(-10e-9, -9.5e-9))
EnableDemag = false
MaxErr = 1e-4
Ms := 1.5e5
Msat = Ms
A_base := 5e-12
Aex = A_base
Dbulk = 0
Dind = 0
Ku1 = 1e4
anisU = vector(0, 0, 1)
alpha = 0.001
alpha.setRegion(1, 100)
alpha.setRegion(2, 100)
alpha.setRegion(3, 100)
alpha.setRegion(4, 100)
alpha.setRegion(5, 100)
alpha.setRegion(6, 100)
A_J4 := A_base * (-0.082)
Coeff_J4 := A_J4 * 2.0 / (Ms * CellSize * CellSize)
sum_J4 := Add(Shifted(m, 2, 0, 0), Shifted(m, -2, 0, 0))
sum_J4 = Add(sum_J4, Shifted(m, 0, 2, 0))
sum_J4 = Add(sum_J4, Shifted(m, 0, -2, 0))
sum_J4 = Add(sum_J4, Shifted(m, 0, 0, 2))
sum_J4 = Add(sum_J4, Shifted(m, 0, 0, -2))
AddFieldTerm(Mul(Const(Coeff_J4), sum_J4))
A_J2 := A_base * (-0.164)
Coeff_J2 := A_J2 * 2.0 / (Ms * CellSize * CellSize)
sum_J2 := Add(Shifted(m, 1, 1, 0), Shifted(m, 1, -1, 0))
sum_J2 = Add(sum_J2, Shifted(m, -1, 1, 0))
sum_J2 = Add(sum_J2, Shifted(m, -1, -1, 0))
sum_J2 = Add(sum_J2, Shifted(m, 0, 1, 1))
sum_J2 = Add(sum_J2, Shifted(m, 0, 1, -1))
sum_J2 = Add(sum_J2, Shifted(m, 0, -1, 1))
sum_J2 = Add(sum_J2, Shifted(m, 0, -1, -1))
sum_J2 = Add(sum_J2, Shifted(m, 1, 0, 1))
sum_J2 = Add(sum_J2, Shifted(m, 1, 0, -1))
sum_J2 = Add(sum_J2, Shifted(m, -1, 0, 1))
sum_J2 = Add(sum_J2, Shifted(m, -1, 0, -1))
AddFieldTerm(Mul(Const(Coeff_J2), sum_J2))
m.LoadFile("/mnt/d/Research/Hopfion/20260105_frustrated_fm/centered_stability_test/stability_Ku10k.out/m000020.ovf")
f_sw := 440e9 * 2 * pi
B_ext.setRegion(7, Vector(3.0*sin(f_sw*t), 0, 0))
autosave(m, 5e-11)
tableautosave(1e-12)
TableAdd(E_Total)
run(0.5e-9)
//********************************************************************//
//Please cite the following references, relevant for your simulation. //
//See bibtex file in output folder for justification.                 //
//********************************************************************//
//   * Vansteenkiste et al., AIP Adv. 4, 107133 (2014).
--- [2026-05-15 04:28:31] finished sw_B3p0T OK ---
--- [2026-05-15 04:28:31] starting sw_B5p0T.mx3 ---
//mumax 3.11.1 [linux_amd64 go1.24.0(gc) CUDA-12.8]
//commit hash: 549d2a52
//CPU info: Intel(R) Core(TM) i7-14650HX, Cores: 12, MHz: 2419.210
//GPU info: NVIDIA GeForce RTX 5070 Ti Laptop GPU(12226MB), CUDA Driver 12.8, cc=12.0, using cc=120 PTX
//OS  info: Ubuntu 24.04.4 LTS, Hostname: wjl-5070ti-laptop
//Timestamp: 2026-05-15 04:28:31
//(c) Arne Vansteenkiste, Dynamat LAB, Ghent University, Belgium
//This is free software without any warranty. See license.txt
//********************************************************************//
//  If you use mumax in any work or publication,                      //
//  we kindly ask you to cite the references in references.bib        //
//********************************************************************//
//output directory: sw_B5p0T.out/
//starting GUI at http://127.0.0.1:35367
CellSize := 0.5e-9
SetGridSize(100, 100, 100)
SetCellSize(CellSize, CellSize, CellSize)
DefRegion(1, XRange(22.5e-9, 25e-9))
DefRegion(2, XRange(-25e-9, -22.5e-9))
DefRegion(3, YRange(22.5e-9, 25e-9))
DefRegion(4, YRange(-25e-9, -22.5e-9))
DefRegion(5, ZRange(22.5e-9, 25e-9))
DefRegion(6, ZRange(-25e-9, -22.5e-9))
DefRegion(7, XRange(-10e-9, -9.5e-9))
EnableDemag = false
MaxErr = 1e-4
Ms := 1.5e5
Msat = Ms
A_base := 5e-12
Aex = A_base
Dbulk = 0
Dind = 0
Ku1 = 1e4
anisU = vector(0, 0, 1)
alpha = 0.001
alpha.setRegion(1, 100)
alpha.setRegion(2, 100)
alpha.setRegion(3, 100)
alpha.setRegion(4, 100)
alpha.setRegion(5, 100)
alpha.setRegion(6, 100)
A_J4 := A_base * (-0.082)
Coeff_J4 := A_J4 * 2.0 / (Ms * CellSize * CellSize)
sum_J4 := Add(Shifted(m, 2, 0, 0), Shifted(m, -2, 0, 0))
sum_J4 = Add(sum_J4, Shifted(m, 0, 2, 0))
sum_J4 = Add(sum_J4, Shifted(m, 0, -2, 0))
sum_J4 = Add(sum_J4, Shifted(m, 0, 0, 2))
sum_J4 = Add(sum_J4, Shifted(m, 0, 0, -2))
AddFieldTerm(Mul(Const(Coeff_J4), sum_J4))
A_J2 := A_base * (-0.164)
Coeff_J2 := A_J2 * 2.0 / (Ms * CellSize * CellSize)
sum_J2 := Add(Shifted(m, 1, 1, 0), Shifted(m, 1, -1, 0))
sum_J2 = Add(sum_J2, Shifted(m, -1, 1, 0))
sum_J2 = Add(sum_J2, Shifted(m, -1, -1, 0))
sum_J2 = Add(sum_J2, Shifted(m, 0, 1, 1))
sum_J2 = Add(sum_J2, Shifted(m, 0, 1, -1))
sum_J2 = Add(sum_J2, Shifted(m, 0, -1, 1))
sum_J2 = Add(sum_J2, Shifted(m, 0, -1, -1))
sum_J2 = Add(sum_J2, Shifted(m, 1, 0, 1))
sum_J2 = Add(sum_J2, Shifted(m, 1, 0, -1))
sum_J2 = Add(sum_J2, Shifted(m, -1, 0, 1))
sum_J2 = Add(sum_J2, Shifted(m, -1, 0, -1))
AddFieldTerm(Mul(Const(Coeff_J2), sum_J2))
m.LoadFile("/mnt/d/Research/Hopfion/20260105_frustrated_fm/centered_stability_test/stability_Ku10k.out/m000020.ovf")
f_sw := 440e9 * 2 * pi
B_ext.setRegion(7, Vector(5.0*sin(f_sw*t), 0, 0))
autosave(m, 5e-11)
tableautosave(1e-12)
TableAdd(E_Total)
run(0.5e-9)
//********************************************************************//
//Please cite the following references, relevant for your simulation. //
//See bibtex file in output folder for justification.                 //
//********************************************************************//
//   * Vansteenkiste et al., AIP Adv. 4, 107133 (2014).
--- [2026-05-15 08:57:54] finished sw_B5p0T OK ---
--- [2026-05-15 08:57:54] starting sw_f200GHz_B0p5T.mx3 ---
//mumax 3.11.1 [linux_amd64 go1.24.0(gc) CUDA-12.8]
//commit hash: 549d2a52
//CPU info: Intel(R) Core(TM) i7-14650HX, Cores: 12, MHz: 2419.210
//GPU info: NVIDIA GeForce RTX 5070 Ti Laptop GPU(12226MB), CUDA Driver 12.8, cc=12.0, using cc=120 PTX
//OS  info: Ubuntu 24.04.4 LTS, Hostname: wjl-5070ti-laptop
//Timestamp: 2026-05-15 08:57:55
//(c) Arne Vansteenkiste, Dynamat LAB, Ghent University, Belgium
//This is free software without any warranty. See license.txt
//********************************************************************//
//  If you use mumax in any work or publication,                      //
//  we kindly ask you to cite the references in references.bib        //
//********************************************************************//
//output directory: sw_f200GHz_B0p5T.out/
//starting GUI at http://127.0.0.1:35367
CellSize := 0.5e-9
SetGridSize(100, 100, 100)
SetCellSize(CellSize, CellSize, CellSize)
DefRegion(1, XRange(22.5e-9, 25e-9))
DefRegion(2, XRange(-25e-9, -22.5e-9))
DefRegion(3, YRange(22.5e-9, 25e-9))
DefRegion(4, YRange(-25e-9, -22.5e-9))
DefRegion(5, ZRange(22.5e-9, 25e-9))
DefRegion(6, ZRange(-25e-9, -22.5e-9))
DefRegion(7, XRange(-10e-9, -9.5e-9))
EnableDemag = false
MaxErr = 1e-4
Ms := 1.5e5
Msat = Ms
A_base := 5e-12
Aex = A_base
Dbulk = 0
Dind = 0
Ku1 = 1e4
anisU = vector(0, 0, 1)
alpha = 0.001
alpha.setRegion(1, 100)
alpha.setRegion(2, 100)
alpha.setRegion(3, 100)
alpha.setRegion(4, 100)
alpha.setRegion(5, 100)
alpha.setRegion(6, 100)
A_J4 := A_base * (-0.082)
Coeff_J4 := A_J4 * 2.0 / (Ms * CellSize * CellSize)
sum_J4 := Add(Shifted(m, 2, 0, 0), Shifted(m, -2, 0, 0))
sum_J4 = Add(sum_J4, Shifted(m, 0, 2, 0))
sum_J4 = Add(sum_J4, Shifted(m, 0, -2, 0))
sum_J4 = Add(sum_J4, Shifted(m, 0, 0, 2))
sum_J4 = Add(sum_J4, Shifted(m, 0, 0, -2))
AddFieldTerm(Mul(Const(Coeff_J4), sum_J4))
A_J2 := A_base * (-0.164)
Coeff_J2 := A_J2 * 2.0 / (Ms * CellSize * CellSize)
sum_J2 := Add(Shifted(m, 1, 1, 0), Shifted(m, 1, -1, 0))
sum_J2 = Add(sum_J2, Shifted(m, -1, 1, 0))
sum_J2 = Add(sum_J2, Shifted(m, -1, -1, 0))
sum_J2 = Add(sum_J2, Shifted(m, 0, 1, 1))
sum_J2 = Add(sum_J2, Shifted(m, 0, 1, -1))
sum_J2 = Add(sum_J2, Shifted(m, 0, -1, 1))
sum_J2 = Add(sum_J2, Shifted(m, 0, -1, -1))
sum_J2 = Add(sum_J2, Shifted(m, 1, 0, 1))
sum_J2 = Add(sum_J2, Shifted(m, 1, 0, -1))
sum_J2 = Add(sum_J2, Shifted(m, -1, 0, 1))
sum_J2 = Add(sum_J2, Shifted(m, -1, 0, -1))
AddFieldTerm(Mul(Const(Coeff_J2), sum_J2))
m.LoadFile("/mnt/d/Research/Hopfion/20260105_frustrated_fm/centered_stability_test/stability_Ku10k.out/m000020.ovf")
f_sw := 200e9 * 2 * pi
B_ext.setRegion(7, Vector(0.5*sin(f_sw*t), 0, 0))
autosave(m, 5e-11)
tableautosave(1e-12)
TableAdd(E_Total)
run(0.5e-9)
//********************************************************************//
//Please cite the following references, relevant for your simulation. //
//See bibtex file in output folder for justification.                 //
//********************************************************************//
//   * Vansteenkiste et al., AIP Adv. 4, 107133 (2014).
--- [2026-05-15 13:26:31] finished sw_f200GHz_B0p5T OK ---
--- [2026-05-15 13:26:31] starting sw_f200GHz_B2p0T.mx3 ---
//mumax 3.11.1 [linux_amd64 go1.24.0(gc) CUDA-12.8]
//commit hash: 549d2a52
//CPU info: Intel(R) Core(TM) i7-14650HX, Cores: 12, MHz: 2419.210
//GPU info: NVIDIA GeForce RTX 5070 Ti Laptop GPU(12226MB), CUDA Driver 12.8, cc=12.0, using cc=120 PTX
//OS  info: Ubuntu 24.04.4 LTS, Hostname: wjl-5070ti-laptop
//Timestamp: 2026-05-15 13:26:32
//(c) Arne Vansteenkiste, Dynamat LAB, Ghent University, Belgium
//This is free software without any warranty. See license.txt
//********************************************************************//
//  If you use mumax in any work or publication,                      //
//  we kindly ask you to cite the references in references.bib        //
//********************************************************************//
//output directory: sw_f200GHz_B2p0T.out/
//starting GUI at http://127.0.0.1:35367
CellSize := 0.5e-9
SetGridSize(100, 100, 100)
SetCellSize(CellSize, CellSize, CellSize)
DefRegion(1, XRange(22.5e-9, 25e-9))
DefRegion(2, XRange(-25e-9, -22.5e-9))
DefRegion(3, YRange(22.5e-9, 25e-9))
DefRegion(4, YRange(-25e-9, -22.5e-9))
DefRegion(5, ZRange(22.5e-9, 25e-9))
DefRegion(6, ZRange(-25e-9, -22.5e-9))
DefRegion(7, XRange(-10e-9, -9.5e-9))
EnableDemag = false
MaxErr = 1e-4
Ms := 1.5e5
Msat = Ms
A_base := 5e-12
Aex = A_base
Dbulk = 0
Dind = 0
Ku1 = 1e4
anisU = vector(0, 0, 1)
alpha = 0.001
alpha.setRegion(1, 100)
alpha.setRegion(2, 100)
alpha.setRegion(3, 100)
alpha.setRegion(4, 100)
alpha.setRegion(5, 100)
alpha.setRegion(6, 100)
A_J4 := A_base * (-0.082)
Coeff_J4 := A_J4 * 2.0 / (Ms * CellSize * CellSize)
sum_J4 := Add(Shifted(m, 2, 0, 0), Shifted(m, -2, 0, 0))
sum_J4 = Add(sum_J4, Shifted(m, 0, 2, 0))
sum_J4 = Add(sum_J4, Shifted(m, 0, -2, 0))
sum_J4 = Add(sum_J4, Shifted(m, 0, 0, 2))
sum_J4 = Add(sum_J4, Shifted(m, 0, 0, -2))
AddFieldTerm(Mul(Const(Coeff_J4), sum_J4))
A_J2 := A_base * (-0.164)
Coeff_J2 := A_J2 * 2.0 / (Ms * CellSize * CellSize)
sum_J2 := Add(Shifted(m, 1, 1, 0), Shifted(m, 1, -1, 0))
sum_J2 = Add(sum_J2, Shifted(m, -1, 1, 0))
sum_J2 = Add(sum_J2, Shifted(m, -1, -1, 0))
sum_J2 = Add(sum_J2, Shifted(m, 0, 1, 1))
sum_J2 = Add(sum_J2, Shifted(m, 0, 1, -1))
sum_J2 = Add(sum_J2, Shifted(m, 0, -1, 1))
sum_J2 = Add(sum_J2, Shifted(m, 0, -1, -1))
sum_J2 = Add(sum_J2, Shifted(m, 1, 0, 1))
sum_J2 = Add(sum_J2, Shifted(m, 1, 0, -1))
sum_J2 = Add(sum_J2, Shifted(m, -1, 0, 1))
sum_J2 = Add(sum_J2, Shifted(m, -1, 0, -1))
AddFieldTerm(Mul(Const(Coeff_J2), sum_J2))
m.LoadFile("/mnt/d/Research/Hopfion/20260105_frustrated_fm/centered_stability_test/stability_Ku10k.out/m000020.ovf")
f_sw := 200e9 * 2 * pi
B_ext.setRegion(7, Vector(2.0*sin(f_sw*t), 0, 0))
autosave(m, 5e-11)
tableautosave(1e-12)
TableAdd(E_Total)
run(0.5e-9)
//********************************************************************//
//Please cite the following references, relevant for your simulation. //
//See bibtex file in output folder for justification.                 //
//********************************************************************//
//   * Vansteenkiste et al., AIP Adv. 4, 107133 (2014).
--- [2026-05-15 17:53:05] finished sw_f200GHz_B2p0T OK ---
--- [2026-05-15 17:53:05] starting sw_f1000GHz_B0p5T.mx3 ---
//mumax 3.11.1 [linux_amd64 go1.24.0(gc) CUDA-12.8]
//commit hash: 549d2a52
//CPU info: Intel(R) Core(TM) i7-14650HX, Cores: 12, MHz: 2419.210
//GPU info: NVIDIA GeForce RTX 5070 Ti Laptop GPU(12226MB), CUDA Driver 12.8, cc=12.0, using cc=120 PTX
//OS  info: Ubuntu 24.04.4 LTS, Hostname: wjl-5070ti-laptop
//Timestamp: 2026-05-15 17:53:06
//(c) Arne Vansteenkiste, Dynamat LAB, Ghent University, Belgium
//This is free software without any warranty. See license.txt
//********************************************************************//
//  If you use mumax in any work or publication,                      //
//  we kindly ask you to cite the references in references.bib        //
//********************************************************************//
//output directory: sw_f1000GHz_B0p5T.out/
//starting GUI at http://127.0.0.1:35367
CellSize := 0.5e-9
SetGridSize(100, 100, 100)
SetCellSize(CellSize, CellSize, CellSize)
DefRegion(1, XRange(22.5e-9, 25e-9))
DefRegion(2, XRange(-25e-9, -22.5e-9))
DefRegion(3, YRange(22.5e-9, 25e-9))
DefRegion(4, YRange(-25e-9, -22.5e-9))
DefRegion(5, ZRange(22.5e-9, 25e-9))
DefRegion(6, ZRange(-25e-9, -22.5e-9))
DefRegion(7, XRange(-10e-9, -9.5e-9))
EnableDemag = false
MaxErr = 1e-4
Ms := 1.5e5
Msat = Ms
A_base := 5e-12
Aex = A_base
Dbulk = 0
Dind = 0
Ku1 = 1e4
anisU = vector(0, 0, 1)
alpha = 0.001
alpha.setRegion(1, 100)
alpha.setRegion(2, 100)
alpha.setRegion(3, 100)
alpha.setRegion(4, 100)
alpha.setRegion(5, 100)
alpha.setRegion(6, 100)
A_J4 := A_base * (-0.082)
Coeff_J4 := A_J4 * 2.0 / (Ms * CellSize * CellSize)
sum_J4 := Add(Shifted(m, 2, 0, 0), Shifted(m, -2, 0, 0))
sum_J4 = Add(sum_J4, Shifted(m, 0, 2, 0))
sum_J4 = Add(sum_J4, Shifted(m, 0, -2, 0))
sum_J4 = Add(sum_J4, Shifted(m, 0, 0, 2))
sum_J4 = Add(sum_J4, Shifted(m, 0, 0, -2))
AddFieldTerm(Mul(Const(Coeff_J4), sum_J4))
A_J2 := A_base * (-0.164)
Coeff_J2 := A_J2 * 2.0 / (Ms * CellSize * CellSize)
sum_J2 := Add(Shifted(m, 1, 1, 0), Shifted(m, 1, -1, 0))
sum_J2 = Add(sum_J2, Shifted(m, -1, 1, 0))
sum_J2 = Add(sum_J2, Shifted(m, -1, -1, 0))
sum_J2 = Add(sum_J2, Shifted(m, 0, 1, 1))
sum_J2 = Add(sum_J2, Shifted(m, 0, 1, -1))
sum_J2 = Add(sum_J2, Shifted(m, 0, -1, 1))
sum_J2 = Add(sum_J2, Shifted(m, 0, -1, -1))
sum_J2 = Add(sum_J2, Shifted(m, 1, 0, 1))
sum_J2 = Add(sum_J2, Shifted(m, 1, 0, -1))
sum_J2 = Add(sum_J2, Shifted(m, -1, 0, 1))
sum_J2 = Add(sum_J2, Shifted(m, -1, 0, -1))
AddFieldTerm(Mul(Const(Coeff_J2), sum_J2))
m.LoadFile("/mnt/d/Research/Hopfion/20260105_frustrated_fm/centered_stability_test/stability_Ku10k.out/m000020.ovf")
f_sw := 1000e9 * 2 * pi
B_ext.setRegion(7, Vector(0.5*sin(f_sw*t), 0, 0))
autosave(m, 5e-11)
tableautosave(1e-12)
TableAdd(E_Total)
run(0.5e-9)
//********************************************************************//
//Please cite the following references, relevant for your simulation. //
//See bibtex file in output folder for justification.                 //
//********************************************************************//
//   * Vansteenkiste et al., AIP Adv. 4, 107133 (2014).
--- [2026-05-15 22:22:42] finished sw_f1000GHz_B0p5T OK ---
--- [2026-05-15 22:22:42] starting sw_f1000GHz_B2p0T.mx3 ---
//mumax 3.11.1 [linux_amd64 go1.24.0(gc) CUDA-12.8]
//commit hash: 549d2a52
//CPU info: Intel(R) Core(TM) i7-14650HX, Cores: 12, MHz: 2419.210
//GPU info: NVIDIA GeForce RTX 5070 Ti Laptop GPU(12226MB), CUDA Driver 12.8, cc=12.0, using cc=120 PTX
//OS  info: Ubuntu 24.04.4 LTS, Hostname: wjl-5070ti-laptop
//Timestamp: 2026-05-15 22:22:44
//(c) Arne Vansteenkiste, Dynamat LAB, Ghent University, Belgium
//This is free software without any warranty. See license.txt
//********************************************************************//
//  If you use mumax in any work or publication,                      //
//  we kindly ask you to cite the references in references.bib        //
//********************************************************************//
//output directory: sw_f1000GHz_B2p0T.out/
//starting GUI at http://127.0.0.1:35367
CellSize := 0.5e-9
SetGridSize(100, 100, 100)
SetCellSize(CellSize, CellSize, CellSize)
DefRegion(1, XRange(22.5e-9, 25e-9))
DefRegion(2, XRange(-25e-9, -22.5e-9))
DefRegion(3, YRange(22.5e-9, 25e-9))
DefRegion(4, YRange(-25e-9, -22.5e-9))
DefRegion(5, ZRange(22.5e-9, 25e-9))
DefRegion(6, ZRange(-25e-9, -22.5e-9))
DefRegion(7, XRange(-10e-9, -9.5e-9))
EnableDemag = false
MaxErr = 1e-4
Ms := 1.5e5
Msat = Ms
A_base := 5e-12
Aex = A_base
Dbulk = 0
Dind = 0
Ku1 = 1e4
anisU = vector(0, 0, 1)
alpha = 0.001
alpha.setRegion(1, 100)
alpha.setRegion(2, 100)
alpha.setRegion(3, 100)
alpha.setRegion(4, 100)
alpha.setRegion(5, 100)
alpha.setRegion(6, 100)
A_J4 := A_base * (-0.082)
Coeff_J4 := A_J4 * 2.0 / (Ms * CellSize * CellSize)
sum_J4 := Add(Shifted(m, 2, 0, 0), Shifted(m, -2, 0, 0))
sum_J4 = Add(sum_J4, Shifted(m, 0, 2, 0))
sum_J4 = Add(sum_J4, Shifted(m, 0, -2, 0))
sum_J4 = Add(sum_J4, Shifted(m, 0, 0, 2))
sum_J4 = Add(sum_J4, Shifted(m, 0, 0, -2))
AddFieldTerm(Mul(Const(Coeff_J4), sum_J4))
A_J2 := A_base * (-0.164)
Coeff_J2 := A_J2 * 2.0 / (Ms * CellSize * CellSize)
sum_J2 := Add(Shifted(m, 1, 1, 0), Shifted(m, 1, -1, 0))
sum_J2 = Add(sum_J2, Shifted(m, -1, 1, 0))
sum_J2 = Add(sum_J2, Shifted(m, -1, -1, 0))
sum_J2 = Add(sum_J2, Shifted(m, 0, 1, 1))
sum_J2 = Add(sum_J2, Shifted(m, 0, 1, -1))
sum_J2 = Add(sum_J2, Shifted(m, 0, -1, 1))
sum_J2 = Add(sum_J2, Shifted(m, 0, -1, -1))
sum_J2 = Add(sum_J2, Shifted(m, 1, 0, 1))
sum_J2 = Add(sum_J2, Shifted(m, 1, 0, -1))
sum_J2 = Add(sum_J2, Shifted(m, -1, 0, 1))
sum_J2 = Add(sum_J2, Shifted(m, -1, 0, -1))
AddFieldTerm(Mul(Const(Coeff_J2), sum_J2))
m.LoadFile("/mnt/d/Research/Hopfion/20260105_frustrated_fm/centered_stability_test/stability_Ku10k.out/m000020.ovf")
f_sw := 1000e9 * 2 * pi
B_ext.setRegion(7, Vector(2.0*sin(f_sw*t), 0, 0))
autosave(m, 5e-11)
tableautosave(1e-12)
TableAdd(E_Total)
run(0.5e-9)
