===== Supplementary simulations start: Fri Apr 10 01:56:01 +08 2026 =====
LD_LIBRARY_PATH=/home/wujiale/.local/cuda-12.8/lib64:
mumax3 path: /home/wujiale/go/bin/mumax3

=== freq_switch v3: need re-run (found 150/220 frames) ===
//mumax 3.11.1 [linux_amd64 go1.24.0(gc) CUDA-12.8]
//commit hash: 549d2a52
//CPU info: Intel(R) Core(TM) i7-14650HX, Cores: 12, MHz: 2419.210
//GPU info: NVIDIA GeForce RTX 5070 Ti Laptop GPU(12226MB), CUDA Driver 12.8, cc=12.0, using cc=120 PTX
//OS  info: Ubuntu 24.04.4 LTS, Hostname: wjl-5070ti-laptop
//Timestamp: 2026-04-10 01:56:02
//(c) Arne Vansteenkiste, Dynamat LAB, Ghent University, Belgium
//This is free software without any warranty. See license.txt
//********************************************************************//
//  If you use mumax in any work or publication,                      //
//  we kindly ask you to cite the references in references.bib        //
//********************************************************************//
//output directory: freq_switch_bidirectional_v3.out/
//starting GUI at http://127.0.0.1:35367
CellSize := 0.5e-9
SetGridSize(100, 100, 100)
SetCellSize(CellSize, CellSize, CellSize)
DefRegion(1, XRange(22.5e-9, 25e-9))
DefRegion(2, XRange(-25e-9, -22.5e-9))
DefRegion(3, YRange(22.5e-9, 25e-9))
DefRegion(4, YRange(-25e-9, -22.5e-9))
DefRegion(5, ZRange(22.5e-9, 25e-9))
DefRegion(6, ZRange(-25e-9, -22.5e-9))
DefRegion(7, ZRange(-10e-9, -9.5e-9))
EnableDemag = false
MaxErr = 1e-4
Ms := 1.5e5
Msat = Ms
A_base := 5e-12
Aex = A_base
Dbulk = 0
Dind = 0
Ku1 = 1e4
anisU = vector(0, 0, 1)
alpha = 0.001
alpha.setRegion(1, 100)
alpha.setRegion(2, 100)
alpha.setRegion(3, 100)
alpha.setRegion(4, 100)
alpha.setRegion(5, 100)
alpha.setRegion(6, 100)
A_J4 := A_base * (-0.082)
Coeff_J4 := A_J4 * 2.0 / (Ms * CellSize * CellSize)
sum_J4 := Add(Shifted(m, 2, 0, 0), Shifted(m, -2, 0, 0))
sum_J4 = Add(sum_J4, Shifted(m, 0, 2, 0))
sum_J4 = Add(sum_J4, Shifted(m, 0, -2, 0))
sum_J4 = Add(sum_J4, Shifted(m, 0, 0, 2))
sum_J4 = Add(sum_J4, Shifted(m, 0, 0, -2))
AddFieldTerm(Mul(Const(Coeff_J4), sum_J4))
A_J2 := A_base * (-0.164)
Coeff_J2 := A_J2 * 2.0 / (Ms * CellSize * CellSize)
sum_J2 := Add(Shifted(m, 1, 1, 0), Shifted(m, 1, -1, 0))
sum_J2 = Add(sum_J2, Shifted(m, -1, 1, 0))
sum_J2 = Add(sum_J2, Shifted(m, -1, -1, 0))
sum_J2 = Add(sum_J2, Shifted(m, 0, 1, 1))
sum_J2 = Add(sum_J2, Shifted(m, 0, 1, -1))
sum_J2 = Add(sum_J2, Shifted(m, 0, -1, 1))
sum_J2 = Add(sum_J2, Shifted(m, 0, -1, -1))
sum_J2 = Add(sum_J2, Shifted(m, 1, 0, 1))
sum_J2 = Add(sum_J2, Shifted(m, 1, 0, -1))
sum_J2 = Add(sum_J2, Shifted(m, -1, 0, 1))
sum_J2 = Add(sum_J2, Shifted(m, -1, 0, -1))
AddFieldTerm(Mul(Const(Coeff_J2), sum_J2))
m.LoadFile("/mnt/d/Research/Hopfion/20260105_frustrated_fm/centered_stability_test/stability_Ku10k.out/m000020.ovf")
autosave(m, 5e-12)
tableautosave(1e-12)
TableAdd(E_Total)
f1 := 100e9 * 2 * pi
B_ext.setRegion(7, Vector(sin(f1*t), 0, 0))
run(0.50e-9)
f2 := 1100e9 * 2 * pi
B_ext.setRegion(7, Vector(sin(f2*t), 0, 0))
run(0.50e-9)
B_ext.setRegion(7, Vector(0, 0, 0))
run(0.10e-9)
//********************************************************************//
//Please cite the following references, relevant for your simulation. //
//See bibtex file in output folder for justification.                 //
//********************************************************************//
//   * Vansteenkiste et al., AIP Adv. 4, 107133 (2014).

=== srcZ B=0p1T @1100GHz ===
//mumax 3.11.1 [linux_amd64 go1.24.0(gc) CUDA-12.8]
//commit hash: 549d2a52
//CPU info: Intel(R) Core(TM) i7-14650HX, Cores: 12, MHz: 2419.210
//GPU info: NVIDIA GeForce RTX 5070 Ti Laptop GPU(12226MB), CUDA Driver 12.8, cc=12.0, using cc=120 PTX
//OS  info: Ubuntu 24.04.4 LTS, Hostname: wjl-5070ti-laptop
//Timestamp: 2026-04-10 09:04:16
//(c) Arne Vansteenkiste, Dynamat LAB, Ghent University, Belgium
//This is free software without any warranty. See license.txt
//********************************************************************//
//  If you use mumax in any work or publication,                      //
//  we kindly ask you to cite the references in references.bib        //
//********************************************************************//
//output directory: sw_srcZ_B0p1T.out/
//starting GUI at http://127.0.0.1:35367
CellSize := 0.5e-9
SetGridSize(100, 100, 100)
SetCellSize(CellSize, CellSize, CellSize)
DefRegion(1, XRange(22.5e-9, 25e-9))
DefRegion(2, XRange(-25e-9, -22.5e-9))
DefRegion(3, YRange(22.5e-9, 25e-9))
DefRegion(4, YRange(-25e-9, -22.5e-9))
DefRegion(5, ZRange(22.5e-9, 25e-9))
DefRegion(6, ZRange(-25e-9, -22.5e-9))
DefRegion(7, ZRange(-10e-9, -9.5e-9))
EnableDemag = false
MaxErr = 1e-4
Ms := 1.5e5
Msat = Ms
A_base := 5e-12
Aex = A_base
Dbulk = 0
Dind = 0
Ku1 = 1e4
anisU = vector(0, 0, 1)
alpha = 0.001
alpha.setRegion(1, 100)
alpha.setRegion(2, 100)
alpha.setRegion(3, 100)
alpha.setRegion(4, 100)
alpha.setRegion(5, 100)
alpha.setRegion(6, 100)
A_J4 := A_base * (-0.082)
Coeff_J4 := A_J4 * 2.0 / (Ms * CellSize * CellSize)
sum_J4 := Add(Shifted(m, 2, 0, 0), Shifted(m, -2, 0, 0))
sum_J4 = Add(sum_J4, Shifted(m, 0, 2, 0))
sum_J4 = Add(sum_J4, Shifted(m, 0, -2, 0))
sum_J4 = Add(sum_J4, Shifted(m, 0, 0, 2))
sum_J4 = Add(sum_J4, Shifted(m, 0, 0, -2))
AddFieldTerm(Mul(Const(Coeff_J4), sum_J4))
A_J2 := A_base * (-0.164)
Coeff_J2 := A_J2 * 2.0 / (Ms * CellSize * CellSize)
sum_J2 := Add(Shifted(m, 1, 1, 0), Shifted(m, 1, -1, 0))
sum_J2 = Add(sum_J2, Shifted(m, -1, 1, 0))
sum_J2 = Add(sum_J2, Shifted(m, -1, -1, 0))
sum_J2 = Add(sum_J2, Shifted(m, 0, 1, 1))
sum_J2 = Add(sum_J2, Shifted(m, 0, 1, -1))
sum_J2 = Add(sum_J2, Shifted(m, 0, -1, 1))
sum_J2 = Add(sum_J2, Shifted(m, 0, -1, -1))
sum_J2 = Add(sum_J2, Shifted(m, 1, 0, 1))
sum_J2 = Add(sum_J2, Shifted(m, 1, 0, -1))
sum_J2 = Add(sum_J2, Shifted(m, -1, 0, 1))
sum_J2 = Add(sum_J2, Shifted(m, -1, 0, -1))
AddFieldTerm(Mul(Const(Coeff_J2), sum_J2))
m.LoadFile("/mnt/d/Research/Hopfion/20260105_frustrated_fm/centered_stability_test/stability_Ku10k.out/m000020.ovf")
f_sw := 1100e9 * 2 * pi
B_ext.setRegion(7, Vector(0.1*sin(f_sw*t), 0, 0))
autosave(m, 5e-12)
tableautosave(1e-12)
TableAdd(E_Total)
run(0.5e-9)
//********************************************************************//
//Please cite the following references, relevant for your simulation. //
//See bibtex file in output folder for justification.                 //
//********************************************************************//
//   * Vansteenkiste et al., AIP Adv. 4, 107133 (2014).

=== srcZ B=0p2T @1100GHz ===
//mumax 3.11.1 [linux_amd64 go1.24.0(gc) CUDA-12.8]
//commit hash: 549d2a52
//CPU info: Intel(R) Core(TM) i7-14650HX, Cores: 12, MHz: 2419.210
//GPU info: NVIDIA GeForce RTX 5070 Ti Laptop GPU(12226MB), CUDA Driver 12.8, cc=12.0, using cc=120 PTX
//OS  info: Ubuntu 24.04.4 LTS, Hostname: wjl-5070ti-laptop
//Timestamp: 2026-04-10 12:17:58
//(c) Arne Vansteenkiste, Dynamat LAB, Ghent University, Belgium
//This is free software without any warranty. See license.txt
//********************************************************************//
//  If you use mumax in any work or publication,                      //
//  we kindly ask you to cite the references in references.bib        //
//********************************************************************//
//output directory: sw_srcZ_B0p2T.out/
//starting GUI at http://127.0.0.1:35367
CellSize := 0.5e-9
SetGridSize(100, 100, 100)
SetCellSize(CellSize, CellSize, CellSize)
DefRegion(1, XRange(22.5e-9, 25e-9))
DefRegion(2, XRange(-25e-9, -22.5e-9))
DefRegion(3, YRange(22.5e-9, 25e-9))
DefRegion(4, YRange(-25e-9, -22.5e-9))
DefRegion(5, ZRange(22.5e-9, 25e-9))
DefRegion(6, ZRange(-25e-9, -22.5e-9))
DefRegion(7, ZRange(-10e-9, -9.5e-9))
EnableDemag = false
MaxErr = 1e-4
Ms := 1.5e5
Msat = Ms
A_base := 5e-12
Aex = A_base
Dbulk = 0
Dind = 0
Ku1 = 1e4
anisU = vector(0, 0, 1)
alpha = 0.001
alpha.setRegion(1, 100)
alpha.setRegion(2, 100)
alpha.setRegion(3, 100)
alpha.setRegion(4, 100)
alpha.setRegion(5, 100)
alpha.setRegion(6, 100)
A_J4 := A_base * (-0.082)
Coeff_J4 := A_J4 * 2.0 / (Ms * CellSize * CellSize)
sum_J4 := Add(Shifted(m, 2, 0, 0), Shifted(m, -2, 0, 0))
sum_J4 = Add(sum_J4, Shifted(m, 0, 2, 0))
sum_J4 = Add(sum_J4, Shifted(m, 0, -2, 0))
sum_J4 = Add(sum_J4, Shifted(m, 0, 0, 2))
sum_J4 = Add(sum_J4, Shifted(m, 0, 0, -2))
AddFieldTerm(Mul(Const(Coeff_J4), sum_J4))
A_J2 := A_base * (-0.164)
Coeff_J2 := A_J2 * 2.0 / (Ms * CellSize * CellSize)
sum_J2 := Add(Shifted(m, 1, 1, 0), Shifted(m, 1, -1, 0))
sum_J2 = Add(sum_J2, Shifted(m, -1, 1, 0))
sum_J2 = Add(sum_J2, Shifted(m, -1, -1, 0))
sum_J2 = Add(sum_J2, Shifted(m, 0, 1, 1))
sum_J2 = Add(sum_J2, Shifted(m, 0, 1, -1))
sum_J2 = Add(sum_J2, Shifted(m, 0, -1, 1))
sum_J2 = Add(sum_J2, Shifted(m, 0, -1, -1))
sum_J2 = Add(sum_J2, Shifted(m, 1, 0, 1))
sum_J2 = Add(sum_J2, Shifted(m, 1, 0, -1))
sum_J2 = Add(sum_J2, Shifted(m, -1, 0, 1))
sum_J2 = Add(sum_J2, Shifted(m, -1, 0, -1))
AddFieldTerm(Mul(Const(Coeff_J2), sum_J2))
m.LoadFile("/mnt/d/Research/Hopfion/20260105_frustrated_fm/centered_stability_test/stability_Ku10k.out/m000020.ovf")
f_sw := 1100e9 * 2 * pi
B_ext.setRegion(7, Vector(0.2*sin(f_sw*t), 0, 0))
autosave(m, 5e-12)
tableautosave(1e-12)
TableAdd(E_Total)
run(0.5e-9)
//********************************************************************//
//Please cite the following references, relevant for your simulation. //
//See bibtex file in output folder for justification.                 //
//********************************************************************//
//   * Vansteenkiste et al., AIP Adv. 4, 107133 (2014).

=== srcZ B=0p5T @1100GHz ===
//mumax 3.11.1 [linux_amd64 go1.24.0(gc) CUDA-12.8]
//commit hash: 549d2a52
//CPU info: Intel(R) Core(TM) i7-14650HX, Cores: 12, MHz: 2419.210
//GPU info: NVIDIA GeForce RTX 5070 Ti Laptop GPU(12226MB), CUDA Driver 12.8, cc=12.0, using cc=120 PTX
//OS  info: Ubuntu 24.04.4 LTS, Hostname: wjl-5070ti-laptop
//Timestamp: 2026-04-10 15:30:34
//(c) Arne Vansteenkiste, Dynamat LAB, Ghent University, Belgium
//This is free software without any warranty. See license.txt
//********************************************************************//
//  If you use mumax in any work or publication,                      //
//  we kindly ask you to cite the references in references.bib        //
//********************************************************************//
//output directory: sw_srcZ_B0p5T.out/
//starting GUI at http://127.0.0.1:35367
CellSize := 0.5e-9
SetGridSize(100, 100, 100)
SetCellSize(CellSize, CellSize, CellSize)
DefRegion(1, XRange(22.5e-9, 25e-9))
DefRegion(2, XRange(-25e-9, -22.5e-9))
DefRegion(3, YRange(22.5e-9, 25e-9))
DefRegion(4, YRange(-25e-9, -22.5e-9))
DefRegion(5, ZRange(22.5e-9, 25e-9))
DefRegion(6, ZRange(-25e-9, -22.5e-9))
DefRegion(7, ZRange(-10e-9, -9.5e-9))
EnableDemag = false
MaxErr = 1e-4
Ms := 1.5e5
Msat = Ms
A_base := 5e-12
Aex = A_base
Dbulk = 0
Dind = 0
Ku1 = 1e4
anisU = vector(0, 0, 1)
alpha = 0.001
alpha.setRegion(1, 100)
alpha.setRegion(2, 100)
alpha.setRegion(3, 100)
alpha.setRegion(4, 100)
alpha.setRegion(5, 100)
alpha.setRegion(6, 100)
A_J4 := A_base * (-0.082)
Coeff_J4 := A_J4 * 2.0 / (Ms * CellSize * CellSize)
sum_J4 := Add(Shifted(m, 2, 0, 0), Shifted(m, -2, 0, 0))
sum_J4 = Add(sum_J4, Shifted(m, 0, 2, 0))
sum_J4 = Add(sum_J4, Shifted(m, 0, -2, 0))
sum_J4 = Add(sum_J4, Shifted(m, 0, 0, 2))
sum_J4 = Add(sum_J4, Shifted(m, 0, 0, -2))
AddFieldTerm(Mul(Const(Coeff_J4), sum_J4))
A_J2 := A_base * (-0.164)
Coeff_J2 := A_J2 * 2.0 / (Ms * CellSize * CellSize)
sum_J2 := Add(Shifted(m, 1, 1, 0), Shifted(m, 1, -1, 0))
sum_J2 = Add(sum_J2, Shifted(m, -1, 1, 0))
sum_J2 = Add(sum_J2, Shifted(m, -1, -1, 0))
sum_J2 = Add(sum_J2, Shifted(m, 0, 1, 1))
sum_J2 = Add(sum_J2, Shifted(m, 0, 1, -1))
sum_J2 = Add(sum_J2, Shifted(m, 0, -1, 1))
sum_J2 = Add(sum_J2, Shifted(m, 0, -1, -1))
sum_J2 = Add(sum_J2, Shifted(m, 1, 0, 1))
sum_J2 = Add(sum_J2, Shifted(m, 1, 0, -1))
sum_J2 = Add(sum_J2, Shifted(m, -1, 0, 1))
sum_J2 = Add(sum_J2, Shifted(m, -1, 0, -1))
AddFieldTerm(Mul(Const(Coeff_J2), sum_J2))
m.LoadFile("/mnt/d/Research/Hopfion/20260105_frustrated_fm/centered_stability_test/stability_Ku10k.out/m000020.ovf")
f_sw := 1100e9 * 2 * pi
B_ext.setRegion(7, Vector(0.5*sin(f_sw*t), 0, 0))
autosave(m, 5e-12)
tableautosave(1e-12)
TableAdd(E_Total)
run(0.5e-9)
//********************************************************************//
//Please cite the following references, relevant for your simulation. //
//See bibtex file in output folder for justification.                 //
//********************************************************************//
//   * Vansteenkiste et al., AIP Adv. 4, 107133 (2014).

=== srcZ B=1p0T @1100GHz ===
//mumax 3.11.1 [linux_amd64 go1.24.0(gc) CUDA-12.8]
//commit hash: 549d2a52
//CPU info: Intel(R) Core(TM) i7-14650HX, Cores: 12, MHz: 2419.210
//GPU info: NVIDIA GeForce RTX 5070 Ti Laptop GPU(12226MB), CUDA Driver 12.8, cc=12.0, using cc=120 PTX
//OS  info: Ubuntu 24.04.4 LTS, Hostname: wjl-5070ti-laptop
//Timestamp: 2026-04-10 18:43:23
//(c) Arne Vansteenkiste, Dynamat LAB, Ghent University, Belgium
//This is free software without any warranty. See license.txt
//********************************************************************//
//  If you use mumax in any work or publication,                      //
//  we kindly ask you to cite the references in references.bib        //
//********************************************************************//
//output directory: sw_srcZ_B1p0T.out/
//starting GUI at http://127.0.0.1:35367
CellSize := 0.5e-9
SetGridSize(100, 100, 100)
SetCellSize(CellSize, CellSize, CellSize)
DefRegion(1, XRange(22.5e-9, 25e-9))
DefRegion(2, XRange(-25e-9, -22.5e-9))
DefRegion(3, YRange(22.5e-9, 25e-9))
DefRegion(4, YRange(-25e-9, -22.5e-9))
DefRegion(5, ZRange(22.5e-9, 25e-9))
DefRegion(6, ZRange(-25e-9, -22.5e-9))
DefRegion(7, ZRange(-10e-9, -9.5e-9))
EnableDemag = false
MaxErr = 1e-4
Ms := 1.5e5
Msat = Ms
A_base := 5e-12
Aex = A_base
Dbulk = 0
Dind = 0
Ku1 = 1e4
anisU = vector(0, 0, 1)
alpha = 0.001
alpha.setRegion(1, 100)
alpha.setRegion(2, 100)
alpha.setRegion(3, 100)
alpha.setRegion(4, 100)
alpha.setRegion(5, 100)
alpha.setRegion(6, 100)
A_J4 := A_base * (-0.082)
Coeff_J4 := A_J4 * 2.0 / (Ms * CellSize * CellSize)
sum_J4 := Add(Shifted(m, 2, 0, 0), Shifted(m, -2, 0, 0))
sum_J4 = Add(sum_J4, Shifted(m, 0, 2, 0))
sum_J4 = Add(sum_J4, Shifted(m, 0, -2, 0))
sum_J4 = Add(sum_J4, Shifted(m, 0, 0, 2))
sum_J4 = Add(sum_J4, Shifted(m, 0, 0, -2))
AddFieldTerm(Mul(Const(Coeff_J4), sum_J4))
A_J2 := A_base * (-0.164)
Coeff_J2 := A_J2 * 2.0 / (Ms * CellSize * CellSize)
sum_J2 := Add(Shifted(m, 1, 1, 0), Shifted(m, 1, -1, 0))
sum_J2 = Add(sum_J2, Shifted(m, -1, 1, 0))
sum_J2 = Add(sum_J2, Shifted(m, -1, -1, 0))
sum_J2 = Add(sum_J2, Shifted(m, 0, 1, 1))
sum_J2 = Add(sum_J2, Shifted(m, 0, 1, -1))
sum_J2 = Add(sum_J2, Shifted(m, 0, -1, 1))
sum_J2 = Add(sum_J2, Shifted(m, 0, -1, -1))
sum_J2 = Add(sum_J2, Shifted(m, 1, 0, 1))
sum_J2 = Add(sum_J2, Shifted(m, 1, 0, -1))
sum_J2 = Add(sum_J2, Shifted(m, -1, 0, 1))
sum_J2 = Add(sum_J2, Shifted(m, -1, 0, -1))
AddFieldTerm(Mul(Const(Coeff_J2), sum_J2))
m.LoadFile("/mnt/d/Research/Hopfion/20260105_frustrated_fm/centered_stability_test/stability_Ku10k.out/m000020.ovf")
f_sw := 1100e9 * 2 * pi
B_ext.setRegion(7, Vector(1.0*sin(f_sw*t), 0, 0))
autosave(m, 5e-12)
tableautosave(1e-12)
TableAdd(E_Total)
run(0.5e-9)
//********************************************************************//
//Please cite the following references, relevant for your simulation. //
//See bibtex file in output folder for justification.                 //
//********************************************************************//
//   * Vansteenkiste et al., AIP Adv. 4, 107133 (2014).

=== srcZ B=1p5T @1100GHz ===
//mumax 3.11.1 [linux_amd64 go1.24.0(gc) CUDA-12.8]
//commit hash: 549d2a52
//CPU info: Intel(R) Core(TM) i7-14650HX, Cores: 12, MHz: 2419.210
//GPU info: NVIDIA GeForce RTX 5070 Ti Laptop GPU(12226MB), CUDA Driver 12.8, cc=12.0, using cc=120 PTX
//OS  info: Ubuntu 24.04.4 LTS, Hostname: wjl-5070ti-laptop
//Timestamp: 2026-04-10 21:55:50
//(c) Arne Vansteenkiste, Dynamat LAB, Ghent University, Belgium
//This is free software without any warranty. See license.txt
//********************************************************************//
//  If you use mumax in any work or publication,                      //
//  we kindly ask you to cite the references in references.bib        //
//********************************************************************//
//output directory: sw_srcZ_B1p5T.out/
//starting GUI at http://127.0.0.1:35367
CellSize := 0.5e-9
SetGridSize(100, 100, 100)
SetCellSize(CellSize, CellSize, CellSize)
DefRegion(1, XRange(22.5e-9, 25e-9))
DefRegion(2, XRange(-25e-9, -22.5e-9))
DefRegion(3, YRange(22.5e-9, 25e-9))
DefRegion(4, YRange(-25e-9, -22.5e-9))
DefRegion(5, ZRange(22.5e-9, 25e-9))
DefRegion(6, ZRange(-25e-9, -22.5e-9))
DefRegion(7, ZRange(-10e-9, -9.5e-9))
EnableDemag = false
MaxErr = 1e-4
Ms := 1.5e5
Msat = Ms
A_base := 5e-12
Aex = A_base
Dbulk = 0
Dind = 0
Ku1 = 1e4
anisU = vector(0, 0, 1)
alpha = 0.001
alpha.setRegion(1, 100)
alpha.setRegion(2, 100)
alpha.setRegion(3, 100)
alpha.setRegion(4, 100)
alpha.setRegion(5, 100)
alpha.setRegion(6, 100)
A_J4 := A_base * (-0.082)
Coeff_J4 := A_J4 * 2.0 / (Ms * CellSize * CellSize)
sum_J4 := Add(Shifted(m, 2, 0, 0), Shifted(m, -2, 0, 0))
sum_J4 = Add(sum_J4, Shifted(m, 0, 2, 0))
sum_J4 = Add(sum_J4, Shifted(m, 0, -2, 0))
sum_J4 = Add(sum_J4, Shifted(m, 0, 0, 2))
sum_J4 = Add(sum_J4, Shifted(m, 0, 0, -2))
AddFieldTerm(Mul(Const(Coeff_J4), sum_J4))
A_J2 := A_base * (-0.164)
Coeff_J2 := A_J2 * 2.0 / (Ms * CellSize * CellSize)
sum_J2 := Add(Shifted(m, 1, 1, 0), Shifted(m, 1, -1, 0))
sum_J2 = Add(sum_J2, Shifted(m, -1, 1, 0))
sum_J2 = Add(sum_J2, Shifted(m, -1, -1, 0))
sum_J2 = Add(sum_J2, Shifted(m, 0, 1, 1))
sum_J2 = Add(sum_J2, Shifted(m, 0, 1, -1))
sum_J2 = Add(sum_J2, Shifted(m, 0, -1, 1))
sum_J2 = Add(sum_J2, Shifted(m, 0, -1, -1))
sum_J2 = Add(sum_J2, Shifted(m, 1, 0, 1))
sum_J2 = Add(sum_J2, Shifted(m, 1, 0, -1))
sum_J2 = Add(sum_J2, Shifted(m, -1, 0, 1))
sum_J2 = Add(sum_J2, Shifted(m, -1, 0, -1))
AddFieldTerm(Mul(Const(Coeff_J2), sum_J2))
m.LoadFile("/mnt/d/Research/Hopfion/20260105_frustrated_fm/centered_stability_test/stability_Ku10k.out/m000020.ovf")
f_sw := 1100e9 * 2 * pi
B_ext.setRegion(7, Vector(1.5*sin(f_sw*t), 0, 0))
autosave(m, 5e-12)
tableautosave(1e-12)
TableAdd(E_Total)
run(0.5e-9)
Terminated

=== srcZ B=2p0T @1100GHz ===
//mumax 3.11.1 [linux_amd64 go1.24.0(gc) CUDA-12.8]
//commit hash: 549d2a52
//CPU info: Intel(R) Core(TM) i7-14650HX, Cores: 12, MHz: 2419.210
//GPU info: NVIDIA GeForce RTX 5070 Ti Laptop GPU(12226MB), CUDA Driver 12.8, cc=12.0, using cc=120 PTX
//OS  info: Ubuntu 24.04.4 LTS, Hostname: wjl-5070ti-laptop
//Timestamp: 2026-04-10 23:00:21
//(c) Arne Vansteenkiste, Dynamat LAB, Ghent University, Belgium
//This is free software without any warranty. See license.txt
//********************************************************************//
//  If you use mumax in any work or publication,                      //
//  we kindly ask you to cite the references in references.bib        //
//********************************************************************//
//output directory: sw_srcZ_B2p0T.out/
//starting GUI at http://127.0.0.1:35367
CellSize := 0.5e-9
SetGridSize(100, 100, 100)
SetCellSize(CellSize, CellSize, CellSize)
DefRegion(1, XRange(22.5e-9, 25e-9))
DefRegion(2, XRange(-25e-9, -22.5e-9))
DefRegion(3, YRange(22.5e-9, 25e-9))
DefRegion(4, YRange(-25e-9, -22.5e-9))
DefRegion(5, ZRange(22.5e-9, 25e-9))
DefRegion(6, ZRange(-25e-9, -22.5e-9))
DefRegion(7, ZRange(-10e-9, -9.5e-9))
EnableDemag = false
MaxErr = 1e-4
Ms := 1.5e5
Msat = Ms
A_base := 5e-12
Aex = A_base
Dbulk = 0
Dind = 0
Ku1 = 1e4
anisU = vector(0, 0, 1)
alpha = 0.001
alpha.setRegion(1, 100)
alpha.setRegion(2, 100)
alpha.setRegion(3, 100)
alpha.setRegion(4, 100)
alpha.setRegion(5, 100)
alpha.setRegion(6, 100)
A_J4 := A_base * (-0.082)
Coeff_J4 := A_J4 * 2.0 / (Ms * CellSize * CellSize)
sum_J4 := Add(Shifted(m, 2, 0, 0), Shifted(m, -2, 0, 0))
sum_J4 = Add(sum_J4, Shifted(m, 0, 2, 0))
sum_J4 = Add(sum_J4, Shifted(m, 0, -2, 0))
sum_J4 = Add(sum_J4, Shifted(m, 0, 0, 2))
sum_J4 = Add(sum_J4, Shifted(m, 0, 0, -2))
AddFieldTerm(Mul(Const(Coeff_J4), sum_J4))
A_J2 := A_base * (-0.164)
Coeff_J2 := A_J2 * 2.0 / (Ms * CellSize * CellSize)
sum_J2 := Add(Shifted(m, 1, 1, 0), Shifted(m, 1, -1, 0))
sum_J2 = Add(sum_J2, Shifted(m, -1, 1, 0))
sum_J2 = Add(sum_J2, Shifted(m, -1, -1, 0))
sum_J2 = Add(sum_J2, Shifted(m, 0, 1, 1))
sum_J2 = Add(sum_J2, Shifted(m, 0, 1, -1))
sum_J2 = Add(sum_J2, Shifted(m, 0, -1, 1))
sum_J2 = Add(sum_J2, Shifted(m, 0, -1, -1))
sum_J2 = Add(sum_J2, Shifted(m, 1, 0, 1))
sum_J2 = Add(sum_J2, Shifted(m, 1, 0, -1))
sum_J2 = Add(sum_J2, Shifted(m, -1, 0, 1))
sum_J2 = Add(sum_J2, Shifted(m, -1, 0, -1))
AddFieldTerm(Mul(Const(Coeff_J2), sum_J2))
m.LoadFile("/mnt/d/Research/Hopfion/20260105_frustrated_fm/centered_stability_test/stability_Ku10k.out/m000020.ovf")
f_sw := 1100e9 * 2 * pi
B_ext.setRegion(7, Vector(2.0*sin(f_sw*t), 0, 0))
autosave(m, 5e-12)
tableautosave(1e-12)
TableAdd(E_Total)
run(0.5e-9)
