=== Unified Drift Experiment Runner ===
Start time: Mon Mar 23 07:14:13 CST 2026
Working dir: /mnt/d/Research/Hopfion/20260105_frustrated_fm/drift_experiments/unified_rerun

>>> Running bg_mz_axis_z.mx3 at Mon Mar 23 07:14:13 CST 2026
//mumax 3.11.1 [linux_amd64 go1.24.0(gc) CUDA-12.8]
//commit hash: 549d2a52
//CPU info: Intel(R) Core(TM) i7-14650HX, Cores: 12, MHz: 2419.209
//GPU info: NVIDIA GeForce RTX 5070 Ti Laptop GPU(12226MB), CUDA Driver 12.8, cc=12.0, using cc=120 PTX
//OS  info: Ubuntu 24.04.4 LTS, Hostname: wjl-5070ti-laptop
//Timestamp: 2026-03-23 07:14:14
//(c) Arne Vansteenkiste, Dynamat LAB, Ghent University, Belgium
//This is free software without any warranty. See license.txt
//********************************************************************//
//  If you use mumax in any work or publication,                      //
//  we kindly ask you to cite the references in references.bib        //
//********************************************************************//
//output directory: bg_mz_axis_z.out/
//starting GUI at http://127.0.0.1:35367
cellsize := 0.5e-9
Ms_val := 1.5e5
A_base := 5e-12
SetGridSize(100, 100, 100)
SetCellSize(cellsize, cellsize, cellsize)
SetPBC(1, 1, 1)
//resizing...
Msat = Ms_val
Aex = A_base
Dbulk = 0
Dind = 0
Ku1 = 0
EnableDemag = false
alpha = 0.2
A_J4 := A_base * (-0.082)
Coeff_J4 := A_J4 * 2.0 / (Ms_val * cellsize * cellsize)
sum_J4 := Add(Shifted(m, 2, 0, 0), Shifted(m, -2, 0, 0))
sum_J4 = Add(sum_J4, Shifted(m, 0, 2, 0))
sum_J4 = Add(sum_J4, Shifted(m, 0, -2, 0))
sum_J4 = Add(sum_J4, Shifted(m, 0, 0, 2))
sum_J4 = Add(sum_J4, Shifted(m, 0, 0, -2))
AddFieldTerm(Mul(Const(Coeff_J4), sum_J4))
A_J2 := A_base * (-0.164)
Coeff_J2 := A_J2 * 2.0 / (Ms_val * cellsize * cellsize)
sum_J2 := Add(Shifted(m, 1, 1, 0), Shifted(m, 1, -1, 0))
sum_J2 = Add(sum_J2, Shifted(m, -1, 1, 0))
sum_J2 = Add(sum_J2, Shifted(m, -1, -1, 0))
sum_J2 = Add(sum_J2, Shifted(m, 0, 1, 1))
sum_J2 = Add(sum_J2, Shifted(m, 0, 1, -1))
sum_J2 = Add(sum_J2, Shifted(m, 0, -1, 1))
sum_J2 = Add(sum_J2, Shifted(m, 0, -1, -1))
sum_J2 = Add(sum_J2, Shifted(m, 1, 0, 1))
sum_J2 = Add(sum_J2, Shifted(m, 1, 0, -1))
sum_J2 = Add(sum_J2, Shifted(m, -1, 0, 1))
sum_J2 = Add(sum_J2, Shifted(m, -1, 0, -1))
AddFieldTerm(Mul(Const(Coeff_J2), sum_J2))
m.LoadFile("/mnt/d/Research/Hopfion/20260105_frustrated_fm/drift_experiments/initial_states/hopfion_z_R3_r2.ovf")
autosave(m, 1e-10)
tableautosave(1e-11)
TableAdd(E_Total)
run(2e-9)
//********************************************************************//
//Please cite the following references, relevant for your simulation. //
//See bibtex file in output folder for justification.                 //
//********************************************************************//
//   * Vansteenkiste et al., AIP Adv. 4, 107133 (2014).
<<< Finished bg_mz_axis_z.mx3 at Mon Mar 23 13:17:43 CST 2026

>>> Running bg_mz_axis_x.mx3 at Mon Mar 23 13:17:43 CST 2026
//mumax 3.11.1 [linux_amd64 go1.24.0(gc) CUDA-12.8]
//commit hash: 549d2a52
//CPU info: Intel(R) Core(TM) i7-14650HX, Cores: 12, MHz: 2419.209
//GPU info: NVIDIA GeForce RTX 5070 Ti Laptop GPU(12226MB), CUDA Driver 12.8, cc=12.0, using cc=120 PTX
//OS  info: Ubuntu 24.04.4 LTS, Hostname: wjl-5070ti-laptop
//Timestamp: 2026-03-23 13:17:44
//(c) Arne Vansteenkiste, Dynamat LAB, Ghent University, Belgium
//This is free software without any warranty. See license.txt
//********************************************************************//
//  If you use mumax in any work or publication,                      //
//  we kindly ask you to cite the references in references.bib        //
//********************************************************************//
//output directory: bg_mz_axis_x.out/
//starting GUI at http://127.0.0.1:35367
cellsize := 0.5e-9
Ms_val := 1.5e5
A_base := 5e-12
SetGridSize(100, 100, 100)
SetCellSize(cellsize, cellsize, cellsize)
SetPBC(1, 1, 1)
//resizing...
Msat = Ms_val
Aex = A_base
Dbulk = 0
Dind = 0
Ku1 = 0
EnableDemag = false
alpha = 0.2
A_J4 := A_base * (-0.082)
Coeff_J4 := A_J4 * 2.0 / (Ms_val * cellsize * cellsize)
sum_J4 := Add(Shifted(m, 2, 0, 0), Shifted(m, -2, 0, 0))
sum_J4 = Add(sum_J4, Shifted(m, 0, 2, 0))
sum_J4 = Add(sum_J4, Shifted(m, 0, -2, 0))
sum_J4 = Add(sum_J4, Shifted(m, 0, 0, 2))
sum_J4 = Add(sum_J4, Shifted(m, 0, 0, -2))
AddFieldTerm(Mul(Const(Coeff_J4), sum_J4))
A_J2 := A_base * (-0.164)
Coeff_J2 := A_J2 * 2.0 / (Ms_val * cellsize * cellsize)
sum_J2 := Add(Shifted(m, 1, 1, 0), Shifted(m, 1, -1, 0))
sum_J2 = Add(sum_J2, Shifted(m, -1, 1, 0))
sum_J2 = Add(sum_J2, Shifted(m, -1, -1, 0))
sum_J2 = Add(sum_J2, Shifted(m, 0, 1, 1))
sum_J2 = Add(sum_J2, Shifted(m, 0, 1, -1))
sum_J2 = Add(sum_J2, Shifted(m, 0, -1, 1))
sum_J2 = Add(sum_J2, Shifted(m, 0, -1, -1))
sum_J2 = Add(sum_J2, Shifted(m, 1, 0, 1))
sum_J2 = Add(sum_J2, Shifted(m, 1, 0, -1))
sum_J2 = Add(sum_J2, Shifted(m, -1, 0, 1))
sum_J2 = Add(sum_J2, Shifted(m, -1, 0, -1))
AddFieldTerm(Mul(Const(Coeff_J2), sum_J2))
m.LoadFile("/mnt/d/Research/Hopfion/20260105_frustrated_fm/drift_experiments/initial_states/hopfion_xaxis_zbg_R3_r2.ovf")
autosave(m, 1e-10)
tableautosave(1e-11)
TableAdd(E_Total)
run(2e-9)
//********************************************************************//
//Please cite the following references, relevant for your simulation. //
//See bibtex file in output folder for justification.                 //
//********************************************************************//
//   * Vansteenkiste et al., AIP Adv. 4, 107133 (2014).
<<< Finished bg_mz_axis_x.mx3 at Mon Mar 23 18:59:24 CST 2026

>>> Running bg_my_axis_y.mx3 at Mon Mar 23 18:59:24 CST 2026
//mumax 3.11.1 [linux_amd64 go1.24.0(gc) CUDA-12.8]
//commit hash: 549d2a52
//CPU info: Intel(R) Core(TM) i7-14650HX, Cores: 12, MHz: 2419.209
//GPU info: NVIDIA GeForce RTX 5070 Ti Laptop GPU(12226MB), CUDA Driver 12.8, cc=12.0, using cc=120 PTX
//OS  info: Ubuntu 24.04.4 LTS, Hostname: wjl-5070ti-laptop
//Timestamp: 2026-03-23 18:59:25
//(c) Arne Vansteenkiste, Dynamat LAB, Ghent University, Belgium
//This is free software without any warranty. See license.txt
//********************************************************************//
//  If you use mumax in any work or publication,                      //
//  we kindly ask you to cite the references in references.bib        //
//********************************************************************//
//output directory: bg_my_axis_y.out/
//starting GUI at http://127.0.0.1:35367
cellsize := 0.5e-9
Ms_val := 1.5e5
A_base := 5e-12
SetGridSize(100, 100, 100)
SetCellSize(cellsize, cellsize, cellsize)
SetPBC(1, 1, 1)
//resizing...
Msat = Ms_val
Aex = A_base
Dbulk = 0
Dind = 0
Ku1 = 0
EnableDemag = false
alpha = 0.2
A_J4 := A_base * (-0.082)
Coeff_J4 := A_J4 * 2.0 / (Ms_val * cellsize * cellsize)
sum_J4 := Add(Shifted(m, 2, 0, 0), Shifted(m, -2, 0, 0))
sum_J4 = Add(sum_J4, Shifted(m, 0, 2, 0))
sum_J4 = Add(sum_J4, Shifted(m, 0, -2, 0))
sum_J4 = Add(sum_J4, Shifted(m, 0, 0, 2))
sum_J4 = Add(sum_J4, Shifted(m, 0, 0, -2))
AddFieldTerm(Mul(Const(Coeff_J4), sum_J4))
A_J2 := A_base * (-0.164)
Coeff_J2 := A_J2 * 2.0 / (Ms_val * cellsize * cellsize)
sum_J2 := Add(Shifted(m, 1, 1, 0), Shifted(m, 1, -1, 0))
sum_J2 = Add(sum_J2, Shifted(m, -1, 1, 0))
sum_J2 = Add(sum_J2, Shifted(m, -1, -1, 0))
sum_J2 = Add(sum_J2, Shifted(m, 0, 1, 1))
sum_J2 = Add(sum_J2, Shifted(m, 0, 1, -1))
sum_J2 = Add(sum_J2, Shifted(m, 0, -1, 1))
sum_J2 = Add(sum_J2, Shifted(m, 0, -1, -1))
sum_J2 = Add(sum_J2, Shifted(m, 1, 0, 1))
sum_J2 = Add(sum_J2, Shifted(m, 1, 0, -1))
sum_J2 = Add(sum_J2, Shifted(m, -1, 0, 1))
sum_J2 = Add(sum_J2, Shifted(m, -1, 0, -1))
AddFieldTerm(Mul(Const(Coeff_J2), sum_J2))
m.LoadFile("/mnt/d/Research/Hopfion/20260105_frustrated_fm/drift_experiments/initial_states/hopfion_y_R3_r2.ovf")
autosave(m, 1e-10)
tableautosave(1e-11)
TableAdd(E_Total)
run(2e-9)
<<< Finished bg_my_axis_y.mx3 at Mon Mar 23 22:01:58 CST 2026

>>> Running bg_mx_axis_x.mx3 at Mon Mar 23 22:01:58 CST 2026
//mumax 3.11.1 [linux_amd64 go1.24.0(gc) CUDA-12.8]
//commit hash: 549d2a52
//CPU info: Intel(R) Core(TM) i7-14650HX, Cores: 12, MHz: 2419.209
//GPU info: NVIDIA GeForce RTX 5070 Ti Laptop GPU(12226MB), CUDA Driver 12.8, cc=12.0, using cc=120 PTX
//OS  info: Ubuntu 24.04.4 LTS, Hostname: wjl-5070ti-laptop
//Timestamp: 2026-03-23 22:01:59
//(c) Arne Vansteenkiste, Dynamat LAB, Ghent University, Belgium
//This is free software without any warranty. See license.txt
//********************************************************************//
//  If you use mumax in any work or publication,                      //
//  we kindly ask you to cite the references in references.bib        //
//********************************************************************//
//output directory: bg_mx_axis_x.out/
//starting GUI at http://127.0.0.1:35367
cellsize := 0.5e-9
Ms_val := 1.5e5
A_base := 5e-12
SetGridSize(100, 100, 100)
SetCellSize(cellsize, cellsize, cellsize)
SetPBC(1, 1, 1)
//resizing...
Msat = Ms_val
Aex = A_base
Dbulk = 0
Dind = 0
Ku1 = 0
EnableDemag = false
alpha = 0.2
A_J4 := A_base * (-0.082)
Coeff_J4 := A_J4 * 2.0 / (Ms_val * cellsize * cellsize)
sum_J4 := Add(Shifted(m, 2, 0, 0), Shifted(m, -2, 0, 0))
sum_J4 = Add(sum_J4, Shifted(m, 0, 2, 0))
sum_J4 = Add(sum_J4, Shifted(m, 0, -2, 0))
sum_J4 = Add(sum_J4, Shifted(m, 0, 0, 2))
sum_J4 = Add(sum_J4, Shifted(m, 0, 0, -2))
AddFieldTerm(Mul(Const(Coeff_J4), sum_J4))
A_J2 := A_base * (-0.164)
Coeff_J2 := A_J2 * 2.0 / (Ms_val * cellsize * cellsize)
sum_J2 := Add(Shifted(m, 1, 1, 0), Shifted(m, 1, -1, 0))
sum_J2 = Add(sum_J2, Shifted(m, -1, 1, 0))
sum_J2 = Add(sum_J2, Shifted(m, -1, -1, 0))
sum_J2 = Add(sum_J2, Shifted(m, 0, 1, 1))
sum_J2 = Add(sum_J2, Shifted(m, 0, 1, -1))
sum_J2 = Add(sum_J2, Shifted(m, 0, -1, 1))
sum_J2 = Add(sum_J2, Shifted(m, 0, -1, -1))
sum_J2 = Add(sum_J2, Shifted(m, 1, 0, 1))
sum_J2 = Add(sum_J2, Shifted(m, 1, 0, -1))
sum_J2 = Add(sum_J2, Shifted(m, -1, 0, 1))
sum_J2 = Add(sum_J2, Shifted(m, -1, 0, -1))
AddFieldTerm(Mul(Const(Coeff_J2), sum_J2))
m.LoadFile("/mnt/d/Research/Hopfion/20260105_frustrated_fm/drift_experiments/initial_states/hopfion_x_R3_r2.ovf")
autosave(m, 1e-10)
tableautosave(1e-11)
TableAdd(E_Total)
run(2e-9)
